hasu Thu Oct  8 02:38:35 AM UTC 2026 kvm: crw-rw-rw- 1 root kvm 10, 232 Oct  7 22:38 /dev/kvm cpu: model name	: 12th Gen Intel(R) Core(TM) i7-12700KF
QEMU emulator version 11.1.0
mpx3-boreutils round 1 rc=0 PASS=20 FAIL=0 SKIP=0 boots=4 accel=      4 accel=kvm 
mpx3-boreutils round 2 rc=0 PASS=20 FAIL=0 SKIP=0 boots=4 accel=      4 accel=kvm 
mpx3-boreutils round 3 rc=0 PASS=20 FAIL=0 SKIP=0 boots=4 accel=      4 accel=kvm 
mpx3-boreutils round 4 rc=0 PASS=20 FAIL=0 SKIP=0 boots=4 accel=      4 accel=kvm 
mpx3-boreutils round 5 rc=0 PASS=20 FAIL=0 SKIP=0 boots=4 accel=      4 accel=kvm 
mpx3-boreutils round 6 rc=0 PASS=20 FAIL=0 SKIP=0 boots=4 accel=      4 accel=kvm 
mpx3-boreutils round 7 rc=0 PASS=20 FAIL=0 SKIP=0 boots=4 accel=      4 accel=kvm 
mpx3-boreutils round 8 rc=1 PASS=19 FAIL=1 SKIP=0 boots=4 accel=      4 accel=kvm 
mpx3-loader round 1 rc=0 PASS=32 FAIL=0 SKIP=0 boots=4 accel=      4 accel=kvm 
mpx3-loader round 2 rc=0 PASS=32 FAIL=0 SKIP=0 boots=4 accel=      4 accel=kvm 
mpx3-user round 1 rc=0 PASS=32 FAIL=0 SKIP=0 boots=12 accel=     12 accel=kvm 
mkw round 1 rc=0 PASS=12 FAIL=0 SKIP=0 boots=12 accel=     12 accel=kvm 
mpx1 round 1 rc=0 PASS=20 FAIL=0 SKIP=0 boots=12 accel=     12 accel=kvm 
mpx2-frames round 1 rc=0 PASS=36 FAIL=0 SKIP=0 boots=16 accel=     16 accel=kvm 
mpx2-paging round 1 rc=0 PASS=24 FAIL=0 SKIP=0 boots=4 accel=      4 accel=kvm 
mpx2-interrupts round 1 rc=0 PASS=24 FAIL=0 SKIP=0 boots=20 accel=     20 accel=kvm 
mpx2-sched round 1 rc=0 PASS=28 FAIL=0 SKIP=0 boots=8 accel=      8 accel=kvm 
mpx2-heap round 1 rc=0 PASS=42 FAIL=0 SKIP=0 boots=24 accel=     24 accel=kvm 
