mpx3-boreutils: PASS B1 native kmain_boreutils bios: the module, 85275896 bytes, 13 entries, each listed with its size
mpx3-boreutils: PASS B2 native kmain_boreutils bios: 16 commands, each one's output and exit status byte-identical to Linux's (0,0,0,0,0,0,0,0,0,0,0,0,0,1,1,1)
mpx3-boreutils: PASS B3 native kmain_boreutils bios: every command's frames back; frames each took: 321 327 570 334 329 332 326 334 327 329 327 323 570 327 327 329
mpx3-boreutils: PASS B4 native kmain_boreutils bios: -ENOSYS only for set_robust_list (273) and rseq (334); nothing refused
mpx3-boreutils: PASS B5 native kmain_boreutils bios: 16 commands, 19 ticks in ring 3; qemu-halt: HALTED in pax_halt (RIP ffffffff8000019a, unchanged a second later; IF clear; serial still at 10425 bytes; accel tcg; quit -> 0)
mpx3-boreutils: PASS B1 release kmain_boreutils bios: the module, 85275896 bytes, 13 entries, each listed with its size
mpx3-boreutils: PASS B2 release kmain_boreutils bios: 16 commands, each one's output and exit status byte-identical to Linux's (0,0,0,0,0,0,0,0,0,0,0,0,0,1,1,1)
mpx3-boreutils: PASS B3 release kmain_boreutils bios: every command's frames back; frames each took: 321 327 570 334 329 332 326 334 327 329 327 323 570 327 327 329
mpx3-boreutils: PASS B4 release kmain_boreutils bios: -ENOSYS only for set_robust_list (273) and rseq (334); nothing refused
mpx3-boreutils: PASS B5 release kmain_boreutils bios: 16 commands, 17 ticks in ring 3; qemu-halt: HALTED in pax_halt (RIP ffffffff8000019a, unchanged a second later; IF clear; serial still at 10417 bytes; accel tcg; quit -> 0)
mpx3-boreutils: PASS B1 native kmain_boreutils uefi: the module, 85275896 bytes, 13 entries, each listed with its size
mpx3-boreutils: PASS B2 native kmain_boreutils uefi: 16 commands, each one's output and exit status byte-identical to Linux's (0,0,0,0,0,0,0,0,0,0,0,0,0,1,1,1)
mpx3-boreutils: PASS B3 native kmain_boreutils uefi: every command's frames back; frames each took: 321 327 570 334 329 332 326 334 327 329 327 323 570 327 327 329
mpx3-boreutils: PASS B4 native kmain_boreutils uefi: -ENOSYS only for set_robust_list (273) and rseq (334); nothing refused
mpx3-boreutils: PASS B5 native kmain_boreutils uefi: 16 commands, 21 ticks in ring 3; qemu-halt: HALTED in pax_halt (RIP ffffffff8000019a, unchanged a second later; IF clear; serial still at 10687 bytes; accel tcg; quit -> 0)
mpx3-boreutils: PASS B1 release kmain_boreutils uefi: the module, 85275896 bytes, 13 entries, each listed with its size
mpx3-boreutils: PASS B2 release kmain_boreutils uefi: 16 commands, each one's output and exit status byte-identical to Linux's (0,0,0,0,0,0,0,0,0,0,0,0,0,1,1,1)
mpx3-boreutils: PASS B3 release kmain_boreutils uefi: every command's frames back; frames each took: 321 327 570 334 329 332 326 334 327 329 327 323 570 327 327 329
mpx3-boreutils: PASS B4 release kmain_boreutils uefi: -ENOSYS only for set_robust_list (273) and rseq (334); nothing refused
mpx3-boreutils: PASS B5 release kmain_boreutils uefi: 16 commands, 17 ticks in ring 3; qemu-halt: HALTED in pax_halt (RIP ffffffff8000019a, unchanged a second later; IF clear; serial still at 10687 bytes; accel tcg; quit -> 0)
native kmain_boreutils bios halt-status=0 accel=tcg serial=35343ccf4b08c34545459f959ef2d703fa029ec85dd1513074f4a77f6f0630a5 iso=bb296ffd236f30c098a55655e93e573047210e4a6b71739532b9417d5e7fe4fb
release kmain_boreutils bios halt-status=0 accel=tcg serial=ff462635d201e8c8f062ff9310a51eb2f72a099d1713fe4632c2aff40c5a009a iso=38153e26c4dd84d07aa2eca588fb324996c123254c1cecffe273310ca0d4f218
native kmain_boreutils uefi halt-status=0 accel=tcg serial=561f478db49aa658dd7414fc07aca5dfb5671d3faa72a28c2c11129cfe674f5a iso=bb296ffd236f30c098a55655e93e573047210e4a6b71739532b9417d5e7fe4fb
release kmain_boreutils uefi halt-status=0 accel=tcg serial=deb705d2d487472bf60cbbc560219738ec80f589e095cb2ce72ee02ee450c93c iso=38153e26c4dd84d07aa2eca588fb324996c123254c1cecffe273310ca0d4f218
mpx3-boreutils: mpx3-boreutils: PASS
boot rc 0
