mpx3-boreutils: PASS B1 native kmain_boreutils bios: the module, 85275896 bytes, 13 entries, each listed with its size
mpx3-boreutils: FAIL B2 native kmain_boreutils bios: 9 (/bin/cat etc/words): output differs from Linux's: 1,6c1|< alpha|< bravo|< charlie|< delta|< echo|; 9 (/bin/cat etc/words): exit 1 on PAX, 0 on Linux;
mpx3-boreutils: PASS B3 native kmain_boreutils bios: every command's frames back; frames each took: 321 327 570 334 329 332 326 334 327 329 327 323 570 327 327 329
mpx3-boreutils: PASS B4 native kmain_boreutils bios: -ENOSYS only for set_robust_list (273) and rseq (334); nothing refused
mpx3-boreutils: PASS B5 native kmain_boreutils bios: 16 commands, 21 ticks in ring 3; qemu-halt: HALTED in pax_halt (RIP ffffffff8000019a, unchanged a second later; IF clear; serial still at 10408 bytes; accel tcg; quit -> 0)
mpx3-boreutils: PASS B1 release kmain_boreutils bios: the module, 85275896 bytes, 13 entries, each listed with its size
mpx3-boreutils: FAIL B2 release kmain_boreutils bios: 9 (/bin/cat etc/words): output differs from Linux's: 1,6c1|< alpha|< bravo|< charlie|< delta|< echo|; 9 (/bin/cat etc/words): exit 1 on PAX, 0 on Linux;
mpx3-boreutils: PASS B3 release kmain_boreutils bios: every command's frames back; frames each took: 321 327 570 334 329 332 326 334 327 329 327 323 570 327 327 329
mpx3-boreutils: PASS B4 release kmain_boreutils bios: -ENOSYS only for set_robust_list (273) and rseq (334); nothing refused
mpx3-boreutils: PASS B5 release kmain_boreutils bios: 16 commands, 17 ticks in ring 3; qemu-halt: HALTED in pax_halt (RIP ffffffff8000019a, unchanged a second later; IF clear; serial still at 10408 bytes; accel tcg; quit -> 0)
mpx3-boreutils: PASS B1 native kmain_boreutils uefi: the module, 85275896 bytes, 13 entries, each listed with its size
mpx3-boreutils: FAIL B2 native kmain_boreutils uefi: 9 (/bin/cat etc/words): output differs from Linux's: 1,6c1|< alpha|< bravo|< charlie|< delta|< echo|; 9 (/bin/cat etc/words): exit 1 on PAX, 0 on Linux;
mpx3-boreutils: PASS B3 native kmain_boreutils uefi: every command's frames back; frames each took: 321 327 570 334 329 332 326 334 327 329 327 323 570 327 327 329
mpx3-boreutils: PASS B4 native kmain_boreutils uefi: -ENOSYS only for set_robust_list (273) and rseq (334); nothing refused
mpx3-boreutils: PASS B5 native kmain_boreutils uefi: 16 commands, 21 ticks in ring 3; qemu-halt: HALTED in pax_halt (RIP ffffffff8000019a, unchanged a second later; IF clear; serial still at 10678 bytes; accel tcg; quit -> 0)
mpx3-boreutils: PASS B1 release kmain_boreutils uefi: the module, 85275896 bytes, 13 entries, each listed with its size
mpx3-boreutils: FAIL B2 release kmain_boreutils uefi: 9 (/bin/cat etc/words): output differs from Linux's: 1,6c1|< alpha|< bravo|< charlie|< delta|< echo|; 9 (/bin/cat etc/words): exit 1 on PAX, 0 on Linux;
mpx3-boreutils: PASS B3 release kmain_boreutils uefi: every command's frames back; frames each took: 321 327 570 334 329 332 326 334 327 329 327 323 570 327 327 329
mpx3-boreutils: PASS B4 release kmain_boreutils uefi: -ENOSYS only for set_robust_list (273) and rseq (334); nothing refused
mpx3-boreutils: PASS B5 release kmain_boreutils uefi: 16 commands, 17 ticks in ring 3; qemu-halt: HALTED in pax_halt (RIP ffffffff8000019a, unchanged a second later; IF clear; serial still at 10678 bytes; accel tcg; quit -> 0)
native kmain_boreutils bios halt-status=0 accel=tcg serial=d192d2c5eae76963e5e7218b19cb0bfbde2eacccaf874ed5462b653cd81a3651 iso=a6ed898fede7d10907d393180ac9e794d1a7624d129c3fb3a64fc9f8b97516dc
release kmain_boreutils bios halt-status=0 accel=tcg serial=29ecdb387c6dde4c668d299e14728f57e90d78aa57c2733a887c43baa77f5903 iso=2940b50f1d62a823a971f901e919333aeba88345bee12d47b6fabed9a89bcb7e
native kmain_boreutils uefi halt-status=0 accel=tcg serial=cb041ab11f19261f9c64df4f81d2251dcc69fd8525e7de3df860e238d7784d78 iso=a6ed898fede7d10907d393180ac9e794d1a7624d129c3fb3a64fc9f8b97516dc
release kmain_boreutils uefi halt-status=0 accel=tcg serial=0f1aa514155d0b812ba0f66b715e9c92d5df99086b72a4e821d13eefce1cc49a iso=2940b50f1d62a823a971f901e919333aeba88345bee12d47b6fabed9a89bcb7e
mpx3-boreutils: mpx3-boreutils: FAIL
