:: Synchronizing package databases...
 core downloading...
 extra downloading...
:: Synchronizing package databases...
 core downloading...
 extra downloading...
:: Starting full system upgrade...
 there is nothing to do
resolving dependencies...
looking for conflicting packages...

Package (5)      New Version  Net Change  Download Size

extra/mailcap    2.1.54-3       0.11 MiB       0.03 MiB
extra/oniguruma  6.9.10-1       0.88 MiB       0.22 MiB
extra/jq         1.8.2-1        0.47 MiB       0.20 MiB
extra/nginx      1.30.5-1       1.68 MiB       0.64 MiB
extra/tree       2.3.2-1        0.09 MiB       0.04 MiB

Total Download Size:   1.13 MiB
Total Installed Size:  3.24 MiB

:: Proceed with installation? [Y/n] 
:: Retrieving packages...
 nginx-1.30.5-1-x86_64 downloading...
 oniguruma-6.9.10-1-x86_64 downloading...
 jq-1.8.2-1-x86_64 downloading...
 tree-2.3.2-1-x86_64 downloading...
 mailcap-2.1.54-3-any downloading...
checking keyring...
checking package integrity...
loading package files...
checking for file conflicts...
:: Processing package changes...
installing oniguruma...
installing jq...
installing tree...
installing mailcap...
installing nginx...
Optional dependencies for nginx
    nginx-mod-geoip: GeoIP support
    nginx-mod-image-filter: transform images
    nginx-mod-mail: proxy IMAP, POP and SMTP protocols
    nginx-mod-perl: perl variables and location handlers
    nginx-mod-stream: proxy TCP/UDP data streams
    nginx-mod-xslt: transform XML responses
:: Running post-transaction hooks...
(1/2) Reloading system manager configuration...
  Skipped: Current root is not booted.
(2/2) Arming ConditionNeedsUpdate...
Name            : jq
Version         : 1.8.2-1
Description     : Command-line JSON processor
Architecture    : x86_64
URL             : https://jqlang.github.io/jq/
Licenses        : MIT
Groups          : None
Provides        : None
Depends On      : glibc  oniguruma
Optional Deps   : None
Required By     : None
Optional For    : None
Conflicts With  : None
Replaces        : None
Installed Size  : 480.87 KiB
Packager        : Felix Yan <felixonmars@archlinux.org>
Build Date      : Sat Jun 20 17:10:39 2026
Install Date    : Sun Oct  4 02:27:21 2026
Install Reason  : Explicitly installed
Install Script  : No
Validated By    : Signature

warning: tree: /usr/share/man (No such file or directory)
tree: 7 total files, 1 altered file
checking dependencies...

Package (1)  Old Version  Net Change

tree         2.3.2-1       -0.09 MiB

Total Removed Size:  0.09 MiB

:: Do you want to remove these packages? [Y/n] 
:: Processing package changes...
removing tree...
:: Running post-transaction hooks...
(1/1) Arming ConditionNeedsUpdate...
