mpx3-console: PASS T1 native bios ask-serial: console: com1 irq 4 vector 36, i8042 0x61 -> 0x61 irq 1 vector 33, 8259 master mask 0xec; iflag 0x100 oflag 0x05 cflag 0xbf lflag 0x8a3a
mpx3-console: PASS T2 native bios ask-serial: the typed session byte-identical to Linux's (18 lines, c2343cb186a7…), exit 0
mpx3-console: PASS T3 native bios ask-serial: 73 typed through serial, all counted there (console: 73 bytes from com1, 0 keys (0 scancodes) from the keyboard, 14 reads, 14 waited, 0 dropped)
mpx3-console: FAIL T4 native bios ask-serial: -ENOSYS for '', not '273 334';
mpx3-console: PASS T5 native bios ask-serial: init ended, status 0; qemu-halt: HALTED in pax_halt (RIP ffffffff8000019a, unchanged a second later; IF clear; serial still at 2127 bytes; accel tcg; quit -> 0)
mpx3-console: PASS T1 native bios ask-ps2: console: com1 irq 4 vector 36, i8042 0x61 -> 0x61 irq 1 vector 33, 8259 master mask 0xec; iflag 0x100 oflag 0x05 cflag 0xbf lflag 0x8a3a
mpx3-console: PASS T2 native bios ask-ps2: the typed session byte-identical to Linux's (18 lines, c2343cb186a7…), exit 0
mpx3-console: PASS T3 native bios ask-ps2: 73 typed through ps2, all counted there (console: 0 bytes from com1, 73 keys (164 scancodes) from the keyboard, 14 reads, 14 waited, 0 dropped)
mpx3-console: FAIL T4 native bios ask-ps2: -ENOSYS for '', not '273 334';
mpx3-console: PASS T5 native bios ask-ps2: init ended, status 0; qemu-halt: HALTED in pax_halt (RIP ffffffff8000019a, unchanged a second later; IF clear; serial still at 2129 bytes; accel tcg; quit -> 0)
mpx3-console: PASS T1 native bios pelt-serial: console: com1 irq 4 vector 36, i8042 0x61 -> 0x61 irq 1 vector 33, 8259 master mask 0xec; iflag 0x100 oflag 0x05 cflag 0xbf lflag 0x8a3a
mpx3-console: PASS T2 native bios pelt-serial: the typed session byte-identical to Linux's (8 lines, 9d6c6a37bd58…), exit 0
mpx3-console: PASS T3 native bios pelt-serial: 66 typed through serial, all counted there (console: 66 bytes from com1, 0 keys (0 scancodes) from the keyboard, 66 reads, 5 waited, 0 dropped)
mpx3-console: PASS T4 native bios pelt-serial: -ENOSYS only 273 334; refused: nothing
mpx3-console: PASS T5 native bios pelt-serial: init ended, status 0; qemu-halt: HALTED in pax_halt (RIP ffffffff8000019a, unchanged a second later; IF clear; serial still at 1642 bytes; accel tcg; quit -> 0)
mpx3-console: PASS T1 native bios pelt-eof-serial: console: com1 irq 4 vector 36, i8042 0x61 -> 0x61 irq 1 vector 33, 8259 master mask 0xec; iflag 0x100 oflag 0x05 cflag 0xbf lflag 0x8a3a
mpx3-console: PASS T2 native bios pelt-eof-serial: the typed session byte-identical to Linux's (3 lines, d35e1c897dc9…), exit 0
mpx3-console: PASS T3 native bios pelt-eof-serial: 9 typed through serial, all counted there (console: 9 bytes from com1, 0 keys (0 scancodes) from the keyboard, 9 reads, 2 waited, 0 dropped)
mpx3-console: PASS T4 native bios pelt-eof-serial: -ENOSYS only 273 334; refused: nothing
mpx3-console: PASS T5 native bios pelt-eof-serial: init ended, status 0; qemu-halt: HALTED in pax_halt (RIP ffffffff8000019a, unchanged a second later; IF clear; serial still at 1562 bytes; accel tcg; quit -> 0)
mpx3-console: PASS T1 native bios pelt-eof-ps2: console: com1 irq 4 vector 36, i8042 0x61 -> 0x61 irq 1 vector 33, 8259 master mask 0xec; iflag 0x100 oflag 0x05 cflag 0xbf lflag 0x8a3a
mpx3-console: PASS T2 native bios pelt-eof-ps2: the typed session byte-identical to Linux's (3 lines, d35e1c897dc9…), exit 0
mpx3-console: PASS T3 native bios pelt-eof-ps2: 9 typed through ps2, all counted there (console: 0 bytes from com1, 9 keys (18 scancodes) from the keyboard, 9 reads, 2 waited, 0 dropped)
mpx3-console: PASS T4 native bios pelt-eof-ps2: -ENOSYS only 273 334; refused: nothing
mpx3-console: PASS T5 native bios pelt-eof-ps2: init ended, status 0; qemu-halt: HALTED in pax_halt (RIP ffffffff8000019a, unchanged a second later; IF clear; serial still at 1563 bytes; accel tcg; quit -> 0)
native kmain_console bios ask-serial halt-status=0 accel=tcg serial=2073aa076b7fefb9d36d567152dd6ce59f981330f3b4d90dbcb6b3f50b3ab719 iso=b62444637ccf292e35b3f4e34640514e7d86b2cc6c7ba7d0c70fd31aa998ce37
native kmain_console bios ask-ps2 halt-status=0 accel=tcg serial=cb7e596f442bad42904a0104c6002faae19d603f4e7ffcb5542307d37fcd36f9 iso=b62444637ccf292e35b3f4e34640514e7d86b2cc6c7ba7d0c70fd31aa998ce37
native kmain_console bios pelt-serial halt-status=0 accel=tcg serial=fab8ae8f889fe3eff2fbf1b228c7fbf0604a6fb379222920b0417d8d68e98464 iso=0a568ef6ddaeaea073c201819db9c10a2d635bdaaa745a8a56e38ab4b1385535
native kmain_console bios pelt-eof-serial halt-status=0 accel=tcg serial=6743f3b20389717e202755c2ee54ef8e01b2b9fa9788aafe167e5fb27d884768 iso=0a568ef6ddaeaea073c201819db9c10a2d635bdaaa745a8a56e38ab4b1385535
native kmain_console bios pelt-eof-ps2 halt-status=0 accel=tcg serial=5c479d81a4ad676b9fc663959ba6874ea16228fc208494af71e0bd4098aa1f1d iso=0a568ef6ddaeaea073c201819db9c10a2d635bdaaa745a8a56e38ab4b1385535
mpx3-console: mpx3-console: FAIL
boot rc 1
