mpx3-console: PASS T1 native bios ask-serial: console: com1 irq 4 vector 36, i8042 0x61 -> 0x61 irq 1 vector 33, 8259 master mask 0xec; iflag 0x100 oflag 0x05 cflag 0xbf lflag 0x8a3a
mpx3-console: PASS T2 native bios ask-serial: the typed session byte-identical to Linux's (18 lines, c2343cb186a7…), exit 0
mpx3-console: PASS T3 native bios ask-serial: 73 typed through serial, all counted there (console: 73 bytes from com1, 0 keys (0 scancodes) from the keyboard, 14 reads, 14 waited, 0 dropped)
mpx3-console: PASS T4 native bios ask-serial: -ENOSYS only for 'nothing'; refused: syscall 16: refused: tty ioctl 0x0000000000005499, -ENOTTY
mpx3-console: PASS T5 native bios ask-serial: init ended, status 0; qemu-halt: HALTED in pax_halt (RIP ffffffff8000019a, unchanged a second later; IF clear; serial still at 2127 bytes; accel tcg; quit -> 0)
mpx3-console: PASS T1 native bios ask-ps2: console: com1 irq 4 vector 36, i8042 0x61 -> 0x61 irq 1 vector 33, 8259 master mask 0xec; iflag 0x100 oflag 0x05 cflag 0xbf lflag 0x8a3a
mpx3-console: PASS T2 native bios ask-ps2: the typed session byte-identical to Linux's (18 lines, c2343cb186a7…), exit 0
mpx3-console: PASS T3 native bios ask-ps2: 73 typed through ps2, all counted there (console: 0 bytes from com1, 73 keys (164 scancodes) from the keyboard, 14 reads, 14 waited, 0 dropped)
mpx3-console: PASS T4 native bios ask-ps2: -ENOSYS only for 'nothing'; refused: syscall 16: refused: tty ioctl 0x0000000000005499, -ENOTTY
mpx3-console: PASS T5 native bios ask-ps2: init ended, status 0; qemu-halt: HALTED in pax_halt (RIP ffffffff8000019a, unchanged a second later; IF clear; serial still at 2129 bytes; accel tcg; quit -> 0)
mpx3-console: PASS T1 native bios pelt-serial: console: com1 irq 4 vector 36, i8042 0x61 -> 0x61 irq 1 vector 33, 8259 master mask 0xec; iflag 0x100 oflag 0x05 cflag 0xbf lflag 0x8a3a
mpx3-console: PASS T2 native bios pelt-serial: the typed session byte-identical to Linux's (8 lines, 9d6c6a37bd58…), exit 0
mpx3-console: PASS T3 native bios pelt-serial: 66 typed through serial, all counted there (console: 66 bytes from com1, 0 keys (0 scancodes) from the keyboard, 66 reads, 5 waited, 0 dropped)
mpx3-console: PASS T4 native bios pelt-serial: -ENOSYS only for '273 334'; refused: nothing
mpx3-console: PASS T5 native bios pelt-serial: init ended, status 0; qemu-halt: HALTED in pax_halt (RIP ffffffff8000019a, unchanged a second later; IF clear; serial still at 1642 bytes; accel tcg; quit -> 0)
mpx3-console: PASS T1 native bios pelt-eof-serial: console: com1 irq 4 vector 36, i8042 0x61 -> 0x61 irq 1 vector 33, 8259 master mask 0xec; iflag 0x100 oflag 0x05 cflag 0xbf lflag 0x8a3a
mpx3-console: PASS T2 native bios pelt-eof-serial: the typed session byte-identical to Linux's (3 lines, d35e1c897dc9…), exit 0
mpx3-console: PASS T3 native bios pelt-eof-serial: 9 typed through serial, all counted there (console: 9 bytes from com1, 0 keys (0 scancodes) from the keyboard, 9 reads, 2 waited, 0 dropped)
mpx3-console: PASS T4 native bios pelt-eof-serial: -ENOSYS only for '273 334'; refused: nothing
mpx3-console: PASS T5 native bios pelt-eof-serial: init ended, status 0; qemu-halt: HALTED in pax_halt (RIP ffffffff8000019a, unchanged a second later; IF clear; serial still at 1562 bytes; accel tcg; quit -> 0)
mpx3-console: PASS T1 native bios pelt-eof-ps2: console: com1 irq 4 vector 36, i8042 0x61 -> 0x61 irq 1 vector 33, 8259 master mask 0xec; iflag 0x100 oflag 0x05 cflag 0xbf lflag 0x8a3a
mpx3-console: PASS T2 native bios pelt-eof-ps2: the typed session byte-identical to Linux's (3 lines, d35e1c897dc9…), exit 0
mpx3-console: PASS T3 native bios pelt-eof-ps2: 9 typed through ps2, all counted there (console: 0 bytes from com1, 9 keys (18 scancodes) from the keyboard, 9 reads, 2 waited, 0 dropped)
mpx3-console: PASS T4 native bios pelt-eof-ps2: -ENOSYS only for '273 334'; refused: nothing
mpx3-console: PASS T5 native bios pelt-eof-ps2: init ended, status 0; qemu-halt: HALTED in pax_halt (RIP ffffffff8000019a, unchanged a second later; IF clear; serial still at 1563 bytes; accel tcg; quit -> 0)
mpx3-console: PASS T1 release bios ask-serial: console: com1 irq 4 vector 36, i8042 0x61 -> 0x61 irq 1 vector 33, 8259 master mask 0xec; iflag 0x100 oflag 0x05 cflag 0xbf lflag 0x8a3a
mpx3-console: PASS T2 release bios ask-serial: the typed session byte-identical to Linux's (18 lines, c2343cb186a7…), exit 0
mpx3-console: PASS T3 release bios ask-serial: 73 typed through serial, all counted there (console: 73 bytes from com1, 0 keys (0 scancodes) from the keyboard, 14 reads, 14 waited, 0 dropped)
mpx3-console: PASS T4 release bios ask-serial: -ENOSYS only for 'nothing'; refused: syscall 16: refused: tty ioctl 0x0000000000005499, -ENOTTY
mpx3-console: PASS T5 release bios ask-serial: init ended, status 0; qemu-halt: HALTED in pax_halt (RIP ffffffff8000019a, unchanged a second later; IF clear; serial still at 2127 bytes; accel tcg; quit -> 0)
mpx3-console: PASS T1 release bios ask-ps2: console: com1 irq 4 vector 36, i8042 0x61 -> 0x61 irq 1 vector 33, 8259 master mask 0xec; iflag 0x100 oflag 0x05 cflag 0xbf lflag 0x8a3a
mpx3-console: PASS T2 release bios ask-ps2: the typed session byte-identical to Linux's (18 lines, c2343cb186a7…), exit 0
mpx3-console: PASS T3 release bios ask-ps2: 73 typed through ps2, all counted there (console: 0 bytes from com1, 73 keys (164 scancodes) from the keyboard, 14 reads, 14 waited, 0 dropped)
mpx3-console: PASS T4 release bios ask-ps2: -ENOSYS only for 'nothing'; refused: syscall 16: refused: tty ioctl 0x0000000000005499, -ENOTTY
mpx3-console: PASS T5 release bios ask-ps2: init ended, status 0; qemu-halt: HALTED in pax_halt (RIP ffffffff8000019a, unchanged a second later; IF clear; serial still at 2129 bytes; accel tcg; quit -> 0)
mpx3-console: PASS T1 release bios pelt-serial: console: com1 irq 4 vector 36, i8042 0x61 -> 0x61 irq 1 vector 33, 8259 master mask 0xec; iflag 0x100 oflag 0x05 cflag 0xbf lflag 0x8a3a
mpx3-console: PASS T2 release bios pelt-serial: the typed session byte-identical to Linux's (8 lines, 9d6c6a37bd58…), exit 0
mpx3-console: PASS T3 release bios pelt-serial: 66 typed through serial, all counted there (console: 66 bytes from com1, 0 keys (0 scancodes) from the keyboard, 66 reads, 5 waited, 0 dropped)
mpx3-console: PASS T4 release bios pelt-serial: -ENOSYS only for '273 334'; refused: nothing
mpx3-console: PASS T5 release bios pelt-serial: init ended, status 0; qemu-halt: HALTED in pax_halt (RIP ffffffff8000019a, unchanged a second later; IF clear; serial still at 1642 bytes; accel tcg; quit -> 0)
mpx3-console: PASS T1 release bios pelt-eof-serial: console: com1 irq 4 vector 36, i8042 0x61 -> 0x61 irq 1 vector 33, 8259 master mask 0xec; iflag 0x100 oflag 0x05 cflag 0xbf lflag 0x8a3a
mpx3-console: PASS T2 release bios pelt-eof-serial: the typed session byte-identical to Linux's (3 lines, d35e1c897dc9…), exit 0
mpx3-console: PASS T3 release bios pelt-eof-serial: 9 typed through serial, all counted there (console: 9 bytes from com1, 0 keys (0 scancodes) from the keyboard, 9 reads, 2 waited, 0 dropped)
mpx3-console: PASS T4 release bios pelt-eof-serial: -ENOSYS only for '273 334'; refused: nothing
mpx3-console: PASS T5 release bios pelt-eof-serial: init ended, status 0; qemu-halt: HALTED in pax_halt (RIP ffffffff8000019a, unchanged a second later; IF clear; serial still at 1562 bytes; accel tcg; quit -> 0)
mpx3-console: PASS T1 release bios pelt-eof-ps2: console: com1 irq 4 vector 36, i8042 0x61 -> 0x61 irq 1 vector 33, 8259 master mask 0xec; iflag 0x100 oflag 0x05 cflag 0xbf lflag 0x8a3a
mpx3-console: PASS T2 release bios pelt-eof-ps2: the typed session byte-identical to Linux's (3 lines, d35e1c897dc9…), exit 0
mpx3-console: PASS T3 release bios pelt-eof-ps2: 9 typed through ps2, all counted there (console: 0 bytes from com1, 9 keys (18 scancodes) from the keyboard, 9 reads, 2 waited, 0 dropped)
mpx3-console: PASS T4 release bios pelt-eof-ps2: -ENOSYS only for '273 334'; refused: nothing
mpx3-console: PASS T5 release bios pelt-eof-ps2: init ended, status 0; qemu-halt: HALTED in pax_halt (RIP ffffffff8000019a, unchanged a second later; IF clear; serial still at 1563 bytes; accel tcg; quit -> 0)
mpx3-console: PASS T1 native uefi ask-serial: console: com1 irq 4 vector 36, i8042 0x67 -> 0x65 irq 1 vector 33, 8259 master mask 0xec; iflag 0x100 oflag 0x05 cflag 0xbf lflag 0x8a3a
mpx3-console: PASS T2 native uefi ask-serial: the typed session byte-identical to Linux's (18 lines, c2343cb186a7…), exit 0
mpx3-console: PASS T3 native uefi ask-serial: 73 typed through serial, all counted there (console: 73 bytes from com1, 0 keys (0 scancodes) from the keyboard, 14 reads, 14 waited, 0 dropped)
mpx3-console: PASS T4 native uefi ask-serial: -ENOSYS only for 'nothing'; refused: syscall 16: refused: tty ioctl 0x0000000000005499, -ENOTTY
mpx3-console: PASS T5 native uefi ask-serial: init ended, status 0; qemu-halt: HALTED in pax_halt (RIP ffffffff8000019a, unchanged a second later; IF clear; serial still at 2398 bytes; accel tcg; quit -> 0)
mpx3-console: PASS T1 native uefi ask-ps2: console: com1 irq 4 vector 36, i8042 0x67 -> 0x65 irq 1 vector 33, 8259 master mask 0xec; iflag 0x100 oflag 0x05 cflag 0xbf lflag 0x8a3a
mpx3-console: PASS T2 native uefi ask-ps2: the typed session byte-identical to Linux's (18 lines, c2343cb186a7…), exit 0
mpx3-console: PASS T3 native uefi ask-ps2: 73 typed through ps2, all counted there (console: 0 bytes from com1, 73 keys (164 scancodes) from the keyboard, 14 reads, 14 waited, 0 dropped)
mpx3-console: PASS T4 native uefi ask-ps2: -ENOSYS only for 'nothing'; refused: syscall 16: refused: tty ioctl 0x0000000000005499, -ENOTTY
mpx3-console: PASS T5 native uefi ask-ps2: init ended, status 0; qemu-halt: HALTED in pax_halt (RIP ffffffff8000019a, unchanged a second later; IF clear; serial still at 2400 bytes; accel tcg; quit -> 0)
mpx3-console: PASS T1 native uefi pelt-serial: console: com1 irq 4 vector 36, i8042 0x67 -> 0x65 irq 1 vector 33, 8259 master mask 0xec; iflag 0x100 oflag 0x05 cflag 0xbf lflag 0x8a3a
mpx3-console: PASS T2 native uefi pelt-serial: the typed session byte-identical to Linux's (8 lines, 9d6c6a37bd58…), exit 0
mpx3-console: PASS T3 native uefi pelt-serial: 66 typed through serial, all counted there (console: 66 bytes from com1, 0 keys (0 scancodes) from the keyboard, 66 reads, 5 waited, 0 dropped)
mpx3-console: PASS T4 native uefi pelt-serial: -ENOSYS only for '273 334'; refused: nothing
mpx3-console: PASS T5 native uefi pelt-serial: init ended, status 0; qemu-halt: HALTED in pax_halt (RIP ffffffff8000019a, unchanged a second later; IF clear; serial still at 1912 bytes; accel tcg; quit -> 0)
mpx3-console: PASS T1 native uefi pelt-eof-serial: console: com1 irq 4 vector 36, i8042 0x67 -> 0x65 irq 1 vector 33, 8259 master mask 0xec; iflag 0x100 oflag 0x05 cflag 0xbf lflag 0x8a3a
mpx3-console: PASS T2 native uefi pelt-eof-serial: the typed session byte-identical to Linux's (3 lines, d35e1c897dc9…), exit 0
mpx3-console: PASS T3 native uefi pelt-eof-serial: 9 typed through serial, all counted there (console: 9 bytes from com1, 0 keys (0 scancodes) from the keyboard, 9 reads, 2 waited, 0 dropped)
mpx3-console: PASS T4 native uefi pelt-eof-serial: -ENOSYS only for '273 334'; refused: nothing
mpx3-console: PASS T5 native uefi pelt-eof-serial: init ended, status 0; qemu-halt: HALTED in pax_halt (RIP ffffffff8000019a, unchanged a second later; IF clear; serial still at 1832 bytes; accel tcg; quit -> 0)
mpx3-console: PASS T1 native uefi pelt-eof-ps2: console: com1 irq 4 vector 36, i8042 0x67 -> 0x65 irq 1 vector 33, 8259 master mask 0xec; iflag 0x100 oflag 0x05 cflag 0xbf lflag 0x8a3a
mpx3-console: PASS T2 native uefi pelt-eof-ps2: the typed session byte-identical to Linux's (3 lines, d35e1c897dc9…), exit 0
mpx3-console: PASS T3 native uefi pelt-eof-ps2: 9 typed through ps2, all counted there (console: 0 bytes from com1, 9 keys (18 scancodes) from the keyboard, 9 reads, 2 waited, 0 dropped)
mpx3-console: PASS T4 native uefi pelt-eof-ps2: -ENOSYS only for '273 334'; refused: nothing
mpx3-console: PASS T5 native uefi pelt-eof-ps2: init ended, status 0; qemu-halt: HALTED in pax_halt (RIP ffffffff8000019a, unchanged a second later; IF clear; serial still at 1833 bytes; accel tcg; quit -> 0)
mpx3-console: PASS T1 release uefi ask-serial: console: com1 irq 4 vector 36, i8042 0x67 -> 0x65 irq 1 vector 33, 8259 master mask 0xec; iflag 0x100 oflag 0x05 cflag 0xbf lflag 0x8a3a
mpx3-console: PASS T2 release uefi ask-serial: the typed session byte-identical to Linux's (18 lines, c2343cb186a7…), exit 0
mpx3-console: PASS T3 release uefi ask-serial: 73 typed through serial, all counted there (console: 73 bytes from com1, 0 keys (0 scancodes) from the keyboard, 14 reads, 14 waited, 0 dropped)
mpx3-console: PASS T4 release uefi ask-serial: -ENOSYS only for 'nothing'; refused: syscall 16: refused: tty ioctl 0x0000000000005499, -ENOTTY
mpx3-console: PASS T5 release uefi ask-serial: init ended, status 0; qemu-halt: HALTED in pax_halt (RIP ffffffff8000019a, unchanged a second later; IF clear; serial still at 2398 bytes; accel tcg; quit -> 0)
mpx3-console: PASS T1 release uefi ask-ps2: console: com1 irq 4 vector 36, i8042 0x67 -> 0x65 irq 1 vector 33, 8259 master mask 0xec; iflag 0x100 oflag 0x05 cflag 0xbf lflag 0x8a3a
mpx3-console: PASS T2 release uefi ask-ps2: the typed session byte-identical to Linux's (18 lines, c2343cb186a7…), exit 0
mpx3-console: PASS T3 release uefi ask-ps2: 73 typed through ps2, all counted there (console: 0 bytes from com1, 73 keys (164 scancodes) from the keyboard, 14 reads, 14 waited, 0 dropped)
mpx3-console: PASS T4 release uefi ask-ps2: -ENOSYS only for 'nothing'; refused: syscall 16: refused: tty ioctl 0x0000000000005499, -ENOTTY
mpx3-console: PASS T5 release uefi ask-ps2: init ended, status 0; qemu-halt: HALTED in pax_halt (RIP ffffffff8000019a, unchanged a second later; IF clear; serial still at 2400 bytes; accel tcg; quit -> 0)
mpx3-console: PASS T1 release uefi pelt-serial: console: com1 irq 4 vector 36, i8042 0x67 -> 0x65 irq 1 vector 33, 8259 master mask 0xec; iflag 0x100 oflag 0x05 cflag 0xbf lflag 0x8a3a
mpx3-console: PASS T2 release uefi pelt-serial: the typed session byte-identical to Linux's (8 lines, 9d6c6a37bd58…), exit 0
mpx3-console: PASS T3 release uefi pelt-serial: 66 typed through serial, all counted there (console: 66 bytes from com1, 0 keys (0 scancodes) from the keyboard, 66 reads, 5 waited, 0 dropped)
mpx3-console: PASS T4 release uefi pelt-serial: -ENOSYS only for '273 334'; refused: nothing
mpx3-console: PASS T5 release uefi pelt-serial: init ended, status 0; qemu-halt: HALTED in pax_halt (RIP ffffffff8000019a, unchanged a second later; IF clear; serial still at 1912 bytes; accel tcg; quit -> 0)
mpx3-console: PASS T1 release uefi pelt-eof-serial: console: com1 irq 4 vector 36, i8042 0x67 -> 0x65 irq 1 vector 33, 8259 master mask 0xec; iflag 0x100 oflag 0x05 cflag 0xbf lflag 0x8a3a
mpx3-console: PASS T2 release uefi pelt-eof-serial: the typed session byte-identical to Linux's (3 lines, d35e1c897dc9…), exit 0
mpx3-console: PASS T3 release uefi pelt-eof-serial: 9 typed through serial, all counted there (console: 9 bytes from com1, 0 keys (0 scancodes) from the keyboard, 9 reads, 2 waited, 0 dropped)
mpx3-console: PASS T4 release uefi pelt-eof-serial: -ENOSYS only for '273 334'; refused: nothing
mpx3-console: PASS T5 release uefi pelt-eof-serial: init ended, status 0; qemu-halt: HALTED in pax_halt (RIP ffffffff8000019a, unchanged a second later; IF clear; serial still at 1832 bytes; accel tcg; quit -> 0)
mpx3-console: PASS T1 release uefi pelt-eof-ps2: console: com1 irq 4 vector 36, i8042 0x67 -> 0x65 irq 1 vector 33, 8259 master mask 0xec; iflag 0x100 oflag 0x05 cflag 0xbf lflag 0x8a3a
mpx3-console: PASS T2 release uefi pelt-eof-ps2: the typed session byte-identical to Linux's (3 lines, d35e1c897dc9…), exit 0
mpx3-console: PASS T3 release uefi pelt-eof-ps2: 9 typed through ps2, all counted there (console: 0 bytes from com1, 9 keys (18 scancodes) from the keyboard, 9 reads, 2 waited, 0 dropped)
mpx3-console: PASS T4 release uefi pelt-eof-ps2: -ENOSYS only for '273 334'; refused: nothing
mpx3-console: PASS T5 release uefi pelt-eof-ps2: init ended, status 0; qemu-halt: HALTED in pax_halt (RIP ffffffff8000019a, unchanged a second later; IF clear; serial still at 1833 bytes; accel tcg; quit -> 0)
native kmain_console bios ask-serial halt-status=0 accel=tcg serial=2073aa076b7fefb9d36d567152dd6ce59f981330f3b4d90dbcb6b3f50b3ab719 iso=31dada2c30eeb2e985f462acde894debc439d6c38c3ff0235fba3b019b95969e
native kmain_console bios ask-ps2 halt-status=0 accel=tcg serial=cb7e596f442bad42904a0104c6002faae19d603f4e7ffcb5542307d37fcd36f9 iso=31dada2c30eeb2e985f462acde894debc439d6c38c3ff0235fba3b019b95969e
native kmain_console bios pelt-serial halt-status=0 accel=tcg serial=fab8ae8f889fe3eff2fbf1b228c7fbf0604a6fb379222920b0417d8d68e98464 iso=1ad1f46dd8458c088565a9ea496ee34a54db1f45d158e078f083951cce45e9af
native kmain_console bios pelt-eof-serial halt-status=0 accel=tcg serial=6743f3b20389717e202755c2ee54ef8e01b2b9fa9788aafe167e5fb27d884768 iso=1ad1f46dd8458c088565a9ea496ee34a54db1f45d158e078f083951cce45e9af
native kmain_console bios pelt-eof-ps2 halt-status=0 accel=tcg serial=5c479d81a4ad676b9fc663959ba6874ea16228fc208494af71e0bd4098aa1f1d iso=1ad1f46dd8458c088565a9ea496ee34a54db1f45d158e078f083951cce45e9af
release kmain_console bios ask-serial halt-status=0 accel=tcg serial=ee23f7de500e4196ec08d043e0a4671704e0a254a214f25e9462c8ceb3ada3f0 iso=7963b085913847f76928d24f1735a21d6777f7bd10dbd724806579178f9bb187
release kmain_console bios ask-ps2 halt-status=0 accel=tcg serial=d5983d593204653ba26d7302fafc1f7965aabc60dc3e0e76d9e8fd1c153e96f0 iso=7963b085913847f76928d24f1735a21d6777f7bd10dbd724806579178f9bb187
release kmain_console bios pelt-serial halt-status=0 accel=tcg serial=1eff22a7083650ce55acbf3f9a8b8ac6835fbdddb8ff9b28d95b2403975b3957 iso=0f6195323a80982a5d2fe11b42aa6d1eb038e44141669614e76937b0f3710f37
release kmain_console bios pelt-eof-serial halt-status=0 accel=tcg serial=a83a9a6d363d2bce3b6559b09e0b94341de4f281d3d823fbfcc9e91420ed31b4 iso=0f6195323a80982a5d2fe11b42aa6d1eb038e44141669614e76937b0f3710f37
release kmain_console bios pelt-eof-ps2 halt-status=0 accel=tcg serial=8407457727666f6cb2000ce13efeb9921cae0420f1c7b714c9d0544e87b4b53a iso=0f6195323a80982a5d2fe11b42aa6d1eb038e44141669614e76937b0f3710f37
native kmain_console uefi ask-serial halt-status=0 accel=tcg serial=c455dd434c332508e4718047b3cdd787521a0902c28a8fdba94634766b19de9e iso=31dada2c30eeb2e985f462acde894debc439d6c38c3ff0235fba3b019b95969e
native kmain_console uefi ask-ps2 halt-status=0 accel=tcg serial=a7e238f53bb024970b3fdbf39ec1780d076d70357576ff5ecb2d07c8f804199d iso=31dada2c30eeb2e985f462acde894debc439d6c38c3ff0235fba3b019b95969e
native kmain_console uefi pelt-serial halt-status=0 accel=tcg serial=d639528baa6441c2852601abcf89e5c1fc41c8b9fd568293806ca5f49c252cb0 iso=1ad1f46dd8458c088565a9ea496ee34a54db1f45d158e078f083951cce45e9af
native kmain_console uefi pelt-eof-serial halt-status=0 accel=tcg serial=3753d85ea7059c3a03326548d715517a077bf8e6745c9a2bd64fe46535040268 iso=1ad1f46dd8458c088565a9ea496ee34a54db1f45d158e078f083951cce45e9af
native kmain_console uefi pelt-eof-ps2 halt-status=0 accel=tcg serial=93accd5ab3d35aefdc48cdf6799d7e4d2c0a7c4f7943065835783127721e1b30 iso=1ad1f46dd8458c088565a9ea496ee34a54db1f45d158e078f083951cce45e9af
release kmain_console uefi ask-serial halt-status=0 accel=tcg serial=43b2b0702d639aa9dbe9cfff7dedf3c8a3edbbb41b7262a1bf727c7eb10d6757 iso=7963b085913847f76928d24f1735a21d6777f7bd10dbd724806579178f9bb187
release kmain_console uefi ask-ps2 halt-status=0 accel=tcg serial=1b41869cb9828fa6262a48dae9515903e29e0b1131b4f555f88dde24aca24cb6 iso=7963b085913847f76928d24f1735a21d6777f7bd10dbd724806579178f9bb187
release kmain_console uefi pelt-serial halt-status=0 accel=tcg serial=598d7c2ea068288d01878806f353e6c2fa9b6215d8b306bfa0b6860435d176fa iso=0f6195323a80982a5d2fe11b42aa6d1eb038e44141669614e76937b0f3710f37
release kmain_console uefi pelt-eof-serial halt-status=0 accel=tcg serial=38236c2935d5baa5eaad4044a7547345a72910f72671c2e2f0058442b95c5934 iso=0f6195323a80982a5d2fe11b42aa6d1eb038e44141669614e76937b0f3710f37
release kmain_console uefi pelt-eof-ps2 halt-status=0 accel=tcg serial=5b4bf06f5649799508054c1aa75a55c833e39b07dd8a87e3b6b8237134e91c07 iso=0f6195323a80982a5d2fe11b42aa6d1eb038e44141669614e76937b0f3710f37
mpx3-console: mpx3-console: PASS
