hasu Sat Oct 10 07:43:24 PM UTC 2026 kvm: crw-rw-rw- 1 root kvm 10, 232 Oct 10 14:50 /dev/kvm cpu: model name	: 12th Gen Intel(R) Core(TM) i7-12700KF
mpx4-net round 1 rc=0 PASS=80 FAIL=0 SKIP=0 boots=16      16 accel=kvm  qemu="QEMU emulator version 11.1.0"
mpx4-net: PASS N1 native bios net: 6 functions; pci 00:02.0 1af4:1000 class 02.00.00 rev 00 subsystem 1af4:0001 header 00 pin A line 11; caps 11@98 09@84 09@70 09@60 09@50 09@40; bar0 io 0x000000000000c040,bar1 mem32 0x00000000febd1000,bar4 mem64 prefetchable 0x00000000fe000000
mpx4-net: PASS N6 native bios net: 10000 requests, 10000 replies in 15 ticks (63508 exchanges/s); frames free 64731 -> 64731, heap pages 0 -> 0, live blocks 0 -> 0, net frames 66 -> 66
mpx4-net: PASS N7 native bios net: 20000 frames of 60 bytes at 1369967 frames/s, 5000 of 1514 at 833439 frames/s, 64 of 64 buffers back after each
mpx4-net: PASS N6 native bios modern: 10000 requests, 10000 replies in 15 ticks (64277 exchanges/s); frames free 64731 -> 64731, heap pages 0 -> 0, live blocks 0 -> 0, net frames 66 -> 66
mpx4-net: PASS N7 native bios modern: 20000 frames of 60 bytes at 1286022 frames/s, 5000 of 1514 at 769405 frames/s, 64 of 64 buffers back after each
mpx4-net: PASS N1 release bios net: 6 functions; pci 00:02.0 1af4:1000 class 02.00.00 rev 00 subsystem 1af4:0001 header 00 pin A line 11; caps 11@98 09@84 09@70 09@60 09@50 09@40; bar0 io 0x000000000000c040,bar1 mem32 0x00000000febd1000,bar4 mem64 prefetchable 0x00000000fe000000
mpx4-net: PASS N6 release bios net: 10000 requests, 10000 replies in 14 ticks (70812 exchanges/s); frames free 64800 -> 64800, heap pages 0 -> 0, live blocks 0 -> 0, net frames 66 -> 66
mpx4-net: PASS N7 release bios net: 20000 frames of 60 bytes at 1293645 frames/s, 5000 of 1514 at 769760 frames/s, 64 of 64 buffers back after each
mpx4-net: PASS N6 release bios modern: 10000 requests, 10000 replies in 13 ticks (72173 exchanges/s); frames free 64800 -> 64800, heap pages 0 -> 0, live blocks 0 -> 0, net frames 66 -> 66
mpx4-net: PASS N7 release bios modern: 20000 frames of 60 bytes at 1338555 frames/s, 5000 of 1514 at 843674 frames/s, 64 of 64 buffers back after each
mpx4-net: PASS N1 native uefi net: 6 functions; pci 00:02.0 1af4:1000 class 02.00.00 rev 00 subsystem 1af4:0001 header 00 pin A line 11; caps 11@98 09@84 09@70 09@60 09@50 09@40; bar0 io 0x0000000000006060,bar1 mem32 0x0000000081041000,bar4 mem64 prefetchable 0x0000007000000000
mpx4-net: PASS N6 native uefi net: 10000 requests, 10000 replies in 15 ticks (63775 exchanges/s); frames free 53780 -> 53780, heap pages 0 -> 0, live blocks 0 -> 0, net frames 66 -> 66
mpx4-net: PASS N7 native uefi net: 20000 frames of 60 bytes at 1377398 frames/s, 5000 of 1514 at 788974 frames/s, 64 of 64 buffers back after each
mpx4-net: PASS N6 native uefi modern: 10000 requests, 10000 replies in 15 ticks (64001 exchanges/s); frames free 53796 -> 53796, heap pages 0 -> 0, live blocks 0 -> 0, net frames 66 -> 66
mpx4-net: PASS N7 native uefi modern: 20000 frames of 60 bytes at 1342082 frames/s, 5000 of 1514 at 848680 frames/s, 64 of 64 buffers back after each
mpx4-net: PASS N1 release uefi net: 6 functions; pci 00:02.0 1af4:1000 class 02.00.00 rev 00 subsystem 1af4:0001 header 00 pin A line 11; caps 11@98 09@84 09@70 09@60 09@50 09@40; bar0 io 0x0000000000006060,bar1 mem32 0x0000000081041000,bar4 mem64 prefetchable 0x0000007000000000
mpx4-net: PASS N6 release uefi net: 10000 requests, 10000 replies in 14 ticks (69355 exchanges/s); frames free 53848 -> 53848, heap pages 0 -> 0, live blocks 0 -> 0, net frames 66 -> 66
mpx4-net: PASS N7 release uefi net: 20000 frames of 60 bytes at 1355847 frames/s, 5000 of 1514 at 809089 frames/s, 64 of 64 buffers back after each
mpx4-net: PASS N6 release uefi modern: 10000 requests, 10000 replies in 13 ticks (71424 exchanges/s); frames free 53864 -> 53864, heap pages 0 -> 0, live blocks 0 -> 0, net frames 66 -> 66
mpx4-net: PASS N7 release uefi modern: 20000 frames of 60 bytes at 1327899 frames/s, 5000 of 1514 at 842516 frames/s, 64 of 64 buffers back after each
mpx4-net round 2 rc=0 PASS=80 FAIL=0 SKIP=0 boots=16      16 accel=kvm  qemu="QEMU emulator version 11.1.0"
mpx4-net: PASS N1 native bios net: 6 functions; pci 00:02.0 1af4:1000 class 02.00.00 rev 00 subsystem 1af4:0001 header 00 pin A line 11; caps 11@98 09@84 09@70 09@60 09@50 09@40; bar0 io 0x000000000000c040,bar1 mem32 0x00000000febd1000,bar4 mem64 prefetchable 0x00000000fe000000
mpx4-net: PASS N6 native bios net: 10000 requests, 10000 replies in 15 ticks (64855 exchanges/s); frames free 64731 -> 64731, heap pages 0 -> 0, live blocks 0 -> 0, net frames 66 -> 66
mpx4-net: PASS N7 native bios net: 20000 frames of 60 bytes at 1340768 frames/s, 5000 of 1514 at 794293 frames/s, 64 of 64 buffers back after each
mpx4-net: PASS N6 native bios modern: 10000 requests, 10000 replies in 15 ticks (63785 exchanges/s); frames free 64731 -> 64731, heap pages 0 -> 0, live blocks 0 -> 0, net frames 66 -> 66
mpx4-net: PASS N7 native bios modern: 20000 frames of 60 bytes at 1358999 frames/s, 5000 of 1514 at 795051 frames/s, 64 of 64 buffers back after each
mpx4-net: PASS N1 release bios net: 6 functions; pci 00:02.0 1af4:1000 class 02.00.00 rev 00 subsystem 1af4:0001 header 00 pin A line 11; caps 11@98 09@84 09@70 09@60 09@50 09@40; bar0 io 0x000000000000c040,bar1 mem32 0x00000000febd1000,bar4 mem64 prefetchable 0x00000000fe000000
mpx4-net: PASS N6 release bios net: 10000 requests, 10000 replies in 14 ticks (69085 exchanges/s); frames free 64800 -> 64800, heap pages 0 -> 0, live blocks 0 -> 0, net frames 66 -> 66
mpx4-net: PASS N7 release bios net: 20000 frames of 60 bytes at 1319542 frames/s, 5000 of 1514 at 841808 frames/s, 64 of 64 buffers back after each
mpx4-net: PASS N6 release bios modern: 10000 requests, 10000 replies in 13 ticks (72328 exchanges/s); frames free 64800 -> 64800, heap pages 0 -> 0, live blocks 0 -> 0, net frames 66 -> 66
mpx4-net: PASS N7 release bios modern: 20000 frames of 60 bytes at 1335882 frames/s, 5000 of 1514 at 845353 frames/s, 64 of 64 buffers back after each
mpx4-net: PASS N1 native uefi net: 6 functions; pci 00:02.0 1af4:1000 class 02.00.00 rev 00 subsystem 1af4:0001 header 00 pin A line 11; caps 11@98 09@84 09@70 09@60 09@50 09@40; bar0 io 0x0000000000006060,bar1 mem32 0x0000000081041000,bar4 mem64 prefetchable 0x0000007000000000
mpx4-net: PASS N6 native uefi net: 10000 requests, 10000 replies in 16 ticks (61583 exchanges/s); frames free 53796 -> 53796, heap pages 0 -> 0, live blocks 0 -> 0, net frames 66 -> 66
mpx4-net: PASS N7 native uefi net: 20000 frames of 60 bytes at 1360503 frames/s, 5000 of 1514 at 824006 frames/s, 64 of 64 buffers back after each
mpx4-net: PASS N6 native uefi modern: 10000 requests, 10000 replies in 15 ticks (63271 exchanges/s); frames free 53796 -> 53796, heap pages 0 -> 0, live blocks 0 -> 0, net frames 66 -> 66
mpx4-net: PASS N7 native uefi modern: 20000 frames of 60 bytes at 1303967 frames/s, 5000 of 1514 at 774468 frames/s, 64 of 64 buffers back after each
mpx4-net: PASS N1 release uefi net: 6 functions; pci 00:02.0 1af4:1000 class 02.00.00 rev 00 subsystem 1af4:0001 header 00 pin A line 11; caps 11@98 09@84 09@70 09@60 09@50 09@40; bar0 io 0x0000000000006060,bar1 mem32 0x0000000081041000,bar4 mem64 prefetchable 0x0000007000000000
mpx4-net: PASS N6 release uefi net: 10000 requests, 10000 replies in 14 ticks (70554 exchanges/s); frames free 53864 -> 53864, heap pages 0 -> 0, live blocks 0 -> 0, net frames 66 -> 66
mpx4-net: PASS N7 release uefi net: 20000 frames of 60 bytes at 1333233 frames/s, 5000 of 1514 at 827539 frames/s, 64 of 64 buffers back after each
mpx4-net: PASS N6 release uefi modern: 10000 requests, 10000 replies in 14 ticks (70240 exchanges/s); frames free 53864 -> 53864, heap pages 0 -> 0, live blocks 0 -> 0, net frames 66 -> 66
mpx4-net: PASS N7 release uefi modern: 20000 frames of 60 bytes at 1341722 frames/s, 5000 of 1514 at 810059 frames/s, 64 of 64 buffers back after each
mpx4-net round 3 rc=0 PASS=80 FAIL=0 SKIP=0 boots=16      16 accel=kvm  qemu="QEMU emulator version 11.1.0"
mpx4-net: PASS N1 native bios net: 6 functions; pci 00:02.0 1af4:1000 class 02.00.00 rev 00 subsystem 1af4:0001 header 00 pin A line 11; caps 11@98 09@84 09@70 09@60 09@50 09@40; bar0 io 0x000000000000c040,bar1 mem32 0x00000000febd1000,bar4 mem64 prefetchable 0x00000000fe000000
mpx4-net: PASS N6 native bios net: 10000 requests, 10000 replies in 16 ticks (61893 exchanges/s); frames free 64731 -> 64731, heap pages 0 -> 0, live blocks 0 -> 0, net frames 66 -> 66
mpx4-net: PASS N7 native bios net: 20000 frames of 60 bytes at 1383147 frames/s, 5000 of 1514 at 862804 frames/s, 64 of 64 buffers back after each
mpx4-net: PASS N6 native bios modern: 10000 requests, 10000 replies in 16 ticks (60840 exchanges/s); frames free 64731 -> 64731, heap pages 0 -> 0, live blocks 0 -> 0, net frames 66 -> 66
mpx4-net: PASS N7 native bios modern: 20000 frames of 60 bytes at 1386286 frames/s, 5000 of 1514 at 846405 frames/s, 64 of 64 buffers back after each
mpx4-net: PASS N1 release bios net: 6 functions; pci 00:02.0 1af4:1000 class 02.00.00 rev 00 subsystem 1af4:0001 header 00 pin A line 11; caps 11@98 09@84 09@70 09@60 09@50 09@40; bar0 io 0x000000000000c040,bar1 mem32 0x00000000febd1000,bar4 mem64 prefetchable 0x00000000fe000000
mpx4-net: PASS N6 release bios net: 10000 requests, 10000 replies in 13 ticks (71695 exchanges/s); frames free 64800 -> 64800, heap pages 0 -> 0, live blocks 0 -> 0, net frames 66 -> 66
mpx4-net: PASS N7 release bios net: 20000 frames of 60 bytes at 1345400 frames/s, 5000 of 1514 at 822802 frames/s, 64 of 64 buffers back after each
mpx4-net: PASS N6 release bios modern: 10000 requests, 10000 replies in 14 ticks (70205 exchanges/s); frames free 64800 -> 64800, heap pages 0 -> 0, live blocks 0 -> 0, net frames 66 -> 66
mpx4-net: PASS N7 release bios modern: 20000 frames of 60 bytes at 1370884 frames/s, 5000 of 1514 at 817049 frames/s, 64 of 64 buffers back after each
mpx4-net: PASS N1 native uefi net: 6 functions; pci 00:02.0 1af4:1000 class 02.00.00 rev 00 subsystem 1af4:0001 header 00 pin A line 11; caps 11@98 09@84 09@70 09@60 09@50 09@40; bar0 io 0x0000000000006060,bar1 mem32 0x0000000081041000,bar4 mem64 prefetchable 0x0000007000000000
mpx4-net: PASS N6 native uefi net: 10000 requests, 10000 replies in 15 ticks (63909 exchanges/s); frames free 53796 -> 53796, heap pages 0 -> 0, live blocks 0 -> 0, net frames 66 -> 66
mpx4-net: PASS N7 native uefi net: 20000 frames of 60 bytes at 1366819 frames/s, 5000 of 1514 at 845210 frames/s, 64 of 64 buffers back after each
mpx4-net: PASS N6 native uefi modern: 10000 requests, 10000 replies in 15 ticks (64113 exchanges/s); frames free 53796 -> 53796, heap pages 0 -> 0, live blocks 0 -> 0, net frames 66 -> 66
mpx4-net: PASS N7 native uefi modern: 20000 frames of 60 bytes at 1369598 frames/s, 5000 of 1514 at 792846 frames/s, 64 of 64 buffers back after each
mpx4-net: PASS N1 release uefi net: 6 functions; pci 00:02.0 1af4:1000 class 02.00.00 rev 00 subsystem 1af4:0001 header 00 pin A line 11; caps 11@98 09@84 09@70 09@60 09@50 09@40; bar0 io 0x0000000000006060,bar1 mem32 0x0000000081041000,bar4 mem64 prefetchable 0x0000007000000000
mpx4-net: PASS N6 release uefi net: 10000 requests, 10000 replies in 14 ticks (68912 exchanges/s); frames free 53864 -> 53864, heap pages 0 -> 0, live blocks 0 -> 0, net frames 66 -> 66
mpx4-net: PASS N7 release uefi net: 20000 frames of 60 bytes at 1337736 frames/s, 5000 of 1514 at 833972 frames/s, 64 of 64 buffers back after each
mpx4-net: PASS N6 release uefi modern: 10000 requests, 10000 replies in 14 ticks (68625 exchanges/s); frames free 53864 -> 53864, heap pages 0 -> 0, live blocks 0 -> 0, net frames 66 -> 66
mpx4-net: PASS N7 release uefi modern: 20000 frames of 60 bytes at 1335325 frames/s, 5000 of 1514 at 833730 frames/s, 64 of 64 buffers back after each
