mpx4-net: PASS N1 native bios net: 6 functions; pci 00:02.0 1af4:1000 class 02.00.00 rev 00 subsystem 1af4:0001 header 00 pin A line 11; caps 11@98 09@84 09@70 09@60 09@50 09@40; bar0 io 0x000000000000c040,bar1 mem32 0x00000000febd1000,bar4 mem64 prefetchable 0x00000000fe000000
mpx4-net: PASS N2 native bios net: 1af4:1000 at 00:02.0, bar4 0x00000000fe000000; offered 0x0000010130bf8024, taken 0x0000000100000020; receive 0x000000000011c000/0x000000000011c400/0x000000000011c488; transmit 0x000000000013d000/0x000000000013d400/0x000000000013d488 (16/2/4-aligned, one frame each); 52:54:00:12:34:56; line 11 vector 43 level (elcr 0c00 -> 0c00); 66 frames
mpx4-net: PASS N3 native bios net: arp: answered 10.0.2.2 (52:55:0a:00:02:02) after 8 ticks
mpx4-net: PASS N4 native bios net: arp: 10.0.2.2 is at 52:55:0a:00:02:02 (1 requests, 1 ticks)
mpx4-net: PASS N5 native bios net: pcap-net: 45005 frames from the gateway's request on: 35002 from PAX (1 reply, 10001 requests, 20000 + 5000 burst frames), 10003 from the gateway (1 request of 60 bytes, 10001 replies of 64 bytes, 1 IPv4 datagrams to port 7) [pcap 24629f9274d7…]
mpx4-net: PASS N6 native bios net: 10000 requests, 10000 replies in 15 ticks (63508 exchanges/s); frames free 64731 -> 64731, heap pages 0 -> 0, live blocks 0 -> 0, net frames 66 -> 66
mpx4-net: PASS N7 native bios net: 20000 frames of 60 bytes at 1369967 frames/s, 5000 of 1514 at 833439 frames/s, 64 of 64 buffers back after each
mpx4-net: PASS N8 native bios net: rx 10003 frames (1 IPv4 dropped by name, no other drop), tx 35002 frames 9370120 bytes (none refused), 10003 interrupts (0 idle), 35002 reclaimed, 10003 restocked, 64 of 64 free; the capture agrees (35002 from PAX, 10003 from the gateway)
mpx4-net: PASS N9 native bios net: halted: qemu-halt: HALTED in pax_halt (RIP ffffffff800001aa, unchanged a second later; IF clear; serial still at 2767 bytes; accel kvm; quit -> 0)
mpx4-net: PASS N1 native bios modern: 6 functions; pci 00:02.0 1af4:1041 class 02.00.00 rev 01 subsystem 1af4:1100 header 00 pin A line 11; caps 11@98 09@84 09@70 09@60 09@50 09@40; bar1 mem32 0x00000000febd1000,bar4 mem64 prefetchable 0x00000000fe000000
mpx4-net: PASS N2 native bios modern: 1af4:1041 at 00:02.0, bar4 0x00000000fe000000; offered 0x0000010130bf8024, taken 0x0000000100000020; receive 0x000000000011c000/0x000000000011c400/0x000000000011c488; transmit 0x000000000013d000/0x000000000013d400/0x000000000013d488 (16/2/4-aligned, one frame each); 52:54:00:12:34:56; line 11 vector 43 level (elcr 0c00 -> 0c00); 66 frames
mpx4-net: PASS N3 native bios modern: arp: answered 10.0.2.2 (52:55:0a:00:02:02) after 7 ticks
mpx4-net: PASS N4 native bios modern: arp: 10.0.2.2 is at 52:55:0a:00:02:02 (1 requests, 1 ticks)
mpx4-net: PASS N5 native bios modern: pcap-net: 45005 frames from the gateway's request on: 35002 from PAX (1 reply, 10001 requests, 20000 + 5000 burst frames), 10003 from the gateway (1 request of 60 bytes, 10001 replies of 64 bytes, 1 IPv4 datagrams to port 7) [pcap 5550b16d563e…]
mpx4-net: PASS N6 native bios modern: 10000 requests, 10000 replies in 15 ticks (64277 exchanges/s); frames free 64731 -> 64731, heap pages 0 -> 0, live blocks 0 -> 0, net frames 66 -> 66
mpx4-net: PASS N7 native bios modern: 20000 frames of 60 bytes at 1286022 frames/s, 5000 of 1514 at 769405 frames/s, 64 of 64 buffers back after each
mpx4-net: PASS N8 native bios modern: rx 10003 frames (1 IPv4 dropped by name, no other drop), tx 35002 frames 9370120 bytes (none refused), 10003 interrupts (0 idle), 35002 reclaimed, 10003 restocked, 64 of 64 free; the capture agrees (35002 from PAX, 10003 from the gateway)
mpx4-net: PASS N9 native bios modern: halted: qemu-halt: HALTED in pax_halt (RIP ffffffff800001aa, unchanged a second later; IF clear; serial still at 2727 bytes; accel kvm; quit -> 0)
mpx4-net: PASS N10 native bios absent: net: no virtio network device among 5 PCI functions; the network is off then halt, no panic; qemu-halt: HALTED in pax_halt (RIP ffffffff800001aa, unchanged a second later; IF clear; serial still at 937 bytes; accel kvm; quit -> 0)
mpx4-net: PASS N11 native bios legacy: net: refused: the device has no virtio 1.x common configuration capability (a legacy-only device); the network is off then halt, no panic; qemu-halt: HALTED in pax_halt (RIP ffffffff800001aa, unchanged a second later; IF clear; serial still at 1396 bytes; accel kvm; quit -> 0)
mpx4-net: PASS N1 release bios net: 6 functions; pci 00:02.0 1af4:1000 class 02.00.00 rev 00 subsystem 1af4:0001 header 00 pin A line 11; caps 11@98 09@84 09@70 09@60 09@50 09@40; bar0 io 0x000000000000c040,bar1 mem32 0x00000000febd1000,bar4 mem64 prefetchable 0x00000000fe000000
mpx4-net: PASS N2 release bios net: 1af4:1000 at 00:02.0, bar4 0x00000000fe000000; offered 0x0000010130bf8024, taken 0x0000000100000020; receive 0x000000000011c000/0x000000000011c400/0x000000000011c488; transmit 0x000000000013d000/0x000000000013d400/0x000000000013d488 (16/2/4-aligned, one frame each); 52:54:00:12:34:56; line 11 vector 43 level (elcr 0c00 -> 0c00); 66 frames
mpx4-net: PASS N3 release bios net: arp: answered 10.0.2.2 (52:55:0a:00:02:02) after 10 ticks
mpx4-net: PASS N4 release bios net: arp: 10.0.2.2 is at 52:55:0a:00:02:02 (1 requests, 1 ticks)
mpx4-net: PASS N5 release bios net: pcap-net: 45005 frames from the gateway's request on: 35002 from PAX (1 reply, 10001 requests, 20000 + 5000 burst frames), 10003 from the gateway (1 request of 60 bytes, 10001 replies of 64 bytes, 1 IPv4 datagrams to port 7) [pcap c71db8413d32…]
mpx4-net: PASS N6 release bios net: 10000 requests, 10000 replies in 14 ticks (70812 exchanges/s); frames free 64800 -> 64800, heap pages 0 -> 0, live blocks 0 -> 0, net frames 66 -> 66
mpx4-net: PASS N7 release bios net: 20000 frames of 60 bytes at 1293645 frames/s, 5000 of 1514 at 769760 frames/s, 64 of 64 buffers back after each
mpx4-net: PASS N8 release bios net: rx 10003 frames (1 IPv4 dropped by name, no other drop), tx 35002 frames 9370120 bytes (none refused), 10003 interrupts (0 idle), 35002 reclaimed, 10003 restocked, 64 of 64 free; the capture agrees (35002 from PAX, 10003 from the gateway)
mpx4-net: PASS N9 release bios net: halted: qemu-halt: HALTED in pax_halt (RIP ffffffff800001aa, unchanged a second later; IF clear; serial still at 2776 bytes; accel kvm; quit -> 0)
mpx4-net: PASS N1 release bios modern: 6 functions; pci 00:02.0 1af4:1041 class 02.00.00 rev 01 subsystem 1af4:1100 header 00 pin A line 11; caps 11@98 09@84 09@70 09@60 09@50 09@40; bar1 mem32 0x00000000febd1000,bar4 mem64 prefetchable 0x00000000fe000000
mpx4-net: PASS N2 release bios modern: 1af4:1041 at 00:02.0, bar4 0x00000000fe000000; offered 0x0000010130bf8024, taken 0x0000000100000020; receive 0x000000000011c000/0x000000000011c400/0x000000000011c488; transmit 0x000000000013d000/0x000000000013d400/0x000000000013d488 (16/2/4-aligned, one frame each); 52:54:00:12:34:56; line 11 vector 43 level (elcr 0c00 -> 0c00); 66 frames
mpx4-net: PASS N3 release bios modern: arp: answered 10.0.2.2 (52:55:0a:00:02:02) after 8 ticks
mpx4-net: PASS N4 release bios modern: arp: 10.0.2.2 is at 52:55:0a:00:02:02 (1 requests, 1 ticks)
mpx4-net: PASS N5 release bios modern: pcap-net: 45005 frames from the gateway's request on: 35002 from PAX (1 reply, 10001 requests, 20000 + 5000 burst frames), 10003 from the gateway (1 request of 60 bytes, 10001 replies of 64 bytes, 1 IPv4 datagrams to port 7) [pcap e43e45c5c561…]
mpx4-net: PASS N6 release bios modern: 10000 requests, 10000 replies in 13 ticks (72173 exchanges/s); frames free 64800 -> 64800, heap pages 0 -> 0, live blocks 0 -> 0, net frames 66 -> 66
mpx4-net: PASS N7 release bios modern: 20000 frames of 60 bytes at 1338555 frames/s, 5000 of 1514 at 843674 frames/s, 64 of 64 buffers back after each
mpx4-net: PASS N8 release bios modern: rx 10003 frames (1 IPv4 dropped by name, no other drop), tx 35002 frames 9370120 bytes (none refused), 10003 interrupts (0 idle), 35002 reclaimed, 10003 restocked, 64 of 64 free; the capture agrees (35002 from PAX, 10003 from the gateway)
mpx4-net: PASS N9 release bios modern: halted: qemu-halt: HALTED in pax_halt (RIP ffffffff800001aa, unchanged a second later; IF clear; serial still at 2735 bytes; accel kvm; quit -> 0)
mpx4-net: PASS N10 release bios absent: net: no virtio network device among 5 PCI functions; the network is off then halt, no panic; qemu-halt: HALTED in pax_halt (RIP ffffffff800001aa, unchanged a second later; IF clear; serial still at 937 bytes; accel kvm; quit -> 0)
mpx4-net: PASS N11 release bios legacy: net: refused: the device has no virtio 1.x common configuration capability (a legacy-only device); the network is off then halt, no panic; qemu-halt: HALTED in pax_halt (RIP ffffffff800001aa, unchanged a second later; IF clear; serial still at 1396 bytes; accel kvm; quit -> 0)
mpx4-net: PASS N1 native uefi net: 6 functions; pci 00:02.0 1af4:1000 class 02.00.00 rev 00 subsystem 1af4:0001 header 00 pin A line 11; caps 11@98 09@84 09@70 09@60 09@50 09@40; bar0 io 0x0000000000006060,bar1 mem32 0x0000000081041000,bar4 mem64 prefetchable 0x0000007000000000
mpx4-net: PASS N2 native uefi net: 1af4:1000 at 00:02.0, bar4 0x0000007000000000; offered 0x0000010130bf8024, taken 0x0000000100000020; receive 0x000000000011e000/0x000000000011e400/0x000000000011e488; transmit 0x000000000013f000/0x000000000013f400/0x000000000013f488 (16/2/4-aligned, one frame each); 52:54:00:12:34:56; line 11 vector 43 level (elcr 0000 -> 0800); 66 frames
mpx4-net: PASS N3 native uefi net: arp: answered 10.0.2.2 (52:55:0a:00:02:02) after 7 ticks
mpx4-net: PASS N4 native uefi net: arp: 10.0.2.2 is at 52:55:0a:00:02:02 (1 requests, 1 ticks)
mpx4-net: PASS N5 native uefi net: pcap-net: 1 frames before the gateway's request (the firmware's, above);pcap-net: 45005 frames from the gateway's request on: 35002 from PAX (1 reply, 10001 requests, 20000 + 5000 burst frames), 10003 from the gateway (1 request of 60 bytes, 10001 replies of 64 bytes, 1 IPv4 datagrams to port 7) [pcap fa9b18603d5d…]
mpx4-net: PASS N6 native uefi net: 10000 requests, 10000 replies in 15 ticks (63775 exchanges/s); frames free 53780 -> 53780, heap pages 0 -> 0, live blocks 0 -> 0, net frames 66 -> 66
mpx4-net: PASS N7 native uefi net: 20000 frames of 60 bytes at 1377398 frames/s, 5000 of 1514 at 788974 frames/s, 64 of 64 buffers back after each
mpx4-net: PASS N8 native uefi net: rx 10003 frames (1 IPv4 dropped by name, no other drop), tx 35002 frames 9370120 bytes (none refused), 10003 interrupts (0 idle), 35002 reclaimed, 10003 restocked, 64 of 64 free; the capture agrees (35002 from PAX, 10003 from the gateway)
mpx4-net: PASS N9 native uefi net: halted: qemu-halt: HALTED in pax_halt (RIP ffffffff800001aa, unchanged a second later; IF clear; serial still at 2805 bytes; accel kvm; quit -> 0)
mpx4-net: PASS N1 native uefi modern: 6 functions; pci 00:02.0 1af4:1041 class 02.00.00 rev 01 subsystem 1af4:1100 header 00 pin A line 11; caps 11@98 09@84 09@70 09@60 09@50 09@40; bar1 mem32 0x0000000081041000,bar4 mem64 prefetchable 0x0000007000000000
mpx4-net: PASS N2 native uefi modern: 1af4:1041 at 00:02.0, bar4 0x0000007000000000; offered 0x0000010130bf8024, taken 0x0000000100000020; receive 0x000000000011e000/0x000000000011e400/0x000000000011e488; transmit 0x000000000013f000/0x000000000013f400/0x000000000013f488 (16/2/4-aligned, one frame each); 52:54:00:12:34:56; line 11 vector 43 level (elcr 0000 -> 0800); 66 frames
mpx4-net: PASS N3 native uefi modern: arp: answered 10.0.2.2 (52:55:0a:00:02:02) after 9 ticks
mpx4-net: PASS N4 native uefi modern: arp: 10.0.2.2 is at 52:55:0a:00:02:02 (1 requests, 1 ticks)
mpx4-net: PASS N5 native uefi modern: pcap-net: 45005 frames from the gateway's request on: 35002 from PAX (1 reply, 10001 requests, 20000 + 5000 burst frames), 10003 from the gateway (1 request of 60 bytes, 10001 replies of 64 bytes, 1 IPv4 datagrams to port 7) [pcap 299e48b6074c…]
mpx4-net: PASS N6 native uefi modern: 10000 requests, 10000 replies in 15 ticks (64001 exchanges/s); frames free 53796 -> 53796, heap pages 0 -> 0, live blocks 0 -> 0, net frames 66 -> 66
mpx4-net: PASS N7 native uefi modern: 20000 frames of 60 bytes at 1342082 frames/s, 5000 of 1514 at 848680 frames/s, 64 of 64 buffers back after each
mpx4-net: PASS N8 native uefi modern: rx 10003 frames (1 IPv4 dropped by name, no other drop), tx 35002 frames 9370120 bytes (none refused), 10003 interrupts (0 idle), 35002 reclaimed, 10003 restocked, 64 of 64 free; the capture agrees (35002 from PAX, 10003 from the gateway)
mpx4-net: PASS N9 native uefi modern: halted: qemu-halt: HALTED in pax_halt (RIP ffffffff800001aa, unchanged a second later; IF clear; serial still at 2765 bytes; accel kvm; quit -> 0)
mpx4-net: PASS N10 native uefi absent: net: no virtio network device among 5 PCI functions; the network is off then halt, no panic; qemu-halt: HALTED in pax_halt (RIP ffffffff800001aa, unchanged a second later; IF clear; serial still at 1184 bytes; accel kvm; quit -> 0)
mpx4-net: PASS N11 native uefi legacy: net: refused: the device has no virtio 1.x common configuration capability (a legacy-only device); the network is off then halt, no panic; qemu-halt: HALTED in pax_halt (RIP ffffffff800001aa, unchanged a second later; IF clear; serial still at 1426 bytes; accel kvm; quit -> 0)
mpx4-net: PASS N1 release uefi net: 6 functions; pci 00:02.0 1af4:1000 class 02.00.00 rev 00 subsystem 1af4:0001 header 00 pin A line 11; caps 11@98 09@84 09@70 09@60 09@50 09@40; bar0 io 0x0000000000006060,bar1 mem32 0x0000000081041000,bar4 mem64 prefetchable 0x0000007000000000
mpx4-net: PASS N2 release uefi net: 1af4:1000 at 00:02.0, bar4 0x0000007000000000; offered 0x0000010130bf8024, taken 0x0000000100000020; receive 0x000000000011f000/0x000000000011f400/0x000000000011f488; transmit 0x0000000000140000/0x0000000000140400/0x0000000000140488 (16/2/4-aligned, one frame each); 52:54:00:12:34:56; line 11 vector 43 level (elcr 0000 -> 0800); 66 frames
mpx4-net: PASS N3 release uefi net: arp: answered 10.0.2.2 (52:55:0a:00:02:02) after 4 ticks
mpx4-net: PASS N4 release uefi net: arp: 10.0.2.2 is at 52:55:0a:00:02:02 (1 requests, 1 ticks)
mpx4-net: PASS N5 release uefi net: pcap-net: 1 frames before the gateway's request (the firmware's, above);pcap-net: 45005 frames from the gateway's request on: 35002 from PAX (1 reply, 10001 requests, 20000 + 5000 burst frames), 10003 from the gateway (1 request of 60 bytes, 10001 replies of 64 bytes, 1 IPv4 datagrams to port 7) [pcap f3aecc8f5a45…]
mpx4-net: PASS N6 release uefi net: 10000 requests, 10000 replies in 14 ticks (69355 exchanges/s); frames free 53848 -> 53848, heap pages 0 -> 0, live blocks 0 -> 0, net frames 66 -> 66
mpx4-net: PASS N7 release uefi net: 20000 frames of 60 bytes at 1355847 frames/s, 5000 of 1514 at 809089 frames/s, 64 of 64 buffers back after each
mpx4-net: PASS N8 release uefi net: rx 10003 frames (1 IPv4 dropped by name, no other drop), tx 35002 frames 9370120 bytes (none refused), 10003 interrupts (0 idle), 35002 reclaimed, 10003 restocked, 64 of 64 free; the capture agrees (35002 from PAX, 10003 from the gateway)
mpx4-net: PASS N9 release uefi net: halted: qemu-halt: HALTED in pax_halt (RIP ffffffff800001aa, unchanged a second later; IF clear; serial still at 2805 bytes; accel kvm; quit -> 0)
mpx4-net: PASS N1 release uefi modern: 6 functions; pci 00:02.0 1af4:1041 class 02.00.00 rev 01 subsystem 1af4:1100 header 00 pin A line 11; caps 11@98 09@84 09@70 09@60 09@50 09@40; bar1 mem32 0x0000000081041000,bar4 mem64 prefetchable 0x0000007000000000
mpx4-net: PASS N2 release uefi modern: 1af4:1041 at 00:02.0, bar4 0x0000007000000000; offered 0x0000010130bf8024, taken 0x0000000100000020; receive 0x000000000011f000/0x000000000011f400/0x000000000011f488; transmit 0x0000000000140000/0x0000000000140400/0x0000000000140488 (16/2/4-aligned, one frame each); 52:54:00:12:34:56; line 11 vector 43 level (elcr 0000 -> 0800); 66 frames
mpx4-net: PASS N3 release uefi modern: arp: answered 10.0.2.2 (52:55:0a:00:02:02) after 12 ticks
mpx4-net: PASS N4 release uefi modern: arp: 10.0.2.2 is at 52:55:0a:00:02:02 (1 requests, 1 ticks)
mpx4-net: PASS N5 release uefi modern: pcap-net: 45005 frames from the gateway's request on: 35002 from PAX (1 reply, 10001 requests, 20000 + 5000 burst frames), 10003 from the gateway (1 request of 60 bytes, 10001 replies of 64 bytes, 1 IPv4 datagrams to port 7) [pcap b78b6b0ccc22…]
mpx4-net: PASS N6 release uefi modern: 10000 requests, 10000 replies in 13 ticks (71424 exchanges/s); frames free 53864 -> 53864, heap pages 0 -> 0, live blocks 0 -> 0, net frames 66 -> 66
mpx4-net: PASS N7 release uefi modern: 20000 frames of 60 bytes at 1327899 frames/s, 5000 of 1514 at 842516 frames/s, 64 of 64 buffers back after each
mpx4-net: PASS N8 release uefi modern: rx 10003 frames (1 IPv4 dropped by name, no other drop), tx 35002 frames 9370120 bytes (none refused), 10003 interrupts (0 idle), 35002 reclaimed, 10003 restocked, 64 of 64 free; the capture agrees (35002 from PAX, 10003 from the gateway)
mpx4-net: PASS N9 release uefi modern: halted: qemu-halt: HALTED in pax_halt (RIP ffffffff800001aa, unchanged a second later; IF clear; serial still at 2766 bytes; accel kvm; quit -> 0)
mpx4-net: PASS N10 release uefi absent: net: no virtio network device among 5 PCI functions; the network is off then halt, no panic; qemu-halt: HALTED in pax_halt (RIP ffffffff800001aa, unchanged a second later; IF clear; serial still at 1184 bytes; accel kvm; quit -> 0)
mpx4-net: PASS N11 release uefi legacy: net: refused: the device has no virtio 1.x common configuration capability (a legacy-only device); the network is off then halt, no panic; qemu-halt: HALTED in pax_halt (RIP ffffffff800001aa, unchanged a second later; IF clear; serial still at 1426 bytes; accel kvm; quit -> 0)
native bios net halt-status=0 accel=kvm qemu="QEMU emulator version 11.1.0" serial=d26a38f33c4d11d0933edacbe5b691b558287184754d5d6cbd5add4bc687909b iso=6653cdd9add58dc2538494d35fa3330b4760df210bb4d10effde1b605615f081 pcap=24629f9274d73defad17d913ffb5a69663186f7a2c48d7e62a00cdb9562a4a82 (10730408 bytes)
native bios modern halt-status=0 accel=kvm qemu="QEMU emulator version 11.1.0" serial=31ecec76d8dad0e993a01fe2df88a5e57302ff333c287275819b20f4348443c8 iso=6653cdd9add58dc2538494d35fa3330b4760df210bb4d10effde1b605615f081 pcap=5550b16d563e6b8b4ceaf7410f9aefd4ea180e6e01b17b512b8516f043b48dd1 (10730408 bytes)
native bios absent halt-status=0 accel=kvm qemu="QEMU emulator version 11.1.0" serial=46c6f1d653182fa16b225235553222a09144ce0f64e59ccfd75c0cb89e75db2a iso=6653cdd9add58dc2538494d35fa3330b4760df210bb4d10effde1b605615f081
native bios legacy halt-status=0 accel=kvm qemu="QEMU emulator version 11.1.0" serial=5cc59a05aaed5601c59a64b2e9e7988e5463424eb5bc12c35a3ae43152511e6d iso=6653cdd9add58dc2538494d35fa3330b4760df210bb4d10effde1b605615f081
release bios net halt-status=0 accel=kvm qemu="QEMU emulator version 11.1.0" serial=9c9f1116489b42ea09abd98fb6d6d87de71580764d67d12b5a5f0360348e9f0d iso=51dff2101c4b203c30df8a9ff2ca61ddcbb7e4b5e675c6c0b5afd644467c711c pcap=c71db8413d32fe1dfd429fbd888ebe172c3039c9b63482fa1e3d80dd58475ec0 (10730408 bytes)
release bios modern halt-status=0 accel=kvm qemu="QEMU emulator version 11.1.0" serial=37c385a56dd33d788166f68d1c16a7eee57f76ef6306ec2c6b6496237c8667dc iso=51dff2101c4b203c30df8a9ff2ca61ddcbb7e4b5e675c6c0b5afd644467c711c pcap=e43e45c5c56125d37ea6cd17e1657bd92ca7a73728a80d43830d9f879702bf1f (10730408 bytes)
release bios absent halt-status=0 accel=kvm qemu="QEMU emulator version 11.1.0" serial=46c6f1d653182fa16b225235553222a09144ce0f64e59ccfd75c0cb89e75db2a iso=51dff2101c4b203c30df8a9ff2ca61ddcbb7e4b5e675c6c0b5afd644467c711c
release bios legacy halt-status=0 accel=kvm qemu="QEMU emulator version 11.1.0" serial=5cc59a05aaed5601c59a64b2e9e7988e5463424eb5bc12c35a3ae43152511e6d iso=51dff2101c4b203c30df8a9ff2ca61ddcbb7e4b5e675c6c0b5afd644467c711c
native uefi net halt-status=0 accel=kvm qemu="QEMU emulator version 11.1.0" serial=d248855f6d8802205ec3f4d4d27f5d27a8c6b61193922194d450c0a295115a3b iso=6653cdd9add58dc2538494d35fa3330b4760df210bb4d10effde1b605615f081 pcap=fa9b18603d5d2971a7a454d4c5253d22009545ee8d6bbe8bdfa529c0df208d8d (10730510 bytes)
native uefi modern halt-status=0 accel=kvm qemu="QEMU emulator version 11.1.0" serial=56ecd186d0fcb69b2fb278435d74aee7c62b492645f181024de74b0231225811 iso=6653cdd9add58dc2538494d35fa3330b4760df210bb4d10effde1b605615f081 pcap=299e48b6074cb96f0be19c86126d25b177b2031e297531668ae8eb77de391f35 (10730408 bytes)
native uefi absent halt-status=0 accel=kvm qemu="QEMU emulator version 11.1.0" serial=f9385724a5db7dc1499a02a83bbd7eae81a5b11042bd5d383a89ae6ed9762134 iso=6653cdd9add58dc2538494d35fa3330b4760df210bb4d10effde1b605615f081
native uefi legacy halt-status=0 accel=kvm qemu="QEMU emulator version 11.1.0" serial=d7905255e0847ad80c8d3d61293addad9e6e3352e4942f4e1135090ab064bfba iso=6653cdd9add58dc2538494d35fa3330b4760df210bb4d10effde1b605615f081
release uefi net halt-status=0 accel=kvm qemu="QEMU emulator version 11.1.0" serial=1af26ba57235d24d9867cfe7ccfafe8586ea49f0797ed6a285e02bac99145688 iso=51dff2101c4b203c30df8a9ff2ca61ddcbb7e4b5e675c6c0b5afd644467c711c pcap=f3aecc8f5a45947d2e39602222d1693616d5a31b41910609f239bc6aa3caa87e (10730510 bytes)
release uefi modern halt-status=0 accel=kvm qemu="QEMU emulator version 11.1.0" serial=a02e4e816604cd2d0d61d4d1a31ceddd0cd17f0f3190e6d00537a187afc9d737 iso=51dff2101c4b203c30df8a9ff2ca61ddcbb7e4b5e675c6c0b5afd644467c711c pcap=b78b6b0ccc22086a02b2a936e03bab5d2b9c9c7a889061e946673358f6f750b4 (10730408 bytes)
release uefi absent halt-status=0 accel=kvm qemu="QEMU emulator version 11.1.0" serial=f9385724a5db7dc1499a02a83bbd7eae81a5b11042bd5d383a89ae6ed9762134 iso=51dff2101c4b203c30df8a9ff2ca61ddcbb7e4b5e675c6c0b5afd644467c711c
release uefi legacy halt-status=0 accel=kvm qemu="QEMU emulator version 11.1.0" serial=d7905255e0847ad80c8d3d61293addad9e6e3352e4942f4e1135090ab064bfba iso=51dff2101c4b203c30df8a9ff2ca61ddcbb7e4b5e675c6c0b5afd644467c711c
mpx4-net: mpx4-net: PASS
