mpx4-net rc=0 secs=79 PASS=82 FAIL=0 SKIP=0
expect-serial-selftest rc=0 secs=1 PASS=0 FAIL=0 SKIP=0
proof rc=0 secs=1 PASS=2 FAIL=0 SKIP=0
census rc=0 secs=0 PASS=3 FAIL=0 SKIP=0
mkw rc=0 secs=12 PASS=16 FAIL=0 SKIP=0
mpx1 rc=0 secs=105 PASS=26 FAIL=0 SKIP=0
mpx2-frames rc=0 secs=166 PASS=44 FAIL=0 SKIP=0
mpx2-paging rc=0 secs=35 PASS=26 FAIL=0 SKIP=0
mpx2-interrupts rc=0 secs=175 PASS=34 FAIL=0 SKIP=0
mpx2-sched rc=0 secs=75 PASS=32 FAIL=0 SKIP=0
mpx2-heap rc=0 secs=287 PASS=56 FAIL=0 SKIP=0
mpx3-user rc=0 secs=129 PASS=38 FAIL=0 SKIP=0
tour rc=0 secs=384 PASS=44 FAIL=0 SKIP=0
container-build rc=0 secs=630 mkwolf-hello rc 0 mpx3-loader build rc 0 mpx3-boreutils build rc 0 mpx3-console build rc 0 mpx3-shell build rc 0 mpx3-speaker build rc 0 mpx3-screen build rc 0 
mpx3-loader rc=0 secs=18 PASS=32 FAIL=0 SKIP=0
mpx3-boreutils rc=0 secs=18 PASS=20 FAIL=0 SKIP=0
mpx3-console rc=0 secs=90 PASS=100 FAIL=0 SKIP=0
mpx3-shell rc=0 secs=203 PASS=152 FAIL=0 SKIP=0
mpx3-speaker rc=0 secs=147 PASS=24 FAIL=0 SKIP=0
mpx3-screen rc=0 secs=86 PASS=24 FAIL=0 SKIP=0
