mpx4-net: wolf: wolf 0.2.26 (wolfgang, pin 89dc139)
fetch-limine: limine 12.9.1 already staged (/home/mfwolffe/lanes/px20/cache/limine-12.9.1)
build-kernel: ok: step 2 (kmain_net, native): 31 wolf object(s), imports {limine_base_revision,limine_bootloader_info_request,limine_executable_address_request,limine_executable_cmdline_request,limine_firmware_type_request,limine_framebuffer_request,limine_hhdm_request,limine_memmap_request,limine_module_request,pax_apic_base,pax_argbuf,pax_arp_state,pax_con_ring,pax_con_state,pax_cpuid,pax_cpuid7_ebx,pax_cpuid_nx,pax_cr0,pax_cr2,pax_cr3,pax_cr4,__pax_data_start,pax_efer,pax_enter_user,pax_execbuf,pax_fb_copy,pax_fb_fill,pax_font,pax_fpu_restore,pax_fpu_save,pax_fpu_state,pax_gdt,pax_gdtr,pax_halt,pax_idle,pax_idt,pax_idtr,__pax_image_end,__pax_image_start,pax_inb,pax_inl,pax_invlpg,pax_irq_restore,pax_irq_save,pax_isr_table,pax_ist1_stack,pax_ist1_top,pax_kbuf,pax_lidt,pax_load_gdt,pax_log_quiet,pax_ltr,pax_net_state,pax_net_stats,pax_ofiles,pax_outb,pax_outl,pax_pause,pax_pci_count,pax_pci_table,pax_peek_user,pax_pipes,pax_procs,pax_rdmsr,pax_rdrand,pax_rdtsc,__pax_rodata_end,__pax_rodata_start,pax_rsp,pax_sched_locks,pax_sched_state,pax_screen_cells,pax_screen_early,pax_screen_state,pax_set_cr0,pax_set_cr3,pax_set_cr4,pax_set_efer,pax_spk_ring,pax_spk_state,pax_switch,pax_syscall_entry,pax_syscall_state,__pax_text_end,__pax_text_start,pax_thread_entry,pax_threads,pax_tick_count,pax_tss,pax_uprogs,pax_wait,pax_wrmsr,pax_xgetbv0,pax_xsetbv0}, wolf_trap defined in wolf, kmain T, no main, no xmm/ymm, nothing below %rsp
mpx4-net: PASS N0 native kmain_net: build-kernel's assertions
mpx4-net: built native kmain_net: elf db7c4ad73f9366c89d59e0b8d09c89baad6d5995dc83bb30dfa669e01627f753, iso 6653cdd9add58dc2538494d35fa3330b4760df210bb4d10effde1b605615f081
build-kernel: ok: step 2 (kmain_net, release): 8 wolf object(s), imports {limine_executable_address_request,limine_executable_cmdline_request,limine_hhdm_request,limine_memmap_request,limine_module_request,pax_apic_base,pax_argbuf,pax_arp_state,pax_con_ring,pax_con_state,pax_cpuid,pax_cpuid_nx,pax_cr0,pax_cr2,pax_cr3,pax_cr4,__pax_data_start,pax_efer,pax_enter_user,pax_fb_copy,pax_fb_fill,pax_font,pax_fpu_restore,pax_fpu_save,pax_fpu_state,pax_gdt,pax_gdtr,pax_halt,pax_idle,pax_idt,pax_idtr,__pax_image_end,__pax_image_start,pax_inb,pax_inl,pax_invlpg,pax_irq_restore,pax_irq_save,pax_isr_table,pax_ist1_top,pax_kbuf,pax_lidt,pax_load_gdt,pax_log_quiet,pax_ltr,pax_net_state,pax_net_stats,pax_ofiles,pax_outb,pax_outl,pax_pause,pax_pci_count,pax_pci_table,pax_peek_user,pax_pipes,pax_procs,pax_rdrand,pax_rdtsc,__pax_rodata_end,__pax_rodata_start,pax_rsp,pax_sched_locks,pax_sched_state,pax_screen_cells,pax_screen_early,pax_screen_state,pax_set_cr3,pax_set_efer,pax_spk_ring,pax_spk_state,pax_switch,pax_syscall_state,__pax_text_end,__pax_text_start,pax_thread_entry,pax_threads,pax_tick_count,pax_tss,pax_wrmsr}, wolf_trap defined in wolf, kmain T, no main, no xmm/ymm, nothing below %rsp, IR noredzone + no-SSE
mpx4-net: PASS N0 release kmain_net: build-kernel's assertions
mpx4-net: built release kmain_net: elf 47322be63f268f6d3d923b21dbb7dbab6ecaf4ad22a25fa80c74335035a107b6, iso 51dff2101c4b203c30df8a9ff2ca61ddcbb7e4b5e675c6c0b5afd644467c711c
mpx4-net: PASS N1 native bios net: 6 functions; pci 00:02.0 1af4:1000 class 02.00.00 rev 00 subsystem 1af4:0001 header 00 pin A line 11; caps 11@98 09@84 09@70 09@60 09@50 09@40; bar0 io 0x000000000000c040,bar1 mem32 0x00000000febd1000,bar4 mem64 prefetchable 0x00000000fe000000
mpx4-net: PASS N2 native bios net: 1af4:1000 at 00:02.0, bar4 0x00000000fe000000; offered 0x0000010130bf8024, taken 0x0000000100000020; receive 0x000000000011c000/0x000000000011c400/0x000000000011c488; transmit 0x000000000013d000/0x000000000013d400/0x000000000013d488 (16/2/4-aligned, one frame each); 52:54:00:12:34:56; line 11 vector 43 level (elcr 0c00 -> 0c00); 66 frames
mpx4-net: PASS N3 native bios net: arp: answered 10.0.2.2 (52:55:0a:00:02:02) after 10 ticks
mpx4-net: PASS N4 native bios net: arp: 10.0.2.2 is at 52:55:0a:00:02:02 (1 requests, 1 ticks)
mpx4-net: PASS N5 native bios net: pcap-net: 45005 frames from the gateway's request on: 35002 from PAX (1 reply, 10001 requests, 20000 + 5000 burst frames), 10003 from the gateway (1 request of 60 bytes, 10001 replies of 64 bytes, 1 IPv4 datagrams to port 7) [pcap cab45d96beb0…]
mpx4-net: PASS N6 native bios net: 10000 requests, 10000 replies in 30 ticks (33102 exchanges/s); frames free 64731 -> 64731, heap pages 0 -> 0, live blocks 0 -> 0, net frames 66 -> 66
mpx4-net: PASS N7 native bios net: 20000 frames of 60 bytes at 122742 frames/s, 5000 of 1514 at 106652 frames/s, 64 of 64 buffers back after each
mpx4-net: PASS N8 native bios net: rx 10003 frames (1 IPv4 dropped by name, no other drop), tx 35002 frames 9370120 bytes (none refused), 10003 interrupts (0 idle), 35002 reclaimed, 10003 restocked, 64 of 64 free; the capture agrees (35002 from PAX, 10003 from the gateway)
mpx4-net: PASS N9 native bios net: halted: qemu-halt: HALTED in pax_halt (RIP ffffffff800001aa, unchanged a second later; IF clear; serial still at 2745 bytes; accel tcg; quit -> 0)
mpx4-net: PASS N1 native bios modern: 6 functions; pci 00:02.0 1af4:1041 class 02.00.00 rev 01 subsystem 1af4:1100 header 00 pin A line 11; caps 11@98 09@84 09@70 09@60 09@50 09@40; bar1 mem32 0x00000000febd1000,bar4 mem64 prefetchable 0x00000000fe000000
mpx4-net: PASS N2 native bios modern: 1af4:1041 at 00:02.0, bar4 0x00000000fe000000; offered 0x0000010130bf8024, taken 0x0000000100000020; receive 0x000000000011c000/0x000000000011c400/0x000000000011c488; transmit 0x000000000013d000/0x000000000013d400/0x000000000013d488 (16/2/4-aligned, one frame each); 52:54:00:12:34:56; line 11 vector 43 level (elcr 0c00 -> 0c00); 66 frames
mpx4-net: PASS N3 native bios modern: arp: answered 10.0.2.2 (52:55:0a:00:02:02) after 7 ticks
mpx4-net: PASS N4 native bios modern: arp: 10.0.2.2 is at 52:55:0a:00:02:02 (1 requests, 1 ticks)
mpx4-net: PASS N5 native bios modern: pcap-net: 45005 frames from the gateway's request on: 35002 from PAX (1 reply, 10001 requests, 20000 + 5000 burst frames), 10003 from the gateway (1 request of 60 bytes, 10001 replies of 64 bytes, 1 IPv4 datagrams to port 7) [pcap 5ff88560e42a…]
mpx4-net: PASS N6 native bios modern: 10000 requests, 10000 replies in 31 ticks (31488 exchanges/s); frames free 64731 -> 64731, heap pages 0 -> 0, live blocks 0 -> 0, net frames 66 -> 66
mpx4-net: PASS N7 native bios modern: 20000 frames of 60 bytes at 124083 frames/s, 5000 of 1514 at 132783 frames/s, 64 of 64 buffers back after each
mpx4-net: PASS N8 native bios modern: rx 10003 frames (1 IPv4 dropped by name, no other drop), tx 35002 frames 9370120 bytes (none refused), 10003 interrupts (0 idle), 35002 reclaimed, 10003 restocked, 64 of 64 free; the capture agrees (35002 from PAX, 10003 from the gateway)
mpx4-net: PASS N9 native bios modern: halted: qemu-halt: HALTED in pax_halt (RIP ffffffff800001aa, unchanged a second later; IF clear; serial still at 2704 bytes; accel tcg; quit -> 0)
mpx4-net: PASS N10 native bios absent: net: no virtio network device among 5 PCI functions; the network is off then halt, no panic; qemu-halt: HALTED in pax_halt (RIP ffffffff800001aa, unchanged a second later; IF clear; serial still at 914 bytes; accel tcg; quit -> 0)
mpx4-net: PASS N11 native bios legacy: net: refused: the device has no virtio 1.x common configuration capability (a legacy-only device); the network is off then halt, no panic; qemu-halt: HALTED in pax_halt (RIP ffffffff800001aa, unchanged a second later; IF clear; serial still at 1365 bytes; accel tcg; quit -> 0)
mpx4-net: PASS N1 release bios net: 6 functions; pci 00:02.0 1af4:1000 class 02.00.00 rev 00 subsystem 1af4:0001 header 00 pin A line 11; caps 11@98 09@84 09@70 09@60 09@50 09@40; bar0 io 0x000000000000c040,bar1 mem32 0x00000000febd1000,bar4 mem64 prefetchable 0x00000000fe000000
mpx4-net: PASS N2 release bios net: 1af4:1000 at 00:02.0, bar4 0x00000000fe000000; offered 0x0000010130bf8024, taken 0x0000000100000020; receive 0x000000000011c000/0x000000000011c400/0x000000000011c488; transmit 0x000000000013d000/0x000000000013d400/0x000000000013d488 (16/2/4-aligned, one frame each); 52:54:00:12:34:56; line 11 vector 43 level (elcr 0c00 -> 0c00); 66 frames
mpx4-net: PASS N3 release bios net: arp: answered 10.0.2.2 (52:55:0a:00:02:02) after 12 ticks
mpx4-net: PASS N4 release bios net: arp: 10.0.2.2 is at 52:55:0a:00:02:02 (1 requests, 1 ticks)
mpx4-net: PASS N5 release bios net: pcap-net: 45005 frames from the gateway's request on: 35002 from PAX (1 reply, 10001 requests, 20000 + 5000 burst frames), 10003 from the gateway (1 request of 60 bytes, 10001 replies of 64 bytes, 1 IPv4 datagrams to port 7) [pcap 00744da2b4cc…]
mpx4-net: PASS N6 release bios net: 10000 requests, 10000 replies in 16 ticks (61216 exchanges/s); frames free 64800 -> 64800, heap pages 0 -> 0, live blocks 0 -> 0, net frames 66 -> 66
mpx4-net: PASS N7 release bios net: 20000 frames of 60 bytes at 187418 frames/s, 5000 of 1514 at 124115 frames/s, 64 of 64 buffers back after each
mpx4-net: PASS N8 release bios net: rx 10003 frames (1 IPv4 dropped by name, no other drop), tx 35002 frames 9370120 bytes (none refused), 10003 interrupts (0 idle), 35002 reclaimed, 10003 restocked, 64 of 64 free; the capture agrees (35002 from PAX, 10003 from the gateway)
mpx4-net: PASS N9 release bios net: halted: qemu-halt: HALTED in pax_halt (RIP ffffffff800001aa, unchanged a second later; IF clear; serial still at 2745 bytes; accel tcg; quit -> 0)
mpx4-net: PASS N1 release bios modern: 6 functions; pci 00:02.0 1af4:1041 class 02.00.00 rev 01 subsystem 1af4:1100 header 00 pin A line 11; caps 11@98 09@84 09@70 09@60 09@50 09@40; bar1 mem32 0x00000000febd1000,bar4 mem64 prefetchable 0x00000000fe000000
mpx4-net: PASS N2 release bios modern: 1af4:1041 at 00:02.0, bar4 0x00000000fe000000; offered 0x0000010130bf8024, taken 0x0000000100000020; receive 0x000000000011c000/0x000000000011c400/0x000000000011c488; transmit 0x000000000013d000/0x000000000013d400/0x000000000013d488 (16/2/4-aligned, one frame each); 52:54:00:12:34:56; line 11 vector 43 level (elcr 0c00 -> 0c00); 66 frames
mpx4-net: PASS N3 release bios modern: arp: answered 10.0.2.2 (52:55:0a:00:02:02) after 12 ticks
mpx4-net: PASS N4 release bios modern: arp: 10.0.2.2 is at 52:55:0a:00:02:02 (1 requests, 1 ticks)
mpx4-net: PASS N5 release bios modern: pcap-net: 45005 frames from the gateway's request on: 35002 from PAX (1 reply, 10001 requests, 20000 + 5000 burst frames), 10003 from the gateway (1 request of 60 bytes, 10001 replies of 64 bytes, 1 IPv4 datagrams to port 7) [pcap 7d3c463b440e…]
mpx4-net: PASS N6 release bios modern: 10000 requests, 10000 replies in 16 ticks (59452 exchanges/s); frames free 64800 -> 64800, heap pages 0 -> 0, live blocks 0 -> 0, net frames 66 -> 66
mpx4-net: PASS N7 release bios modern: 20000 frames of 60 bytes at 190830 frames/s, 5000 of 1514 at 123011 frames/s, 64 of 64 buffers back after each
mpx4-net: PASS N8 release bios modern: rx 10003 frames (1 IPv4 dropped by name, no other drop), tx 35002 frames 9370120 bytes (none refused), 10003 interrupts (0 idle), 35002 reclaimed, 10003 restocked, 64 of 64 free; the capture agrees (35002 from PAX, 10003 from the gateway)
mpx4-net: PASS N9 release bios modern: halted: qemu-halt: HALTED in pax_halt (RIP ffffffff800001aa, unchanged a second later; IF clear; serial still at 2705 bytes; accel tcg; quit -> 0)
mpx4-net: PASS N10 release bios absent: net: no virtio network device among 5 PCI functions; the network is off then halt, no panic; qemu-halt: HALTED in pax_halt (RIP ffffffff800001aa, unchanged a second later; IF clear; serial still at 914 bytes; accel tcg; quit -> 0)
mpx4-net: PASS N11 release bios legacy: net: refused: the device has no virtio 1.x common configuration capability (a legacy-only device); the network is off then halt, no panic; qemu-halt: HALTED in pax_halt (RIP ffffffff800001aa, unchanged a second later; IF clear; serial still at 1365 bytes; accel tcg; quit -> 0)
mpx4-net: PASS N1 native uefi net: 6 functions; pci 00:02.0 1af4:1000 class 02.00.00 rev 00 subsystem 1af4:0001 header 00 pin A line 11; caps 11@98 09@84 09@70 09@60 09@50 09@40; bar0 io 0x0000000000006060,bar1 mem32 0x0000000081041000,bar4 mem64 prefetchable 0x000000c000000000
mpx4-net: PASS N2 native uefi net: 1af4:1000 at 00:02.0, bar4 0x000000c000000000; offered 0x0000010130bf8024, taken 0x0000000100000020; receive 0x000000000011e000/0x000000000011e400/0x000000000011e488; transmit 0x000000000013f000/0x000000000013f400/0x000000000013f488 (16/2/4-aligned, one frame each); 52:54:00:12:34:56; line 11 vector 43 level (elcr 0000 -> 0800); 66 frames
mpx4-net: PASS N3 native uefi net: arp: answered 10.0.2.2 (52:55:0a:00:02:02) after 8 ticks
mpx4-net: PASS N4 native uefi net: arp: 10.0.2.2 is at 52:55:0a:00:02:02 (1 requests, 1 ticks)
mpx4-net: PASS N5 native uefi net: pcap-net: 1 frames before the gateway's request (the firmware's, above);pcap-net: 45005 frames from the gateway's request on: 35002 from PAX (1 reply, 10001 requests, 20000 + 5000 burst frames), 10003 from the gateway (1 request of 60 bytes, 10001 replies of 64 bytes, 1 IPv4 datagrams to port 7) [pcap f5bda1d54175…]
mpx4-net: PASS N6 native uefi net: 10000 requests, 10000 replies in 35 ticks (28250 exchanges/s); frames free 52688 -> 52688, heap pages 0 -> 0, live blocks 0 -> 0, net frames 66 -> 66
mpx4-net: PASS N7 native uefi net: 20000 frames of 60 bytes at 129967 frames/s, 5000 of 1514 at 131148 frames/s, 64 of 64 buffers back after each
mpx4-net: PASS N8 native uefi net: rx 10003 frames (1 IPv4 dropped by name, no other drop), tx 35002 frames 9370120 bytes (none refused), 10003 interrupts (0 idle), 35002 reclaimed, 10003 restocked, 64 of 64 free; the capture agrees (35002 from PAX, 10003 from the gateway)
mpx4-net: PASS N9 native uefi net: halted: qemu-halt: HALTED in pax_halt (RIP ffffffff800001aa, unchanged a second later; IF clear; serial still at 2805 bytes; accel tcg; quit -> 0)
mpx4-net: PASS N1 native uefi modern: 6 functions; pci 00:02.0 1af4:1041 class 02.00.00 rev 01 subsystem 1af4:1100 header 00 pin A line 11; caps 11@98 09@84 09@70 09@60 09@50 09@40; bar1 mem32 0x0000000081041000,bar4 mem64 prefetchable 0x000000c000000000
mpx4-net: PASS N2 native uefi modern: 1af4:1041 at 00:02.0, bar4 0x000000c000000000; offered 0x0000010130bf8024, taken 0x0000000100000020; receive 0x000000000011e000/0x000000000011e400/0x000000000011e488; transmit 0x000000000013f000/0x000000000013f400/0x000000000013f488 (16/2/4-aligned, one frame each); 52:54:00:12:34:56; line 11 vector 43 level (elcr 0000 -> 0800); 66 frames
mpx4-net: PASS N3 native uefi modern: arp: answered 10.0.2.2 (52:55:0a:00:02:02) after 12 ticks
mpx4-net: PASS N4 native uefi modern: arp: 10.0.2.2 is at 52:55:0a:00:02:02 (1 requests, 1 ticks)
mpx4-net: PASS N5 native uefi modern: pcap-net: 1 frames before the gateway's request (the firmware's, above);pcap-net: 45005 frames from the gateway's request on: 35002 from PAX (1 reply, 10001 requests, 20000 + 5000 burst frames), 10003 from the gateway (1 request of 60 bytes, 10001 replies of 64 bytes, 1 IPv4 datagrams to port 7) [pcap 915bb42090b5…]
mpx4-net: PASS N6 native uefi modern: 10000 requests, 10000 replies in 30 ticks (33017 exchanges/s); frames free 52688 -> 52688, heap pages 0 -> 0, live blocks 0 -> 0, net frames 66 -> 66
mpx4-net: PASS N7 native uefi modern: 20000 frames of 60 bytes at 132496 frames/s, 5000 of 1514 at 110691 frames/s, 64 of 64 buffers back after each
mpx4-net: PASS N8 native uefi modern: rx 10003 frames (1 IPv4 dropped by name, no other drop), tx 35002 frames 9370120 bytes (none refused), 10003 interrupts (0 idle), 35002 reclaimed, 10003 restocked, 64 of 64 free; the capture agrees (35002 from PAX, 10003 from the gateway)
mpx4-net: PASS N9 native uefi modern: halted: qemu-halt: HALTED in pax_halt (RIP ffffffff800001aa, unchanged a second later; IF clear; serial still at 2766 bytes; accel tcg; quit -> 0)
mpx4-net: PASS N10 native uefi absent: net: no virtio network device among 5 PCI functions; the network is off then halt, no panic; qemu-halt: HALTED in pax_halt (RIP ffffffff800001aa, unchanged a second later; IF clear; serial still at 1184 bytes; accel tcg; quit -> 0)
mpx4-net: PASS N11 native uefi legacy: net: refused: the device has no virtio 1.x common configuration capability (a legacy-only device); the network is off then halt, no panic; qemu-halt: HALTED in pax_halt (RIP ffffffff800001aa, unchanged a second later; IF clear; serial still at 1426 bytes; accel tcg; quit -> 0)
mpx4-net: PASS N1 release uefi net: 6 functions; pci 00:02.0 1af4:1000 class 02.00.00 rev 00 subsystem 1af4:0001 header 00 pin A line 11; caps 11@98 09@84 09@70 09@60 09@50 09@40; bar0 io 0x0000000000006060,bar1 mem32 0x0000000081041000,bar4 mem64 prefetchable 0x000000c000000000
mpx4-net: PASS N2 release uefi net: 1af4:1000 at 00:02.0, bar4 0x000000c000000000; offered 0x0000010130bf8024, taken 0x0000000100000020; receive 0x000000000011f000/0x000000000011f400/0x000000000011f488; transmit 0x0000000000140000/0x0000000000140400/0x0000000000140488 (16/2/4-aligned, one frame each); 52:54:00:12:34:56; line 11 vector 43 level (elcr 0000 -> 0800); 66 frames
mpx4-net: PASS N3 release uefi net: arp: answered 10.0.2.2 (52:55:0a:00:02:02) after 13 ticks
mpx4-net: PASS N4 release uefi net: arp: 10.0.2.2 is at 52:55:0a:00:02:02 (1 requests, 1 ticks)
mpx4-net: PASS N5 release uefi net: pcap-net: 45005 frames from the gateway's request on: 35002 from PAX (1 reply, 10001 requests, 20000 + 5000 burst frames), 10003 from the gateway (1 request of 60 bytes, 10001 replies of 64 bytes, 1 IPv4 datagrams to port 7) [pcap a1e629da98aa…]
mpx4-net: PASS N6 release uefi net: 10000 requests, 10000 replies in 15 ticks (63944 exchanges/s); frames free 52772 -> 52772, heap pages 0 -> 0, live blocks 0 -> 0, net frames 66 -> 66
mpx4-net: PASS N7 release uefi net: 20000 frames of 60 bytes at 207647 frames/s, 5000 of 1514 at 151920 frames/s, 64 of 64 buffers back after each
mpx4-net: PASS N8 release uefi net: rx 10003 frames (1 IPv4 dropped by name, no other drop), tx 35002 frames 9370120 bytes (none refused), 10003 interrupts (0 idle), 35002 reclaimed, 10003 restocked, 64 of 64 free; the capture agrees (35002 from PAX, 10003 from the gateway)
mpx4-net: PASS N9 release uefi net: halted: qemu-halt: HALTED in pax_halt (RIP ffffffff800001aa, unchanged a second later; IF clear; serial still at 2805 bytes; accel tcg; quit -> 0)
mpx4-net: PASS N1 release uefi modern: 6 functions; pci 00:02.0 1af4:1041 class 02.00.00 rev 01 subsystem 1af4:1100 header 00 pin A line 11; caps 11@98 09@84 09@70 09@60 09@50 09@40; bar1 mem32 0x0000000081041000,bar4 mem64 prefetchable 0x000000c000000000
mpx4-net: PASS N2 release uefi modern: 1af4:1041 at 00:02.0, bar4 0x000000c000000000; offered 0x0000010130bf8024, taken 0x0000000100000020; receive 0x000000000011f000/0x000000000011f400/0x000000000011f488; transmit 0x0000000000140000/0x0000000000140400/0x0000000000140488 (16/2/4-aligned, one frame each); 52:54:00:12:34:56; line 11 vector 43 level (elcr 0000 -> 0800); 66 frames
mpx4-net: PASS N3 release uefi modern: arp: answered 10.0.2.2 (52:55:0a:00:02:02) after 12 ticks
mpx4-net: PASS N4 release uefi modern: arp: 10.0.2.2 is at 52:55:0a:00:02:02 (1 requests, 1 ticks)
mpx4-net: PASS N5 release uefi modern: pcap-net: 1 frames before the gateway's request (the firmware's, above);pcap-net: 45005 frames from the gateway's request on: 35002 from PAX (1 reply, 10001 requests, 20000 + 5000 burst frames), 10003 from the gateway (1 request of 60 bytes, 10001 replies of 64 bytes, 1 IPv4 datagrams to port 7) [pcap db39816affcf…]
mpx4-net: PASS N6 release uefi modern: 10000 requests, 10000 replies in 14 ticks (66916 exchanges/s); frames free 52756 -> 52756, heap pages 0 -> 0, live blocks 0 -> 0, net frames 66 -> 66
mpx4-net: PASS N7 release uefi modern: 20000 frames of 60 bytes at 212444 frames/s, 5000 of 1514 at 151987 frames/s, 64 of 64 buffers back after each
mpx4-net: PASS N8 release uefi modern: rx 10003 frames (1 IPv4 dropped by name, no other drop), tx 35002 frames 9370120 bytes (none refused), 10003 interrupts (0 idle), 35002 reclaimed, 10003 restocked, 64 of 64 free; the capture agrees (35002 from PAX, 10003 from the gateway)
mpx4-net: PASS N9 release uefi modern: halted: qemu-halt: HALTED in pax_halt (RIP ffffffff800001aa, unchanged a second later; IF clear; serial still at 2765 bytes; accel tcg; quit -> 0)
mpx4-net: PASS N10 release uefi absent: net: no virtio network device among 5 PCI functions; the network is off then halt, no panic; qemu-halt: HALTED in pax_halt (RIP ffffffff800001aa, unchanged a second later; IF clear; serial still at 1184 bytes; accel tcg; quit -> 0)
mpx4-net: PASS N11 release uefi legacy: net: refused: the device has no virtio 1.x common configuration capability (a legacy-only device); the network is off then halt, no panic; qemu-halt: HALTED in pax_halt (RIP ffffffff800001aa, unchanged a second later; IF clear; serial still at 1426 bytes; accel tcg; quit -> 0)
native bios net halt-status=0 accel=tcg qemu="QEMU emulator version 11.1.1" serial=3ae05d5d0802f49a3b65284f258610136fcd56ccdd39a7c99b8c030a0cb1fd86 iso=6653cdd9add58dc2538494d35fa3330b4760df210bb4d10effde1b605615f081 pcap=cab45d96beb09f3f46310997069b8526fdef010b4b65b1e45ec5bc578e367989 (10730408 bytes)
native bios modern halt-status=0 accel=tcg qemu="QEMU emulator version 11.1.1" serial=900b7e661360450e046019ed5846353af06a21c683ddd11f09c93e97490eeadb iso=6653cdd9add58dc2538494d35fa3330b4760df210bb4d10effde1b605615f081 pcap=5ff88560e42ac28c659d1bea382044f9c192f14e77ee61285af1abcda31bbe06 (10730408 bytes)
native bios absent halt-status=0 accel=tcg qemu="QEMU emulator version 11.1.1" serial=2e580fc62f1bd078d23ae19f1102f646447d8215460ff28cef3790850f22b261 iso=6653cdd9add58dc2538494d35fa3330b4760df210bb4d10effde1b605615f081
native bios legacy halt-status=0 accel=tcg qemu="QEMU emulator version 11.1.1" serial=b8413c08f090b97bac1ca84a1a709e6bcdd57b6a2a44adde0b4406dc099f49c6 iso=6653cdd9add58dc2538494d35fa3330b4760df210bb4d10effde1b605615f081
release bios net halt-status=0 accel=tcg qemu="QEMU emulator version 11.1.1" serial=36f3654d2da8416b1d1003bc4943e05f9909652d633fa5085e8ea9710d88feb6 iso=51dff2101c4b203c30df8a9ff2ca61ddcbb7e4b5e675c6c0b5afd644467c711c pcap=00744da2b4cc301b6216a8a45c794f91fa130e91b8f6a737901f1f5f20f503d5 (10730408 bytes)
release bios modern halt-status=0 accel=tcg qemu="QEMU emulator version 11.1.1" serial=de4f75f65e2d7426dbd57d073a353947be7b820ce3577b2ac5c16c791f3a8ed6 iso=51dff2101c4b203c30df8a9ff2ca61ddcbb7e4b5e675c6c0b5afd644467c711c pcap=7d3c463b440e6d335aefa2dfcc330dad2bb52dd6baf79114fb2118ededd311b5 (10730408 bytes)
release bios absent halt-status=0 accel=tcg qemu="QEMU emulator version 11.1.1" serial=2e580fc62f1bd078d23ae19f1102f646447d8215460ff28cef3790850f22b261 iso=51dff2101c4b203c30df8a9ff2ca61ddcbb7e4b5e675c6c0b5afd644467c711c
release bios legacy halt-status=0 accel=tcg qemu="QEMU emulator version 11.1.1" serial=b8413c08f090b97bac1ca84a1a709e6bcdd57b6a2a44adde0b4406dc099f49c6 iso=51dff2101c4b203c30df8a9ff2ca61ddcbb7e4b5e675c6c0b5afd644467c711c
native uefi net halt-status=0 accel=tcg qemu="QEMU emulator version 11.1.1" serial=e070eb0349826c566f930175543921bfbd8197d805fd7ba1b88cc57c4dee9146 iso=6653cdd9add58dc2538494d35fa3330b4760df210bb4d10effde1b605615f081 pcap=f5bda1d54175b1d2591c849ad5ffcd0a636830c4a17b48a2115461cd153a5318 (10730510 bytes)
native uefi modern halt-status=0 accel=tcg qemu="QEMU emulator version 11.1.1" serial=acf9ca91ea5d73931b45b24afb1e8e59453cba9017174c0a8df2d88986321559 iso=6653cdd9add58dc2538494d35fa3330b4760df210bb4d10effde1b605615f081 pcap=915bb42090b57bfe2c86746fb23bded3efeb4ba9d16296f89563ce5f88574801 (10730510 bytes)
native uefi absent halt-status=0 accel=tcg qemu="QEMU emulator version 11.1.1" serial=f9385724a5db7dc1499a02a83bbd7eae81a5b11042bd5d383a89ae6ed9762134 iso=6653cdd9add58dc2538494d35fa3330b4760df210bb4d10effde1b605615f081
native uefi legacy halt-status=0 accel=tcg qemu="QEMU emulator version 11.1.1" serial=d7905255e0847ad80c8d3d61293addad9e6e3352e4942f4e1135090ab064bfba iso=6653cdd9add58dc2538494d35fa3330b4760df210bb4d10effde1b605615f081
release uefi net halt-status=0 accel=tcg qemu="QEMU emulator version 11.1.1" serial=854f38901a82fe0ba22da0138a0229dbf9ad6eceb6089ab9eaf4da84245bf411 iso=51dff2101c4b203c30df8a9ff2ca61ddcbb7e4b5e675c6c0b5afd644467c711c pcap=a1e629da98aa9a6fcd12c8f22272f9a06f2f1f5f66357b42484ec7bf0317de8b (10730408 bytes)
release uefi modern halt-status=0 accel=tcg qemu="QEMU emulator version 11.1.1" serial=14b313c306628013def0fe25d8aa816ab7b40735c17bc68241a046730db8a1c8 iso=51dff2101c4b203c30df8a9ff2ca61ddcbb7e4b5e675c6c0b5afd644467c711c pcap=db39816affcf032cd40f6a53c920f440eba0853abe6a14c64050bade402a30b4 (10730510 bytes)
release uefi absent halt-status=0 accel=tcg qemu="QEMU emulator version 11.1.1" serial=f9385724a5db7dc1499a02a83bbd7eae81a5b11042bd5d383a89ae6ed9762134 iso=51dff2101c4b203c30df8a9ff2ca61ddcbb7e4b5e675c6c0b5afd644467c711c
release uefi legacy halt-status=0 accel=tcg qemu="QEMU emulator version 11.1.1" serial=d7905255e0847ad80c8d3d61293addad9e6e3352e4942f4e1135090ab064bfba iso=51dff2101c4b203c30df8a9ff2ca61ddcbb7e4b5e675c6c0b5afd644467c711c
mpx4-net: mpx4-net: PASS
