mpx4-net: PASS N1 native bios net: 6 functions; pci 00:02.0 1af4:1000 class 02.00.00 rev 00 subsystem 1af4:0001 header 00 pin A line 11; caps 11@98 09@84 09@70 09@60 09@50 09@40; bar0 io 0x000000000000c040,bar1 mem32 0x00000000febd1000,bar4 mem64 prefetchable 0x00000000fe000000
mpx4-net: PASS N2 native bios net: 1af4:1000 at 00:02.0, bar4 0x00000000fe000000; offered 0x0000010130bf8024, taken 0x0000000100000020; receive 0x000000000011c000/0x000000000011c400/0x000000000011c488; transmit 0x000000000013d000/0x000000000013d400/0x000000000013d488 (16/2/4-aligned, one frame each); 52:54:00:12:34:56; line 11 vector 43 level (elcr 0c00 -> 0c00); 66 frames
mpx4-net: PASS N3 native bios net: arp: answered 10.0.2.2 (52:55:0a:00:02:02) after 14 ticks
mpx4-net: PASS N4 native bios net: arp: 10.0.2.2 is at 52:55:0a:00:02:02 (1 requests, 1 ticks)
mpx4-net: PASS N5 native bios net: pcap-net: 45005 frames from the gateway's request on: 35002 from PAX (1 reply, 10001 requests, 20000 + 5000 burst frames), 10003 from the gateway (1 request of 60 bytes, 10001 replies of 64 bytes, 1 IPv4 datagrams to port 7) [pcap 9ec55470debb…]
mpx4-net: PASS N6 native bios net: 10000 requests, 10000 replies in 42 ticks (23395 exchanges/s); frames free 64731 -> 64731, heap pages 0 -> 0, live blocks 0 -> 0, net frames 66 -> 66
mpx4-net: PASS N7 native bios net: 20000 frames of 60 bytes at 85863 frames/s, 5000 of 1514 at 82033 frames/s, 64 of 64 buffers back after each
mpx4-net: PASS N8 native bios net: rx 10003 frames (1 IPv4 dropped by name, no other drop), tx 35002 frames 9370120 bytes (none refused), 10003 interrupts (0 idle), 35002 reclaimed, 10003 restocked, 64 of 64 free; the capture agrees (35002 from PAX, 10003 from the gateway)
mpx4-net: PASS N9 native bios net: halted: qemu-halt: HALTED in pax_halt (RIP ffffffff800001aa, unchanged a second later; IF clear; serial still at     2766 bytes; accel tcg; quit -> 0)
mpx4-net: PASS N1 native bios modern: 6 functions; pci 00:02.0 1af4:1041 class 02.00.00 rev 01 subsystem 1af4:1100 header 00 pin A line 11; caps 11@98 09@84 09@70 09@60 09@50 09@40; bar1 mem32 0x00000000febd1000,bar4 mem64 prefetchable 0x00000000fe000000
mpx4-net: PASS N2 native bios modern: 1af4:1041 at 00:02.0, bar4 0x00000000fe000000; offered 0x0000010130bf8024, taken 0x0000000100000020; receive 0x000000000011c000/0x000000000011c400/0x000000000011c488; transmit 0x000000000013d000/0x000000000013d400/0x000000000013d488 (16/2/4-aligned, one frame each); 52:54:00:12:34:56; line 11 vector 43 level (elcr 0c00 -> 0c00); 66 frames
mpx4-net: PASS N3 native bios modern: arp: answered 10.0.2.2 (52:55:0a:00:02:02) after 9 ticks
mpx4-net: PASS N4 native bios modern: arp: 10.0.2.2 is at 52:55:0a:00:02:02 (1 requests, 1 ticks)
mpx4-net: PASS N5 native bios modern: pcap-net: 45005 frames from the gateway's request on: 35002 from PAX (1 reply, 10001 requests, 20000 + 5000 burst frames), 10003 from the gateway (1 request of 60 bytes, 10001 replies of 64 bytes, 1 IPv4 datagrams to port 7) [pcap a3e685e61b9e…]
mpx4-net: PASS N6 native bios modern: 10000 requests, 10000 replies in 43 ticks (23092 exchanges/s); frames free 64731 -> 64731, heap pages 0 -> 0, live blocks 0 -> 0, net frames 66 -> 66
mpx4-net: PASS N7 native bios modern: 20000 frames of 60 bytes at 84767 frames/s, 5000 of 1514 at 78979 frames/s, 64 of 64 buffers back after each
mpx4-net: PASS N8 native bios modern: rx 10003 frames (1 IPv4 dropped by name, no other drop), tx 35002 frames 9370120 bytes (none refused), 10003 interrupts (0 idle), 35002 reclaimed, 10003 restocked, 64 of 64 free; the capture agrees (35002 from PAX, 10003 from the gateway)
mpx4-net: PASS N9 native bios modern: halted: qemu-halt: HALTED in pax_halt (RIP ffffffff800001aa, unchanged a second later; IF clear; serial still at     2725 bytes; accel tcg; quit -> 0)
mpx4-net: PASS N10 native bios absent: net: no virtio network device among 5 PCI functions; the network is off then halt, no panic; qemu-halt: HALTED in pax_halt (RIP ffffffff800001aa, unchanged a second later; IF clear; serial still at      937 bytes; accel tcg; quit -> 0)
mpx4-net: PASS N11 native bios legacy: net: refused: the device has no virtio 1.x common configuration capability (a legacy-only device); the network is off then halt, no panic; qemu-halt: HALTED in pax_halt (RIP ffffffff800001aa, unchanged a second later; IF clear; serial still at     1388 bytes; accel tcg; quit -> 0)
mpx4-net: PASS N1 release bios net: 6 functions; pci 00:02.0 1af4:1000 class 02.00.00 rev 00 subsystem 1af4:0001 header 00 pin A line 11; caps 11@98 09@84 09@70 09@60 09@50 09@40; bar0 io 0x000000000000c040,bar1 mem32 0x00000000febd1000,bar4 mem64 prefetchable 0x00000000fe000000
mpx4-net: PASS N2 release bios net: 1af4:1000 at 00:02.0, bar4 0x00000000fe000000; offered 0x0000010130bf8024, taken 0x0000000100000020; receive 0x000000000011c000/0x000000000011c400/0x000000000011c488; transmit 0x000000000013d000/0x000000000013d400/0x000000000013d488 (16/2/4-aligned, one frame each); 52:54:00:12:34:56; line 11 vector 43 level (elcr 0c00 -> 0c00); 66 frames
mpx4-net: PASS N3 release bios net: arp: answered 10.0.2.2 (52:55:0a:00:02:02) after 10 ticks
mpx4-net: PASS N4 release bios net: arp: 10.0.2.2 is at 52:55:0a:00:02:02 (1 requests, 1 ticks)
mpx4-net: PASS N5 release bios net: pcap-net: 45005 frames from the gateway's request on: 35002 from PAX (1 reply, 10001 requests, 20000 + 5000 burst frames), 10003 from the gateway (1 request of 60 bytes, 10001 replies of 64 bytes, 1 IPv4 datagrams to port 7) [pcap 3bff90d04759…]
mpx4-net: PASS N6 release bios net: 10000 requests, 10000 replies in 28 ticks (34780 exchanges/s); frames free 64800 -> 64800, heap pages 0 -> 0, live blocks 0 -> 0, net frames 66 -> 66
mpx4-net: PASS N7 release bios net: 20000 frames of 60 bytes at 147824 frames/s, 5000 of 1514 at 107882 frames/s, 64 of 64 buffers back after each
mpx4-net: PASS N8 release bios net: rx 10003 frames (1 IPv4 dropped by name, no other drop), tx 35002 frames 9370120 bytes (none refused), 10003 interrupts (0 idle), 35002 reclaimed, 10003 restocked, 64 of 64 free; the capture agrees (35002 from PAX, 10003 from the gateway)
mpx4-net: PASS N9 release bios net: halted: qemu-halt: HALTED in pax_halt (RIP ffffffff800001aa, unchanged a second later; IF clear; serial still at     2768 bytes; accel tcg; quit -> 0)
mpx4-net: PASS N1 release bios modern: 6 functions; pci 00:02.0 1af4:1041 class 02.00.00 rev 01 subsystem 1af4:1100 header 00 pin A line 11; caps 11@98 09@84 09@70 09@60 09@50 09@40; bar1 mem32 0x00000000febd1000,bar4 mem64 prefetchable 0x00000000fe000000
mpx4-net: PASS N2 release bios modern: 1af4:1041 at 00:02.0, bar4 0x00000000fe000000; offered 0x0000010130bf8024, taken 0x0000000100000020; receive 0x000000000011c000/0x000000000011c400/0x000000000011c488; transmit 0x000000000013d000/0x000000000013d400/0x000000000013d488 (16/2/4-aligned, one frame each); 52:54:00:12:34:56; line 11 vector 43 level (elcr 0c00 -> 0c00); 66 frames
mpx4-net: PASS N3 release bios modern: arp: answered 10.0.2.2 (52:55:0a:00:02:02) after 11 ticks
mpx4-net: PASS N4 release bios modern: arp: 10.0.2.2 is at 52:55:0a:00:02:02 (1 requests, 1 ticks)
mpx4-net: PASS N5 release bios modern: pcap-net: 45005 frames from the gateway's request on: 35002 from PAX (1 reply, 10001 requests, 20000 + 5000 burst frames), 10003 from the gateway (1 request of 60 bytes, 10001 replies of 64 bytes, 1 IPv4 datagrams to port 7) [pcap 1827e62368a5…]
mpx4-net: PASS N6 release bios modern: 10000 requests, 10000 replies in 28 ticks (35252 exchanges/s); frames free 64800 -> 64800, heap pages 0 -> 0, live blocks 0 -> 0, net frames 66 -> 66
mpx4-net: PASS N7 release bios modern: 20000 frames of 60 bytes at 146193 frames/s, 5000 of 1514 at 110366 frames/s, 64 of 64 buffers back after each
mpx4-net: PASS N8 release bios modern: rx 10003 frames (1 IPv4 dropped by name, no other drop), tx 35002 frames 9370120 bytes (none refused), 10003 interrupts (0 idle), 35002 reclaimed, 10003 restocked, 64 of 64 free; the capture agrees (35002 from PAX, 10003 from the gateway)
mpx4-net: PASS N9 release bios modern: halted: qemu-halt: HALTED in pax_halt (RIP ffffffff800001aa, unchanged a second later; IF clear; serial still at     2728 bytes; accel tcg; quit -> 0)
mpx4-net: PASS N10 release bios absent: net: no virtio network device among 5 PCI functions; the network is off then halt, no panic; qemu-halt: HALTED in pax_halt (RIP ffffffff800001aa, unchanged a second later; IF clear; serial still at      937 bytes; accel tcg; quit -> 0)
mpx4-net: PASS N11 release bios legacy: net: refused: the device has no virtio 1.x common configuration capability (a legacy-only device); the network is off then halt, no panic; qemu-halt: HALTED in pax_halt (RIP ffffffff800001aa, unchanged a second later; IF clear; serial still at     1388 bytes; accel tcg; quit -> 0)
mpx4-net: PASS N1 native uefi net: 6 functions; pci 00:02.0 1af4:1000 class 02.00.00 rev 00 subsystem 1af4:0001 header 00 pin A line 11; caps 11@98 09@84 09@70 09@60 09@50 09@40; bar0 io 0x0000000000006060,bar1 mem32 0x0000000081041000,bar4 mem64 prefetchable 0x000000c000000000
mpx4-net: PASS N2 native uefi net: 1af4:1000 at 00:02.0, bar4 0x000000c000000000; offered 0x0000010130bf8024, taken 0x0000000100000020; receive 0x000000000011e000/0x000000000011e400/0x000000000011e488; transmit 0x000000000013f000/0x000000000013f400/0x000000000013f488 (16/2/4-aligned, one frame each); 52:54:00:12:34:56; line 11 vector 43 level (elcr 0000 -> 0800); 66 frames
mpx4-net: PASS N3 native uefi net: arp: answered 10.0.2.2 (52:55:0a:00:02:02) after 8 ticks
mpx4-net: PASS N4 native uefi net: arp: 10.0.2.2 is at 52:55:0a:00:02:02 (1 requests, 1 ticks)
mpx4-net: PASS N5 native uefi net: pcap-net: 2 frames before the gateway's request (the firmware's, above);pcap-net: 45005 frames from the gateway's request on: 35002 from PAX (1 reply, 10001 requests, 20000 + 5000 burst frames), 10003 from the gateway (1 request of 60 bytes, 10001 replies of 64 bytes, 1 IPv4 datagrams to port 7) [pcap 94b2a341f5ff…]
mpx4-net: PASS N6 native uefi net: 10000 requests, 10000 replies in 42 ticks (23611 exchanges/s); frames free 52890 -> 52890, heap pages 0 -> 0, live blocks 0 -> 0, net frames 66 -> 66
mpx4-net: PASS N7 native uefi net: 20000 frames of 60 bytes at 86587 frames/s, 5000 of 1514 at 84724 frames/s, 64 of 64 buffers back after each
mpx4-net: PASS N8 native uefi net: rx 10003 frames (1 IPv4 dropped by name, no other drop), tx 35002 frames 9370120 bytes (none refused), 10003 interrupts (0 idle), 35002 reclaimed, 10003 restocked, 64 of 64 free; the capture agrees (35002 from PAX, 10003 from the gateway)
mpx4-net: PASS N9 native uefi net: halted: qemu-halt: HALTED in pax_halt (RIP ffffffff800001aa, unchanged a second later; IF clear; serial still at     2773 bytes; accel tcg; quit -> 0)
mpx4-net: PASS N1 native uefi modern: 6 functions; pci 00:02.0 1af4:1041 class 02.00.00 rev 01 subsystem 1af4:1100 header 00 pin A line 11; caps 11@98 09@84 09@70 09@60 09@50 09@40; bar1 mem32 0x0000000081041000,bar4 mem64 prefetchable 0x000000c000000000
mpx4-net: PASS N2 native uefi modern: 1af4:1041 at 00:02.0, bar4 0x000000c000000000; offered 0x0000010130bf8024, taken 0x0000000100000020; receive 0x000000000011e000/0x000000000011e400/0x000000000011e488; transmit 0x000000000013f000/0x000000000013f400/0x000000000013f488 (16/2/4-aligned, one frame each); 52:54:00:12:34:56; line 11 vector 43 level (elcr 0000 -> 0800); 66 frames
mpx4-net: PASS N3 native uefi modern: arp: answered 10.0.2.2 (52:55:0a:00:02:02) after 9 ticks
mpx4-net: PASS N4 native uefi modern: arp: 10.0.2.2 is at 52:55:0a:00:02:02 (1 requests, 1 ticks)
mpx4-net: PASS N5 native uefi modern: pcap-net: 45005 frames from the gateway's request on: 35002 from PAX (1 reply, 10001 requests, 20000 + 5000 burst frames), 10003 from the gateway (1 request of 60 bytes, 10001 replies of 64 bytes, 1 IPv4 datagrams to port 7) [pcap f3246ad6a1ea…]
mpx4-net: PASS N6 native uefi modern: 10000 requests, 10000 replies in 43 ticks (22697 exchanges/s); frames free 52905 -> 52905, heap pages 0 -> 0, live blocks 0 -> 0, net frames 66 -> 66
mpx4-net: PASS N7 native uefi modern: 20000 frames of 60 bytes at 88466 frames/s, 5000 of 1514 at 79673 frames/s, 64 of 64 buffers back after each
mpx4-net: PASS N8 native uefi modern: rx 10003 frames (1 IPv4 dropped by name, no other drop), tx 35002 frames 9370120 bytes (none refused), 10003 interrupts (0 idle), 35002 reclaimed, 10003 restocked, 64 of 64 free; the capture agrees (35002 from PAX, 10003 from the gateway)
mpx4-net: PASS N9 native uefi modern: halted: qemu-halt: HALTED in pax_halt (RIP ffffffff800001aa, unchanged a second later; IF clear; serial still at     2733 bytes; accel tcg; quit -> 0)
mpx4-net: PASS N10 native uefi absent: net: no virtio network device among 5 PCI functions; the network is off then halt, no panic; qemu-halt: HALTED in pax_halt (RIP ffffffff800001aa, unchanged a second later; IF clear; serial still at     1154 bytes; accel tcg; quit -> 0)
mpx4-net: PASS N11 native uefi legacy: net: refused: the device has no virtio 1.x common configuration capability (a legacy-only device); the network is off then halt, no panic; qemu-halt: HALTED in pax_halt (RIP ffffffff800001aa, unchanged a second later; IF clear; serial still at     1396 bytes; accel tcg; quit -> 0)
mpx4-net: PASS N1 release uefi net: 6 functions; pci 00:02.0 1af4:1000 class 02.00.00 rev 00 subsystem 1af4:0001 header 00 pin A line 11; caps 11@98 09@84 09@70 09@60 09@50 09@40; bar0 io 0x0000000000006060,bar1 mem32 0x0000000081041000,bar4 mem64 prefetchable 0x000000c000000000
mpx4-net: PASS N2 release uefi net: 1af4:1000 at 00:02.0, bar4 0x000000c000000000; offered 0x0000010130bf8024, taken 0x0000000100000020; receive 0x000000000011e000/0x000000000011e400/0x000000000011e488; transmit 0x000000000013f000/0x000000000013f400/0x000000000013f488 (16/2/4-aligned, one frame each); 52:54:00:12:34:56; line 11 vector 43 level (elcr 0000 -> 0800); 66 frames
mpx4-net: PASS N3 release uefi net: arp: answered 10.0.2.2 (52:55:0a:00:02:02) after 11 ticks
mpx4-net: PASS N4 release uefi net: arp: 10.0.2.2 is at 52:55:0a:00:02:02 (1 requests, 1 ticks)
mpx4-net: PASS N5 release uefi net: pcap-net: 45005 frames from the gateway's request on: 35002 from PAX (1 reply, 10001 requests, 20000 + 5000 burst frames), 10003 from the gateway (1 request of 60 bytes, 10001 replies of 64 bytes, 1 IPv4 datagrams to port 7) [pcap c25443514911…]
mpx4-net: PASS N6 release uefi net: 10000 requests, 10000 replies in 27 ticks (36166 exchanges/s); frames free 52974 -> 52974, heap pages 0 -> 0, live blocks 0 -> 0, net frames 66 -> 66
mpx4-net: PASS N7 release uefi net: 20000 frames of 60 bytes at 153011 frames/s, 5000 of 1514 at 110706 frames/s, 64 of 64 buffers back after each
mpx4-net: PASS N8 release uefi net: rx 10003 frames (1 IPv4 dropped by name, no other drop), tx 35002 frames 9370120 bytes (none refused), 10003 interrupts (0 idle), 35002 reclaimed, 10003 restocked, 64 of 64 free; the capture agrees (35002 from PAX, 10003 from the gateway)
mpx4-net: PASS N9 release uefi net: halted: qemu-halt: HALTED in pax_halt (RIP ffffffff800001aa, unchanged a second later; IF clear; serial still at     2776 bytes; accel tcg; quit -> 0)
mpx4-net: PASS N1 release uefi modern: 6 functions; pci 00:02.0 1af4:1041 class 02.00.00 rev 01 subsystem 1af4:1100 header 00 pin A line 11; caps 11@98 09@84 09@70 09@60 09@50 09@40; bar1 mem32 0x0000000081041000,bar4 mem64 prefetchable 0x000000c000000000
mpx4-net: PASS N2 release uefi modern: 1af4:1041 at 00:02.0, bar4 0x000000c000000000; offered 0x0000010130bf8024, taken 0x0000000100000020; receive 0x000000000011e000/0x000000000011e400/0x000000000011e488; transmit 0x000000000013f000/0x000000000013f400/0x000000000013f488 (16/2/4-aligned, one frame each); 52:54:00:12:34:56; line 11 vector 43 level (elcr 0000 -> 0800); 66 frames
mpx4-net: PASS N3 release uefi modern: arp: answered 10.0.2.2 (52:55:0a:00:02:02) after 11 ticks
mpx4-net: PASS N4 release uefi modern: arp: 10.0.2.2 is at 52:55:0a:00:02:02 (1 requests, 1 ticks)
mpx4-net: PASS N5 release uefi modern: pcap-net: 2 frames before the gateway's request (the firmware's, above);pcap-net: 45005 frames from the gateway's request on: 35002 from PAX (1 reply, 10001 requests, 20000 + 5000 burst frames), 10003 from the gateway (1 request of 60 bytes, 10001 replies of 64 bytes, 1 IPv4 datagrams to port 7) [pcap 6d95f66abd3a…]
mpx4-net: PASS N6 release uefi modern: 10000 requests, 10000 replies in 28 ticks (36128 exchanges/s); frames free 52959 -> 52959, heap pages 0 -> 0, live blocks 0 -> 0, net frames 66 -> 66
mpx4-net: PASS N7 release uefi modern: 20000 frames of 60 bytes at 146056 frames/s, 5000 of 1514 at 114244 frames/s, 64 of 64 buffers back after each
mpx4-net: PASS N8 release uefi modern: rx 10003 frames (1 IPv4 dropped by name, no other drop), tx 35002 frames 9370120 bytes (none refused), 10003 interrupts (0 idle), 35002 reclaimed, 10003 restocked, 64 of 64 free; the capture agrees (35002 from PAX, 10003 from the gateway)
mpx4-net: PASS N9 release uefi modern: halted: qemu-halt: HALTED in pax_halt (RIP ffffffff800001aa, unchanged a second later; IF clear; serial still at     2736 bytes; accel tcg; quit -> 0)
mpx4-net: PASS N10 release uefi absent: net: no virtio network device among 5 PCI functions; the network is off then halt, no panic; qemu-halt: HALTED in pax_halt (RIP ffffffff800001aa, unchanged a second later; IF clear; serial still at     1154 bytes; accel tcg; quit -> 0)
mpx4-net: PASS N11 release uefi legacy: net: refused: the device has no virtio 1.x common configuration capability (a legacy-only device); the network is off then halt, no panic; qemu-halt: HALTED in pax_halt (RIP ffffffff800001aa, unchanged a second later; IF clear; serial still at     1396 bytes; accel tcg; quit -> 0)
native bios net halt-status=0 accel=tcg qemu="QEMU emulator version 11.1.1" serial=3e13c1d3e5298ad69fc930702322d4bd17686e642957f7fe4854ec57c9bc3efc iso=27dac5f27bccdf9661a89060dfde76396c1921944ebe9998adf8fffbc8ab2dcc pcap=9ec55470debb8075a497bbd8a840e18017857ed515be833671f5e84496f0f83c (10730408 bytes)
native bios modern halt-status=0 accel=tcg qemu="QEMU emulator version 11.1.1" serial=111f7bc4789640ccb1faaf72615569650f338c3fb95784fd97cc428c9f3ebaf9 iso=27dac5f27bccdf9661a89060dfde76396c1921944ebe9998adf8fffbc8ab2dcc pcap=a3e685e61b9e6fa0c305c34bed7863a0dd7bdd61020b5259d41db730c37b9d2e (10730408 bytes)
native bios absent halt-status=0 accel=tcg qemu="QEMU emulator version 11.1.1" serial=46c6f1d653182fa16b225235553222a09144ce0f64e59ccfd75c0cb89e75db2a iso=27dac5f27bccdf9661a89060dfde76396c1921944ebe9998adf8fffbc8ab2dcc
native bios legacy halt-status=0 accel=tcg qemu="QEMU emulator version 11.1.1" serial=0ca6a125fedbb389bf25923dcf6af2d4d5282c0692864d5849c242ceac51f268 iso=27dac5f27bccdf9661a89060dfde76396c1921944ebe9998adf8fffbc8ab2dcc
release bios net halt-status=0 accel=tcg qemu="QEMU emulator version 11.1.1" serial=1f2c6de60bc9965b4e25d248ab175aa3344682bce36860c881f107c920117eb7 iso=51dff2101c4b203c30df8a9ff2ca61ddcbb7e4b5e675c6c0b5afd644467c711c pcap=3bff90d0475958c789d0be08711e6b3ab6b0f422345fa746689e1419b82236bc (10730408 bytes)
release bios modern halt-status=0 accel=tcg qemu="QEMU emulator version 11.1.1" serial=55641dd2edfc23e4577a3d03a81a7145c57a3d7e8c12505e4a5dcd824d44427e iso=51dff2101c4b203c30df8a9ff2ca61ddcbb7e4b5e675c6c0b5afd644467c711c pcap=1827e62368a578807ac49818288b73f388bf7fcaebcabab22c212978bac92ad2 (10730408 bytes)
release bios absent halt-status=0 accel=tcg qemu="QEMU emulator version 11.1.1" serial=46c6f1d653182fa16b225235553222a09144ce0f64e59ccfd75c0cb89e75db2a iso=51dff2101c4b203c30df8a9ff2ca61ddcbb7e4b5e675c6c0b5afd644467c711c
release bios legacy halt-status=0 accel=tcg qemu="QEMU emulator version 11.1.1" serial=0ca6a125fedbb389bf25923dcf6af2d4d5282c0692864d5849c242ceac51f268 iso=51dff2101c4b203c30df8a9ff2ca61ddcbb7e4b5e675c6c0b5afd644467c711c
native uefi net halt-status=0 accel=tcg qemu="QEMU emulator version 11.1.1" serial=2db0f0ca7cfb0cf8a1aa243062cc3ba30f5c242d07b51c6a6c473e77651fc806 iso=27dac5f27bccdf9661a89060dfde76396c1921944ebe9998adf8fffbc8ab2dcc pcap=94b2a341f5ff14fefde0798efa7bef61b97c79df4e167e537ba8d44943eba2cf (10730604 bytes)
native uefi modern halt-status=0 accel=tcg qemu="QEMU emulator version 11.1.1" serial=3dcbd2674f333daa1b410d9395371cd05bf18e69fa166225307b21d2faa2024e iso=27dac5f27bccdf9661a89060dfde76396c1921944ebe9998adf8fffbc8ab2dcc pcap=f3246ad6a1eab930e1d5a0d7f3d316738f47597aad9c7a72f8e64d904096d8d5 (10730408 bytes)
native uefi absent halt-status=0 accel=tcg qemu="QEMU emulator version 11.1.1" serial=a3706151bca56214fec854c9631997a9779394feb421c2d2a235b2d4e8a368f7 iso=27dac5f27bccdf9661a89060dfde76396c1921944ebe9998adf8fffbc8ab2dcc
native uefi legacy halt-status=0 accel=tcg qemu="QEMU emulator version 11.1.1" serial=88c200181fd4468347a629d242befd742e0a2119cdf6c5c99e13092216627108 iso=27dac5f27bccdf9661a89060dfde76396c1921944ebe9998adf8fffbc8ab2dcc
release uefi net halt-status=0 accel=tcg qemu="QEMU emulator version 11.1.1" serial=98fadb5ba16ae52d498610a406d863e8139ec08d884fc6c4059c88c91e876f8a iso=51dff2101c4b203c30df8a9ff2ca61ddcbb7e4b5e675c6c0b5afd644467c711c pcap=c25443514911f966c6a14d880789fcc717d53df884b7b1aa0c822af8a02b41fa (10730408 bytes)
release uefi modern halt-status=0 accel=tcg qemu="QEMU emulator version 11.1.1" serial=fd9ddc430e209508e3c056665b06dce02d174084fe37baf549f0cad30e1b7ef8 iso=51dff2101c4b203c30df8a9ff2ca61ddcbb7e4b5e675c6c0b5afd644467c711c pcap=6d95f66abd3a8920e0c40871ba99ba1db3c1cbb92808e5b06f576e4578eb5ee7 (10730604 bytes)
release uefi absent halt-status=0 accel=tcg qemu="QEMU emulator version 11.1.1" serial=a3706151bca56214fec854c9631997a9779394feb421c2d2a235b2d4e8a368f7 iso=51dff2101c4b203c30df8a9ff2ca61ddcbb7e4b5e675c6c0b5afd644467c711c
release uefi legacy halt-status=0 accel=tcg qemu="QEMU emulator version 11.1.1" serial=88c200181fd4468347a629d242befd742e0a2119cdf6c5c99e13092216627108 iso=51dff2101c4b203c30df8a9ff2ca61ddcbb7e4b5e675c6c0b5afd644467c711c
mpx4-net: mpx4-net: PASS
rc 0
