mpx3-shell: PASS S1 native bios shell-serial: 5 programs, pids 1 2 3 4 5, each ended; user: frames free 41044 before, 40617 with 1 processes, 41044 after
mpx3-shell: PASS S2 native bios shell-serial: the session byte-identical to Linux's (16 lines, 8bfdba51179d…), exit 0
mpx3-shell: PASS S3 native bios shell-serial: 86 typed through serial, all counted there (console: 86 bytes from com1, 0 keys (0 scancodes) from the keyboard, 86 reads, 9 waited, 0 dropped)
mpx3-shell: PASS S4 native bios shell-serial: -ENOSYS only for '273 334'; refused: nothing
mpx3-shell: PASS S5 native bios shell-serial: init ended, status 0; qemu-halt: HALTED in pax_halt (RIP ffffffff8000019a, unchanged a second later; IF clear; serial still at 3952 bytes; accel tcg; quit -> 0)
mpx3-shell: PASS S1 native bios shell-ps2: 3 programs, pids 1 2 3, each ended; user: frames free 41044 before, 40617 with 1 processes, 41044 after
mpx3-shell: PASS S2 native bios shell-ps2: the session byte-identical to Linux's (5 lines, 3c67272454fe…), exit 0
mpx3-shell: PASS S3 native bios shell-ps2: 27 typed through ps2, all counted there (console: 0 bytes from com1, 27 keys (54 scancodes) from the keyboard, 27 reads, 3 waited, 0 dropped)
mpx3-shell: PASS S4 native bios shell-ps2: -ENOSYS only for '273 334'; refused: nothing
mpx3-shell: PASS S5 native bios shell-ps2: init ended, status 0; qemu-halt: HALTED in pax_halt (RIP ffffffff8000019a, unchanged a second later; IF clear; serial still at 2913 bytes; accel tcg; quit -> 0)
mpx3-shell: PASS S1 native bios procs: 9 programs, pids 1 2 3 4 5 6 7 8 9, each ended; user: frames free 64900 before, 64849 with 1 processes, 64900 after
mpx3-shell: PASS S2 native bios procs: the session byte-identical to Linux's (23 lines, 077845a54fe9…), exit 0
mpx3-shell: PASS S3 native bios procs: 0 typed through serial, all counted there (console: 0 bytes from com1, 0 keys (0 scancodes) from the keyboard, 0 reads, 0 waited, 0 dropped)
mpx3-shell: PASS S4 native bios procs: -ENOSYS only for 'nothing'; refused: user: exec /etc/script: refused: not an ELF file|syscall 59: refused: not a static x86-64 ELF executable PAX runs, -8|syscall 62: refused: signals are not delivered yet, -38
mpx3-shell: PASS S5 native bios procs: init ended, status 0; qemu-halt: HALTED in pax_halt (RIP ffffffff8000019a, unchanged a second later; IF clear; serial still at 5650 bytes; accel tcg; quit -> 0)
mpx3-shell: PASS S1 release bios shell-serial: 5 programs, pids 1 2 3 4 5, each ended; user: frames free 41067 before, 40640 with 1 processes, 41067 after
mpx3-shell: PASS S2 release bios shell-serial: the session byte-identical to Linux's (16 lines, 8bfdba51179d…), exit 0
mpx3-shell: PASS S3 release bios shell-serial: 86 typed through serial, all counted there (console: 86 bytes from com1, 0 keys (0 scancodes) from the keyboard, 86 reads, 9 waited, 0 dropped)
mpx3-shell: PASS S4 release bios shell-serial: -ENOSYS only for '273 334'; refused: nothing
mpx3-shell: PASS S5 release bios shell-serial: init ended, status 0; qemu-halt: HALTED in pax_halt (RIP ffffffff8000019a, unchanged a second later; IF clear; serial still at 3944 bytes; accel tcg; quit -> 0)
mpx3-shell: PASS S1 release bios shell-ps2: 3 programs, pids 1 2 3, each ended; user: frames free 41067 before, 40640 with 1 processes, 41067 after
mpx3-shell: PASS S2 release bios shell-ps2: the session byte-identical to Linux's (5 lines, 3c67272454fe…), exit 0
mpx3-shell: PASS S3 release bios shell-ps2: 27 typed through ps2, all counted there (console: 0 bytes from com1, 27 keys (53 scancodes) from the keyboard, 27 reads, 3 waited, 0 dropped)
mpx3-shell: PASS S4 release bios shell-ps2: -ENOSYS only for '273 334'; refused: nothing
mpx3-shell: PASS S5 release bios shell-ps2: init ended, status 0; qemu-halt: HALTED in pax_halt (RIP ffffffff8000019a, unchanged a second later; IF clear; serial still at 2913 bytes; accel tcg; quit -> 0)
mpx3-shell: PASS S1 release bios procs: 9 programs, pids 1 2 3 4 5 6 7 8 9, each ended; user: frames free 64923 before, 64872 with 1 processes, 64923 after
mpx3-shell: PASS S2 release bios procs: the session byte-identical to Linux's (23 lines, 077845a54fe9…), exit 0
mpx3-shell: PASS S3 release bios procs: 0 typed through serial, all counted there (console: 0 bytes from com1, 0 keys (0 scancodes) from the keyboard, 0 reads, 0 waited, 0 dropped)
mpx3-shell: PASS S4 release bios procs: -ENOSYS only for 'nothing'; refused: user: exec /etc/script: refused: not an ELF file|syscall 59: refused: not a static x86-64 ELF executable PAX runs, -8|syscall 62: refused: signals are not delivered yet, -38
mpx3-shell: PASS S5 release bios procs: init ended, status 0; qemu-halt: HALTED in pax_halt (RIP ffffffff8000019a, unchanged a second later; IF clear; serial still at 5650 bytes; accel tcg; quit -> 0)
mpx3-shell: PASS S1 native uefi shell-serial: 5 programs, pids 1 2 3 4 5, each ended; user: frames free 29563 before, 29136 with 1 processes, 29563 after
mpx3-shell: PASS S2 native uefi shell-serial: the session byte-identical to Linux's (16 lines, 8bfdba51179d…), exit 0
mpx3-shell: PASS S3 native uefi shell-serial: 86 typed through serial, all counted there (console: 86 bytes from com1, 0 keys (0 scancodes) from the keyboard, 86 reads, 9 waited, 0 dropped)
mpx3-shell: PASS S4 native uefi shell-serial: -ENOSYS only for '273 334'; refused: nothing
mpx3-shell: PASS S5 native uefi shell-serial: init ended, status 0; qemu-halt: HALTED in pax_halt (RIP ffffffff8000019a, unchanged a second later; IF clear; serial still at 4214 bytes; accel tcg; quit -> 0)
mpx3-shell: PASS S1 native uefi shell-ps2: 3 programs, pids 1 2 3, each ended; user: frames free 29563 before, 29136 with 1 processes, 29563 after
mpx3-shell: PASS S2 native uefi shell-ps2: the session byte-identical to Linux's (5 lines, 3c67272454fe…), exit 0
mpx3-shell: PASS S3 native uefi shell-ps2: 27 typed through ps2, all counted there (console: 0 bytes from com1, 27 keys (53 scancodes) from the keyboard, 27 reads, 3 waited, 0 dropped)
mpx3-shell: PASS S4 native uefi shell-ps2: -ENOSYS only for '273 334'; refused: nothing
mpx3-shell: PASS S5 native uefi shell-ps2: init ended, status 0; qemu-halt: HALTED in pax_halt (RIP ffffffff8000019a, unchanged a second later; IF clear; serial still at 3183 bytes; accel tcg; quit -> 0)
mpx3-shell: PASS S1 native uefi procs: 9 programs, pids 1 2 3 4 5 6 7 8 9, each ended; user: frames free 53418 before, 53367 with 1 processes, 53418 after
mpx3-shell: PASS S2 native uefi procs: the session byte-identical to Linux's (23 lines, 077845a54fe9…), exit 0
mpx3-shell: PASS S3 native uefi procs: 0 typed through serial, all counted there (console: 0 bytes from com1, 0 keys (0 scancodes) from the keyboard, 0 reads, 0 waited, 0 dropped)
mpx3-shell: PASS S4 native uefi procs: -ENOSYS only for 'nothing'; refused: user: exec /etc/script: refused: not an ELF file|syscall 59: refused: not a static x86-64 ELF executable PAX runs, -8|syscall 62: refused: signals are not delivered yet, -38
mpx3-shell: PASS S5 native uefi procs: init ended, status 0; qemu-halt: HALTED in pax_halt (RIP ffffffff8000019a, unchanged a second later; IF clear; serial still at 5921 bytes; accel tcg; quit -> 0)
mpx3-shell: PASS S1 release uefi shell-serial: 5 programs, pids 1 2 3 4 5, each ended; user: frames free 29586 before, 29159 with 1 processes, 29586 after
mpx3-shell: PASS S2 release uefi shell-serial: the session byte-identical to Linux's (16 lines, 8bfdba51179d…), exit 0
mpx3-shell: PASS S3 release uefi shell-serial: 86 typed through serial, all counted there (console: 86 bytes from com1, 0 keys (0 scancodes) from the keyboard, 86 reads, 9 waited, 0 dropped)
mpx3-shell: PASS S4 release uefi shell-serial: -ENOSYS only for '273 334'; refused: nothing
mpx3-shell: PASS S5 release uefi shell-serial: init ended, status 0; qemu-halt: HALTED in pax_halt (RIP ffffffff8000019a, unchanged a second later; IF clear; serial still at 4214 bytes; accel tcg; quit -> 0)
mpx3-shell: PASS S1 release uefi shell-ps2: 3 programs, pids 1 2 3, each ended; user: frames free 29586 before, 29159 with 1 processes, 29586 after
mpx3-shell: PASS S2 release uefi shell-ps2: the session byte-identical to Linux's (5 lines, 3c67272454fe…), exit 0
mpx3-shell: PASS S3 release uefi shell-ps2: 27 typed through ps2, all counted there (console: 0 bytes from com1, 27 keys (53 scancodes) from the keyboard, 27 reads, 3 waited, 0 dropped)
mpx3-shell: PASS S4 release uefi shell-ps2: -ENOSYS only for '273 334'; refused: nothing
mpx3-shell: PASS S5 release uefi shell-ps2: init ended, status 0; qemu-halt: HALTED in pax_halt (RIP ffffffff8000019a, unchanged a second later; IF clear; serial still at 3183 bytes; accel tcg; quit -> 0)
mpx3-shell: PASS S1 release uefi procs: 9 programs, pids 1 2 3 4 5 6 7 8 9, each ended; user: frames free 53442 before, 53391 with 1 processes, 53442 after
mpx3-shell: PASS S2 release uefi procs: the session byte-identical to Linux's (23 lines, 077845a54fe9…), exit 0
mpx3-shell: PASS S3 release uefi procs: 0 typed through serial, all counted there (console: 0 bytes from com1, 0 keys (0 scancodes) from the keyboard, 0 reads, 0 waited, 0 dropped)
mpx3-shell: PASS S4 release uefi procs: -ENOSYS only for 'nothing'; refused: user: exec /etc/script: refused: not an ELF file|syscall 59: refused: not a static x86-64 ELF executable PAX runs, -8|syscall 62: refused: signals are not delivered yet, -38
mpx3-shell: PASS S5 release uefi procs: init ended, status 0; qemu-halt: HALTED in pax_halt (RIP ffffffff8000019a, unchanged a second later; IF clear; serial still at 5921 bytes; accel tcg; quit -> 0)
native kmain_console bios shell-serial halt-status=0 accel=tcg serial=f75a55731c2839b69182ccc42839744a32d77c08ce4cbeb28f446d0e7fa1b569 iso=379b737ddbab655aeb9f1bea5196739e63914f54391f8413b05972ea35bb212c
native kmain_console bios shell-ps2 halt-status=0 accel=tcg serial=b12fcc23beee4acac4a55d324befc274b0b8715abe64c947deba2322d634bd08 iso=379b737ddbab655aeb9f1bea5196739e63914f54391f8413b05972ea35bb212c
native kmain_console bios procs halt-status=0 accel=tcg serial=8f985bbaa5395ca9d2bedc57e4985f32ab2787fb8aa4289f0f9731c47ace8728 iso=6fe7cc15e1619a5d08e258ec7038dcbbde86c2a36d4df34c3a64ef504ae53177
release kmain_console bios shell-serial halt-status=0 accel=tcg serial=51e8fede7db8239c9578f40916ef4594218f52c5913f0e93acc216c151430a51 iso=b488d8f3102b2826a308f6b7a01affc4fc696017c8a621add9467e0c7cfb1d41
release kmain_console bios shell-ps2 halt-status=0 accel=tcg serial=feffb897a59ffd573250fd4817b73ed525bb5fd95099622da50c4959e85e388c iso=b488d8f3102b2826a308f6b7a01affc4fc696017c8a621add9467e0c7cfb1d41
release kmain_console bios procs halt-status=0 accel=tcg serial=0bf1eb1673171b609197659bf7251beb459da91d06ce2323e52a79c33f89c79e iso=62ccf15ef3cd047289e513682b2d84186f210f8f3a6b649a437b3ab7e397484e
native kmain_console uefi shell-serial halt-status=0 accel=tcg serial=9319f7a860701b5f23e78509cf7f1549a8744007652514dc8c00c869ebf74e0b iso=379b737ddbab655aeb9f1bea5196739e63914f54391f8413b05972ea35bb212c
native kmain_console uefi shell-ps2 halt-status=0 accel=tcg serial=3b69c3722456310eaefde86630dd376e745b904c6592b1ce516c05c3357ae583 iso=379b737ddbab655aeb9f1bea5196739e63914f54391f8413b05972ea35bb212c
native kmain_console uefi procs halt-status=0 accel=tcg serial=51b15b094d03c72dc1a57c7be97c703c1875d6ed0567c9997e347c28f428e81c iso=6fe7cc15e1619a5d08e258ec7038dcbbde86c2a36d4df34c3a64ef504ae53177
release kmain_console uefi shell-serial halt-status=0 accel=tcg serial=dcd37df00700ce0a31e2aac92084b73d1f8ef1d29ea74399bd194801fe3533e3 iso=b488d8f3102b2826a308f6b7a01affc4fc696017c8a621add9467e0c7cfb1d41
release kmain_console uefi shell-ps2 halt-status=0 accel=tcg serial=6a6e886f6e237538bc119d01ca1de0fc6d2067d72a7b15817a9443bb9ead04bc iso=b488d8f3102b2826a308f6b7a01affc4fc696017c8a621add9467e0c7cfb1d41
release kmain_console uefi procs halt-status=0 accel=tcg serial=4841134fbc8088d4c5f281ed79b13f2b2520a50788c16409a76a6e90918641c8 iso=62ccf15ef3cd047289e513682b2d84186f210f8f3a6b649a437b3ab7e397484e
mpx3-shell: mpx3-shell: PASS
