tour: wolf: wolf 0.2.25 (wolfgang, pin 6710f9e)
fetch-limine: limine 12.9.1 already staged (/home/mfwolffe/lanes/px14/cache/limine-12.9.1)
build-kernel: ok: step 2 (kmain_tour, native): 25 wolf object(s), imports {limine_base_revision,limine_bootloader_info_request,limine_executable_address_request,limine_firmware_type_request,limine_hhdm_request,limine_memmap_request,limine_module_request,pax_apic_base,pax_argbuf,pax_con_ring,pax_con_state,pax_cpuid,pax_cpuid7_ebx,pax_cpuid_nx,pax_cr0,pax_cr2,pax_cr3,pax_cr4,__pax_data_start,pax_efer,pax_enter_user,pax_execbuf,pax_fpu_restore,pax_fpu_save,pax_fpu_state,pax_gdt,pax_gdtr,pax_halt,pax_idle,pax_idt,pax_idtr,__pax_image_end,__pax_image_start,pax_inb,pax_invlpg,pax_irq_restore,pax_irq_save,pax_isr_table,pax_ist1_stack,pax_ist1_top,pax_kbuf,pax_lidt,pax_load_gdt,pax_ltr,pax_outb,pax_pause,pax_peek_user,pax_procs,pax_rdmsr,pax_rdrand,pax_rdtsc,__pax_rodata_end,__pax_rodata_start,pax_rsp,pax_sched_locks,pax_sched_state,pax_set_cr0,pax_set_cr3,pax_set_cr4,pax_set_efer,pax_switch,pax_syscall_entry,pax_syscall_state,__pax_text_end,__pax_text_start,pax_thread_entry,pax_threads,pax_tick_count,pax_tss,pax_uprogs,pax_wait,pax_wrmsr,pax_xgetbv0,pax_xsetbv0}, wolf_trap defined in wolf, kmain T, no main, no xmm/ymm, nothing below %rsp
build-kernel: ok: step 2 (kmain_tour_text, native): 24 wolf object(s), imports {limine_base_revision,limine_bootloader_info_request,limine_executable_address_request,limine_firmware_type_request,limine_hhdm_request,limine_memmap_request,limine_module_request,pax_apic_base,pax_argbuf,pax_con_ring,pax_con_state,pax_cpuid,pax_cpuid7_ebx,pax_cpuid_nx,pax_cr0,pax_cr2,pax_cr3,pax_cr4,__pax_data_start,pax_efer,pax_enter_user,pax_execbuf,pax_fpu_restore,pax_fpu_save,pax_fpu_state,pax_gdt,pax_gdtr,pax_halt,pax_idle,pax_idt,pax_idtr,__pax_image_end,__pax_image_start,pax_inb,pax_invlpg,pax_irq_restore,pax_irq_save,pax_isr_table,pax_ist1_stack,pax_ist1_top,pax_kbuf,pax_lidt,pax_load_gdt,pax_ltr,pax_outb,pax_pause,pax_peek_user,pax_procs,pax_rdmsr,pax_rdrand,pax_rdtsc,__pax_rodata_end,__pax_rodata_start,pax_rsp,pax_sched_locks,pax_sched_state,pax_set_cr0,pax_set_cr3,pax_set_cr4,pax_set_efer,pax_switch,pax_syscall_entry,pax_syscall_state,__pax_text_end,__pax_text_start,pax_thread_entry,pax_threads,pax_tick_count,pax_tss,pax_uprogs,pax_wait,pax_wrmsr,pax_xgetbv0,pax_xsetbv0}, wolf_trap defined in wolf, kmain T, no main, no xmm/ymm, nothing below %rsp
tour: built native with wolf 0.2.25 (wolfgang, pin 6710f9e)
dd2e76e6db561d9a907752eddac76911130c9719212ff243ea08f4e13f83d3da  pax-tour.iso
788471dfcb8d8db2458e6eed3319f4bfd2767c4c3d4cc6aecfa5a0f688608a0f  pax-tour-b.iso
tour: PASS R0 native: both kernels pass build-kernel's assertions; dd2e76e6db561d9a907752eddac76911130c9719212ff243ea08f4e13f83d3da  pax-tour.iso 788471dfcb8d8db2458e6eed3319f4bfd2767c4c3d4cc6aecfa5a0f688608a0f  pax-tour-b.iso
fetch-limine: limine 12.9.1 already staged (/home/mfwolffe/lanes/px14/cache/limine-12.9.1)
build-kernel: ok: step 2 (kmain_tour, release): 8 wolf object(s), imports {limine_base_revision,limine_bootloader_info_request,limine_executable_address_request,limine_firmware_type_request,limine_hhdm_request,limine_memmap_request,limine_module_request,pax_apic_base,pax_argbuf,pax_con_ring,pax_con_state,pax_cpuid,pax_cpuid_nx,pax_cr0,pax_cr2,pax_cr3,pax_cr4,__pax_data_start,pax_efer,pax_enter_user,pax_fpu_restore,pax_fpu_save,pax_fpu_state,pax_gdt,pax_gdtr,pax_halt,pax_idle,pax_idt,pax_idtr,__pax_image_end,__pax_image_start,pax_inb,pax_invlpg,pax_irq_restore,pax_irq_save,pax_isr_table,pax_ist1_stack,pax_ist1_top,pax_kbuf,pax_lidt,pax_load_gdt,pax_ltr,pax_outb,pax_pause,pax_peek_user,pax_procs,pax_rdrand,pax_rdtsc,__pax_rodata_end,__pax_rodata_start,pax_rsp,pax_sched_locks,pax_sched_state,pax_set_cr3,pax_set_efer,pax_switch,pax_syscall_state,__pax_text_end,__pax_text_start,pax_thread_entry,pax_threads,pax_tick_count,pax_tss,pax_wait,pax_wrmsr}, wolf_trap defined in wolf, kmain T, no main, no xmm/ymm, nothing below %rsp, IR noredzone + no-SSE
build-kernel: ok: step 2 (kmain_tour_text, release): 8 wolf object(s), imports {limine_base_revision,limine_bootloader_info_request,limine_executable_address_request,limine_firmware_type_request,limine_hhdm_request,limine_memmap_request,limine_module_request,pax_apic_base,pax_argbuf,pax_con_ring,pax_con_state,pax_cpuid,pax_cpuid_nx,pax_cr0,pax_cr2,pax_cr3,pax_cr4,__pax_data_start,pax_efer,pax_enter_user,pax_fpu_restore,pax_fpu_save,pax_fpu_state,pax_gdt,pax_gdtr,pax_halt,pax_idle,pax_idt,pax_idtr,__pax_image_end,__pax_image_start,pax_inb,pax_invlpg,pax_irq_restore,pax_irq_save,pax_isr_table,pax_ist1_stack,pax_ist1_top,pax_kbuf,pax_lidt,pax_load_gdt,pax_ltr,pax_outb,pax_pause,pax_peek_user,pax_procs,pax_rdrand,pax_rdtsc,__pax_rodata_end,__pax_rodata_start,pax_rsp,pax_sched_locks,pax_sched_state,pax_set_cr3,pax_set_efer,pax_switch,pax_syscall_state,__pax_text_end,__pax_text_start,pax_thread_entry,pax_threads,pax_tick_count,pax_tss,pax_wait,pax_wrmsr}, wolf_trap defined in wolf, kmain T, no main, no xmm/ymm, nothing below %rsp, IR noredzone + no-SSE
tour: built release with wolf 0.2.25 (wolfgang, pin 6710f9e)
d5ef21b0f9846127c9f3b158eafc75a4333816e65dc1695af299dbc48f8bb49c  pax-tour.iso
e9025a1ad8c8e9154ad42071f12ad17b8bbe224a9566cf700a5962a168ce6d6b  pax-tour-b.iso
tour: PASS R0 release: both kernels pass build-kernel's assertions; d5ef21b0f9846127c9f3b158eafc75a4333816e65dc1695af299dbc48f8bb49c  pax-tour.iso e9025a1ad8c8e9154ad42071f12ad17b8bbe224a9566cf700a5962a168ce6d6b  pax-tour-b.iso
tour: PASS R1 native pax-tour bios: banner (wolf 0.2.25), stages 1/5 to 5/5 in order, closing lines, countdown
tour: PASS R2 native pax-tour bios: frame 0x0000000000105000: free 64927 -> 64926 -> 64927
tour: PASS R3 native pax-tour bios: text r-x, rodata r--, data rw- (every page alike), hhdm rw-, lower half empty
tour: PASS R4 native pax-tour bios: 24 lines, 6 per worker at runs 5..30, all four under way by line 4, the first finished at line 21; joined, frames free 64909 = 64909
tour: PASS R5 native pax-tour bios: thread 6 overran its stack, cr2 0xffffd0000002bfe8 in its guard [0xffffd00000020000, 0xffffd0000002c000), PANIC stack overflow by name; qemu-halt: HALTED in pax_halt (RIP ffffffff8000019a, unchanged a second later; IF clear; serial still at 4418 bytes; accel tcg; quit -> 0)
tour: PASS R1 native pax-tour-b bios: banner (wolf 0.2.25), stages 1/5 to 5/5 in order, closing lines, countdown
tour: PASS R2 native pax-tour-b bios: frame 0x0000000000105000: free 64930 -> 64929 -> 64930
tour: PASS R3 native pax-tour-b bios: text r-x, rodata r--, data rw- (every page alike), hhdm rw-, lower half empty
tour: PASS R4 native pax-tour-b bios: 24 lines, 6 per worker at runs 5..30, all four under way by line 4, the first finished at line 21; joined, frames free 64912 = 64912
tour: PASS R6 native pax-tour-b bios: the write to text at 0xffffffff80000040 (in [0xffffffff80000000, 0xffffffff80030000), r-x) panicked page fault vector 14, cr2 0xffffffff80000040; qemu-halt: HALTED in pax_halt (RIP ffffffff8000019a, unchanged a second later; IF clear; serial still at 4408 bytes; accel tcg; quit -> 0)
tour: PASS R1 release pax-tour bios: banner (wolf 0.2.25), stages 1/5 to 5/5 in order, closing lines, countdown
tour: PASS R2 release pax-tour bios: frame 0x0000000000105000: free 64967 -> 64966 -> 64967
tour: PASS R3 release pax-tour bios: text r-x, rodata r--, data rw- (every page alike), hhdm rw-, lower half empty
tour: PASS R4 release pax-tour bios: 24 lines, 6 per worker at runs 5..30, all four under way by line 4, the first finished at line 21; joined, frames free 64949 = 64949
tour: PASS R5 release pax-tour bios: thread 6 overran its stack, cr2 0xffffd0000002bff8 in its guard [0xffffd00000020000, 0xffffd0000002c000), PANIC stack overflow by name; qemu-halt: HALTED in pax_halt (RIP ffffffff8000019a, unchanged a second later; IF clear; serial still at 4418 bytes; accel tcg; quit -> 0)
tour: PASS R1 release pax-tour-b bios: banner (wolf 0.2.25), stages 1/5 to 5/5 in order, closing lines, countdown
tour: PASS R2 release pax-tour-b bios: frame 0x0000000000105000: free 64973 -> 64972 -> 64973
tour: PASS R3 release pax-tour-b bios: text r-x, rodata r--, data rw- (every page alike), hhdm rw-, lower half empty
tour: PASS R4 release pax-tour-b bios: 24 lines, 6 per worker at runs 5..30, all four under way by line 4, the first finished at line 21; joined, frames free 64955 = 64955
tour: PASS R6 release pax-tour-b bios: the write to text at 0xffffffff80000040 (in [0xffffffff80000000, 0xffffffff80029000), r-x) panicked page fault vector 14, cr2 0xffffffff80000040; qemu-halt: HALTED in pax_halt (RIP ffffffff8000019a, unchanged a second later; IF clear; serial still at 4408 bytes; accel tcg; quit -> 0)
tour: PASS R7 native pax-tour bios: headings at 5.13 8.13 11.13 14.13 19.13 s, PANIC at 28.45 s (QEMU start = 0)
tour: PASS R1 native pax-tour uefi: banner (wolf 0.2.25), stages 1/5 to 5/5 in order, closing lines, countdown
tour: PASS R2 native pax-tour uefi: frame 0x0000000000104000: free 53450 -> 53449 -> 53450
tour: PASS R3 native pax-tour uefi: text r-x, rodata r--, data rw- (every page alike), hhdm rw-, lower half empty
tour: PASS R4 native pax-tour uefi: 24 lines, 6 per worker at runs 5..30, all four under way by line 4, the first finished at line 21; joined, frames free 53429 = 53429
tour: PASS R5 native pax-tour uefi: thread 6 overran its stack, cr2 0xffffd0000002bfe8 in its guard [0xffffd00000020000, 0xffffd0000002c000), PANIC stack overflow by name; qemu-halt: HALTED in pax_halt (RIP ffffffff8000019a, unchanged a second later; IF clear; serial still at 13251 bytes; accel tcg; quit -> 0)
tour: PASS R1 native pax-tour-b uefi: banner (wolf 0.2.25), stages 1/5 to 5/5 in order, closing lines, countdown
tour: PASS R2 native pax-tour-b uefi: frame 0x0000000000104000: free 53453 -> 53452 -> 53453
tour: PASS R3 native pax-tour-b uefi: text r-x, rodata r--, data rw- (every page alike), hhdm rw-, lower half empty
tour: PASS R4 native pax-tour-b uefi: 24 lines, 6 per worker at runs 5..30, all four under way by line 4, the first finished at line 21; joined, frames free 53432 = 53432
tour: PASS R6 native pax-tour-b uefi: the write to text at 0xffffffff80000040 (in [0xffffffff80000000, 0xffffffff80030000), r-x) panicked page fault vector 14, cr2 0xffffffff80000040; qemu-halt: HALTED in pax_halt (RIP ffffffff8000019a, unchanged a second later; IF clear; serial still at 13291 bytes; accel tcg; quit -> 0)
tour: PASS R1 release pax-tour uefi: banner (wolf 0.2.25), stages 1/5 to 5/5 in order, closing lines, countdown
tour: PASS R2 release pax-tour uefi: frame 0x0000000000104000: free 53490 -> 53489 -> 53490
tour: PASS R3 release pax-tour uefi: text r-x, rodata r--, data rw- (every page alike), hhdm rw-, lower half empty
tour: PASS R4 release pax-tour uefi: 24 lines, 6 per worker at runs 5..30, all four under way by line 4, the first finished at line 21; joined, frames free 53470 = 53470
tour: PASS R5 release pax-tour uefi: thread 6 overran its stack, cr2 0xffffd0000002bff8 in its guard [0xffffd00000020000, 0xffffd0000002c000), PANIC stack overflow by name; qemu-halt: HALTED in pax_halt (RIP ffffffff8000019a, unchanged a second later; IF clear; serial still at 13251 bytes; accel tcg; quit -> 0)
tour: PASS R1 release pax-tour-b uefi: banner (wolf 0.2.25), stages 1/5 to 5/5 in order, closing lines, countdown
tour: PASS R2 release pax-tour-b uefi: frame 0x0000000000104000: free 53496 -> 53495 -> 53496
tour: PASS R3 release pax-tour-b uefi: text r-x, rodata r--, data rw- (every page alike), hhdm rw-, lower half empty
tour: PASS R4 release pax-tour-b uefi: 24 lines, 6 per worker at runs 5..30, all four under way by line 4, the first finished at line 21; joined, frames free 53476 = 53476
tour: PASS R6 release pax-tour-b uefi: the write to text at 0xffffffff80000040 (in [0xffffffff80000000, 0xffffffff80029000), r-x) panicked page fault vector 14, cr2 0xffffffff80000040; qemu-halt: HALTED in pax_halt (RIP ffffffff8000019a, unchanged a second later; IF clear; serial still at 13291 bytes; accel tcg; quit -> 0)
tour: PASS R7 native pax-tour uefi: headings at 6.19 9.19 12.19 15.19 20.20 s, PANIC at 29.51 s (QEMU start = 0)
native pax-tour bios halt-status=0 accel=tcg serial=26606998f6aff510c668e22c171dba1aa1326f28b20902c42a08735869eb1ca7 iso=dd2e76e6db561d9a907752eddac76911130c9719212ff243ea08f4e13f83d3da
native pax-tour-b bios halt-status=0 accel=tcg serial=6e8a1b10c7fb3e089135da07f79f5d2c46f3f9676500f1cb63a0d30b8fae28d7 iso=788471dfcb8d8db2458e6eed3319f4bfd2767c4c3d4cc6aecfa5a0f688608a0f
release pax-tour bios halt-status=0 accel=tcg serial=320639d1c3a16707af80d12111734772293b4044d9a6df5ebb7062f74da3c291 iso=d5ef21b0f9846127c9f3b158eafc75a4333816e65dc1695af299dbc48f8bb49c
release pax-tour-b bios halt-status=0 accel=tcg serial=4554ce67716b8f57d679ddd054ee087db172aec25a6f2331bd68b9510cc9a33b iso=e9025a1ad8c8e9154ad42071f12ad17b8bbe224a9566cf700a5962a168ce6d6b
native pax-tour uefi halt-status=0 accel=tcg serial=fc644cfba9dcef15d0af129a90734400ca8fc166ef1497110b8290a650524d7e iso=dd2e76e6db561d9a907752eddac76911130c9719212ff243ea08f4e13f83d3da
native pax-tour-b uefi halt-status=0 accel=tcg serial=10190aa7c663efd6027524cb590e578bb3a49ca67ff9891f57ac136050551773 iso=788471dfcb8d8db2458e6eed3319f4bfd2767c4c3d4cc6aecfa5a0f688608a0f
release pax-tour uefi halt-status=0 accel=tcg serial=dd1591ad2725f5976e46680c9c3a65ee44c1df008aeaa567d5a41a0bab72f78e iso=d5ef21b0f9846127c9f3b158eafc75a4333816e65dc1695af299dbc48f8bb49c
release pax-tour-b uefi halt-status=0 accel=tcg serial=f2e96f0c1dc16c236814b929ca937a20df08dd95886756f7436a3878dc7773b3 iso=e9025a1ad8c8e9154ad42071f12ad17b8bbe224a9566cf700a5962a168ce6d6b
tour: tour: PASS
