mpx3-shell: FAIL S1 native bios shell-serial: fewer than two programs ran ('2'); exec pids '2', not '1'; init is not 'pelt pid 1';
mpx3-shell: FAIL S2 native bios shell-serial: the session differs from Linux's: 1,16d0|< $ ls /bin|< cat    echo   false  head   ls     pelt   sleep  true   wc|< $ cat /etc/motd|< PAX: this is /etc/motd, a text file in the initramfs, and not an ELF executable.|< $ wc /etc/motd|<  1 15 81 /etc/motd|< $ echo hi|< hi|< $ false; echo $?|< 1|< $ sleep 1|; exit '' on PAX, '0' on Linux; an empty session;
mpx3-shell: PASS S3 native bios shell-serial: 86 typed through serial, all counted there (console: 86 bytes from com1, 0 keys (0 scancodes) from the keyboard, 86 reads, 9 waited, 0 dropped)
mpx3-shell: FAIL S4 native bios shell-serial: -ENOSYS for '14 56 273 334 435', not '273 334';
mpx3-shell: PASS S5 native bios shell-serial: init ended, status 0; qemu-halt: HALTED in pax_halt (RIP ffffffff8000019a, unchanged a second later; IF clear; serial still at 2257 bytes; accel tcg; quit -> 0)
mpx3-shell: FAIL S1 native bios shell-ps2: fewer than two programs ran ('2'); exec pids '2', not '1'; init is not 'pelt pid 1';
mpx3-shell: FAIL S2 native bios shell-ps2: the session differs from Linux's: 1,5d0|< $ ls /bin|< cat    echo   false  head   ls     pelt   sleep  true   wc|< $ cat /etc/motd|< PAX: this is /etc/motd, a text file in the initramfs, and not an ELF executable.|< $ exit|; exit '' on PAX, '0' on Linux; an empty session;
mpx3-shell: PASS S3 native bios shell-ps2: 27 typed through ps2, all counted there (console: 0 bytes from com1, 27 keys (53 scancodes) from the keyboard, 27 reads, 3 waited, 0 dropped)
mpx3-shell: FAIL S4 native bios shell-ps2: -ENOSYS for '14 56 273 334 435', not '273 334';
mpx3-shell: FAIL S5 native bios shell-ps2: no 'PAX: init /bin/pelt ended with status 0' (PAX: init /bin/pelt ended with status 126; nothing left to run);
mpx3-shell: FAIL S1 native bios procs: fewer than two programs ran ('2'); exec pids '2', not '1'; init is not 'procs pid 1';
mpx3-shell: FAIL S2 native bios procs: the session differs from Linux's: 1,23d0|< procs: pid 1 ppid 0 tid 1|< cloexec: opened 3 with O_CLOEXEC, 4 without|< fds: pid 2 ppid 1 tid 2 fd3 -9 fd4 PAX:|< wait4 fds: 2 status 0x300|< wait4 segv: 3 status 0xb|< child: pid 4 ppid 1 tid 4 exit 5|< wait4 zombie, WNOHANG: 4 status 0x500|< orphan: pid 5 ppid 1 tid 5|< orphan: started 6, exits without waiting|< wait4 orphan: 5 status 0x0|< grandchild: pid 6 ppid 1 tid 6|; exit '' on PAX, '0' on Linux; an empty session;
mpx3-shell: PASS S3 native bios procs: 0 typed through serial, all counted there (console: 0 bytes from com1, 0 keys (0 scancodes) from the keyboard, 0 reads, 0 waited, 0 dropped)
mpx3-shell: FAIL S4 native bios procs: -ENOSYS for '13 14 33 39 56 59 61 62 110 247 292', not ''; refusals '', not 'user: exec /etc/script: refused: not an ELF file|syscall 59: refused: not a static x86-64 ELF executable PAX runs, -8|syscall 62: refused: signals are not delivered yet, -38';
mpx3-shell: PASS S5 native bios procs: init ended, status 0; qemu-halt: HALTED in pax_halt (RIP ffffffff8000019a, unchanged a second later; IF clear; serial still at 2471 bytes; accel tcg; quit -> 0)
native kmain_console bios shell-serial halt-status=0 accel=tcg serial=0fe6c3312e13cfdea5ab9f3a47d93ea538f5399679d2616ba3d1133ca17f6c92 iso=d5b6ca6ae344b0bff120b47b1d792449256033a1b5ae5c41324fd4daa49028c3
native kmain_console bios shell-ps2 halt-status=0 accel=tcg serial=6b879ae24e33a8f6e347c7bc6b07f5e832b1efb99afdf94eac4cb323ba7ecd01 iso=d5b6ca6ae344b0bff120b47b1d792449256033a1b5ae5c41324fd4daa49028c3
native kmain_console bios procs halt-status=0 accel=tcg serial=b5bfe6d9d23ffef331333b18b2cd7aec31df3ba33559096f54bf988255fcb0d6 iso=46186d53d649f365249dd15bd42673d62a285346592eefe7831bf58832fb7570
mpx3-shell: mpx3-shell: FAIL
boot rc 1
