mpx3-user: wolf: wolf 0.2.24 (wolfgang, pin 294d626)
fetch-limine: limine 12.9.1 staged (/home/mfwolffe/lanes/px09/cache/limine-12.9.1, sha256 5cdebc518daa3af30b22c2322ba0dba2e0e2046fa8b087b9e13071b8dbcdcff4)
  wolf: error[E0008]: `shared` is a reserved keyword, so it cannot name a function
  wolf:    --> ./paging/paging.lu:479:8
  wolf:     |
  wolf: 479 | pub fn shared(pml4: u64, kernel: u64, which: int) -> u64 {
  wolf:     |        ^^^^^^ pick another name
  wolf:     |
  wolf:     = note: all 50 keywords are reserved everywhere, and wolf has no raw identifiers. `shared_` is
  wolf:       the usual dodge, or a more specific word.
  wolf:
  wolf: warning[W0604]: this `get` declares no absence row
  wolf:    --> ./frames/frames.lu:120:4
  wolf:     |
  wolf: 120 | fn get(off: int) -> u64 {
  wolf:     |    ^^^ checked access that cannot miss
  wolf:     |
  wolf:     = note: bare `get` is the checked-access spelling: it answers `T ! {none}` and callers handle
  wolf:       the miss. Give it the absence row, or name it after what it computes.
  wolf:
  wolf: error[E0201]: expected `proc` after `spawn`
  wolf:    --> ./sched/sched.lu:445:10
  wolf:     |
  wolf: 445 |     spawn(body, arg, 0, 0)
  wolf:     |          ^
  wolf:     |
  wolf:
  wolf: error[E0201]: expected `proc` after `spawn`
  wolf:    --> ./sched/sched.lu:453:10
  wolf:     |
  wolf: 453 |     spawn(body, prog, cr3, prog + 1)
  wolf:     |          ^
  wolf:     |
  wolf:
  wolf: error[E0008]: `spawn` is a reserved keyword, so it cannot name a function
  wolf:    --> ./sched/sched.lu:456:4
  wolf:     |
  wolf: 456 | fn spawn(body: u64, arg: u64, cr3: u64, prog: u64) -> u64 {
  wolf:     |    ^^^^^ pick another name
  wolf:     |
  wolf:     = note: all 50 keywords are reserved everywhere, and wolf has no raw identifiers. `spawn_` is
  wolf:       the usual dodge, or a more specific word.
  wolf:
  wolf: wolf build: the package does not compile; fix the errors above (`wolf --explain E0008` explains this code, or any other, by name)
build-kernel: FAIL wolf build --target x86_64-unknown-none --emit=obj exited 2 (kmain_user, native)
mpx3-user: FAIL U0 native kmain_user: tools/build-kernel
  wolf: error[E0008]: `shared` is a reserved keyword, so it cannot name a function
  wolf:    --> ./paging/paging.lu:479:8
  wolf:     |
  wolf: 479 | pub fn shared(pml4: u64, kernel: u64, which: int) -> u64 {
  wolf:     |        ^^^^^^ pick another name
  wolf:     |
  wolf:     = note: all 50 keywords are reserved everywhere, and wolf has no raw identifiers. `shared_` is
  wolf:       the usual dodge, or a more specific word.
  wolf:
  wolf: warning[W0604]: this `get` declares no absence row
  wolf:    --> ./frames/frames.lu:120:4
  wolf:     |
  wolf: 120 | fn get(off: int) -> u64 {
  wolf:     |    ^^^ checked access that cannot miss
  wolf:     |
  wolf:     = note: bare `get` is the checked-access spelling: it answers `T ! {none}` and callers handle
  wolf:       the miss. Give it the absence row, or name it after what it computes.
  wolf:
  wolf: error[E0201]: expected `proc` after `spawn`
  wolf:    --> ./sched/sched.lu:445:10
  wolf:     |
  wolf: 445 |     spawn(body, arg, 0, 0)
  wolf:     |          ^
  wolf:     |
  wolf:
  wolf: error[E0201]: expected `proc` after `spawn`
  wolf:    --> ./sched/sched.lu:453:10
  wolf:     |
  wolf: 453 |     spawn(body, prog, cr3, prog + 1)
  wolf:     |          ^
  wolf:     |
  wolf:
  wolf: error[E0008]: `spawn` is a reserved keyword, so it cannot name a function
  wolf:    --> ./sched/sched.lu:456:4
  wolf:     |
  wolf: 456 | fn spawn(body: u64, arg: u64, cr3: u64, prog: u64) -> u64 {
  wolf:     |    ^^^^^ pick another name
  wolf:     |
  wolf:     = note: all 50 keywords are reserved everywhere, and wolf has no raw identifiers. `spawn_` is
  wolf:       the usual dodge, or a more specific word.
  wolf:
  wolf: wolf build: the package does not compile; fix the errors above (`wolf --explain E0008` explains this code, or any other, by name)
build-kernel: FAIL wolf build --target x86_64-unknown-none --emit=obj exited 2 (kmain_user_smap, native)
mpx3-user: FAIL U0 native kmain_user_smap: tools/build-kernel
  wolf: error[E0008]: `shared` is a reserved keyword, so it cannot name a function
  wolf:    --> ./paging/paging.lu:479:8
  wolf:     |
  wolf: 479 | pub fn shared(pml4: u64, kernel: u64, which: int) -> u64 {
  wolf:     |        ^^^^^^ pick another name
  wolf:     |
  wolf:     = note: all 50 keywords are reserved everywhere, and wolf has no raw identifiers. `shared_` is
  wolf:       the usual dodge, or a more specific word.
  wolf:
  wolf: warning[W0604]: this `get` declares no absence row
  wolf:    --> ./frames/frames.lu:120:4
  wolf:     |
  wolf: 120 | fn get(off: int) -> u64 {
  wolf:     |    ^^^ checked access that cannot miss
  wolf:     |
  wolf:     = note: bare `get` is the checked-access spelling: it answers `T ! {none}` and callers handle
  wolf:       the miss. Give it the absence row, or name it after what it computes.
  wolf:
  wolf: error[E0201]: expected `proc` after `spawn`
  wolf:    --> ./sched/sched.lu:445:10
  wolf:     |
  wolf: 445 |     spawn(body, arg, 0, 0)
  wolf:     |          ^
  wolf:     |
  wolf:
  wolf: error[E0201]: expected `proc` after `spawn`
  wolf:    --> ./sched/sched.lu:453:10
  wolf:     |
  wolf: 453 |     spawn(body, prog, cr3, prog + 1)
  wolf:     |          ^
  wolf:     |
  wolf:
  wolf: error[E0008]: `spawn` is a reserved keyword, so it cannot name a function
  wolf:    --> ./sched/sched.lu:456:4
  wolf:     |
  wolf: 456 | fn spawn(body: u64, arg: u64, cr3: u64, prog: u64) -> u64 {
  wolf:     |    ^^^^^ pick another name
  wolf:     |
  wolf:     = note: all 50 keywords are reserved everywhere, and wolf has no raw identifiers. `spawn_` is
  wolf:       the usual dodge, or a more specific word.
  wolf:
  wolf: wolf build: the package does not compile; fix the errors above (`wolf --explain E0008` explains this code, or any other, by name)
build-kernel: FAIL wolf build --target x86_64-unknown-none --emit=obj exited 2 (kmain_user_smep, native)
mpx3-user: FAIL U0 native kmain_user_smep: tools/build-kernel
  wolf: error[E0008]: `shared` is a reserved keyword, so it cannot name a function
  wolf:    --> ./paging/paging.lu:479:8
  wolf:     |
  wolf: 479 | pub fn shared(pml4: u64, kernel: u64, which: int) -> u64 {
  wolf:     |        ^^^^^^ pick another name
  wolf:     |
  wolf:     = note: all 50 keywords are reserved everywhere, and wolf has no raw identifiers. `shared_` is
  wolf:       the usual dodge, or a more specific word.
  wolf:
  wolf: warning[W0604]: this `get` declares no absence row
  wolf:    --> ./frames/frames.lu:120:4
  wolf:     |
  wolf: 120 | fn get(off: int) -> u64 {
  wolf:     |    ^^^ checked access that cannot miss
  wolf:     |
  wolf:     = note: bare `get` is the checked-access spelling: it answers `T ! {none}` and callers handle
  wolf:       the miss. Give it the absence row, or name it after what it computes.
  wolf:
  wolf: error[E0201]: expected `proc` after `spawn`
  wolf:    --> ./sched/sched.lu:445:10
  wolf:     |
  wolf: 445 |     spawn(body, arg, 0, 0)
  wolf:     |          ^
  wolf:     |
  wolf:
  wolf: error[E0201]: expected `proc` after `spawn`
  wolf:    --> ./sched/sched.lu:453:10
  wolf:     |
  wolf: 453 |     spawn(body, prog, cr3, prog + 1)
  wolf:     |          ^
  wolf:     |
  wolf:
  wolf: error[E0008]: `spawn` is a reserved keyword, so it cannot name a function
  wolf:    --> ./sched/sched.lu:456:4
  wolf:     |
  wolf: 456 | fn spawn(body: u64, arg: u64, cr3: u64, prog: u64) -> u64 {
  wolf:     |    ^^^^^ pick another name
  wolf:     |
  wolf:     = note: all 50 keywords are reserved everywhere, and wolf has no raw identifiers. `spawn_` is
  wolf:       the usual dodge, or a more specific word.
  wolf:
  wolf: wolf build: the package does not compile; fix the errors above (`wolf --explain E0008` explains this code, or any other, by name)
build-kernel: FAIL wolf build --target x86_64-unknown-none --emit=obj exited 2 (kmain_user, release)
mpx3-user: FAIL U0 release kmain_user: tools/build-kernel
  wolf: error[E0008]: `shared` is a reserved keyword, so it cannot name a function
  wolf:    --> ./paging/paging.lu:479:8
  wolf:     |
  wolf: 479 | pub fn shared(pml4: u64, kernel: u64, which: int) -> u64 {
  wolf:     |        ^^^^^^ pick another name
  wolf:     |
  wolf:     = note: all 50 keywords are reserved everywhere, and wolf has no raw identifiers. `shared_` is
  wolf:       the usual dodge, or a more specific word.
  wolf:
  wolf: warning[W0604]: this `get` declares no absence row
  wolf:    --> ./frames/frames.lu:120:4
  wolf:     |
  wolf: 120 | fn get(off: int) -> u64 {
  wolf:     |    ^^^ checked access that cannot miss
  wolf:     |
  wolf:     = note: bare `get` is the checked-access spelling: it answers `T ! {none}` and callers handle
  wolf:       the miss. Give it the absence row, or name it after what it computes.
  wolf:
  wolf: error[E0201]: expected `proc` after `spawn`
  wolf:    --> ./sched/sched.lu:445:10
  wolf:     |
  wolf: 445 |     spawn(body, arg, 0, 0)
  wolf:     |          ^
  wolf:     |
  wolf:
  wolf: error[E0201]: expected `proc` after `spawn`
  wolf:    --> ./sched/sched.lu:453:10
  wolf:     |
  wolf: 453 |     spawn(body, prog, cr3, prog + 1)
  wolf:     |          ^
  wolf:     |
  wolf:
  wolf: error[E0008]: `spawn` is a reserved keyword, so it cannot name a function
  wolf:    --> ./sched/sched.lu:456:4
  wolf:     |
  wolf: 456 | fn spawn(body: u64, arg: u64, cr3: u64, prog: u64) -> u64 {
  wolf:     |    ^^^^^ pick another name
  wolf:     |
  wolf:     = note: all 50 keywords are reserved everywhere, and wolf has no raw identifiers. `spawn_` is
  wolf:       the usual dodge, or a more specific word.
  wolf:
  wolf: wolf build: the package does not compile; fix the errors above (`wolf --explain E0008` explains this code, or any other, by name)
build-kernel: FAIL wolf build --target x86_64-unknown-none --emit=obj exited 2 (kmain_user_smap, release)
mpx3-user: FAIL U0 release kmain_user_smap: tools/build-kernel
  wolf: error[E0008]: `shared` is a reserved keyword, so it cannot name a function
  wolf:    --> ./paging/paging.lu:479:8
  wolf:     |
  wolf: 479 | pub fn shared(pml4: u64, kernel: u64, which: int) -> u64 {
  wolf:     |        ^^^^^^ pick another name
  wolf:     |
  wolf:     = note: all 50 keywords are reserved everywhere, and wolf has no raw identifiers. `shared_` is
  wolf:       the usual dodge, or a more specific word.
  wolf:
  wolf: warning[W0604]: this `get` declares no absence row
  wolf:    --> ./frames/frames.lu:120:4
  wolf:     |
  wolf: 120 | fn get(off: int) -> u64 {
  wolf:     |    ^^^ checked access that cannot miss
  wolf:     |
  wolf:     = note: bare `get` is the checked-access spelling: it answers `T ! {none}` and callers handle
  wolf:       the miss. Give it the absence row, or name it after what it computes.
  wolf:
  wolf: error[E0201]: expected `proc` after `spawn`
  wolf:    --> ./sched/sched.lu:445:10
  wolf:     |
  wolf: 445 |     spawn(body, arg, 0, 0)
  wolf:     |          ^
  wolf:     |
  wolf:
  wolf: error[E0201]: expected `proc` after `spawn`
  wolf:    --> ./sched/sched.lu:453:10
  wolf:     |
  wolf: 453 |     spawn(body, prog, cr3, prog + 1)
  wolf:     |          ^
  wolf:     |
  wolf:
  wolf: error[E0008]: `spawn` is a reserved keyword, so it cannot name a function
  wolf:    --> ./sched/sched.lu:456:4
  wolf:     |
  wolf: 456 | fn spawn(body: u64, arg: u64, cr3: u64, prog: u64) -> u64 {
  wolf:     |    ^^^^^ pick another name
  wolf:     |
  wolf:     = note: all 50 keywords are reserved everywhere, and wolf has no raw identifiers. `spawn_` is
  wolf:       the usual dodge, or a more specific word.
  wolf:
  wolf: wolf build: the package does not compile; fix the errors above (`wolf --explain E0008` explains this code, or any other, by name)
build-kernel: FAIL wolf build --target x86_64-unknown-none --emit=obj exited 2 (kmain_user_smep, release)
mpx3-user: FAIL U0 release kmain_user_smep: tools/build-kernel
mpx3-user: mpx3-user build: FAIL
