[2J[H
[2;32H[38;2;0;170;170mPAX, the boot reel[0m



[12;1H            [7m PAX reel, finale a: a thread overruns its stack [27m
             PAX reel, finale b: the kernel writes to its own text [27m
[4;22H[38;2;0;170;0mARROWS[0m Select    [38;2;0;170;0mENTER[0m Boot    [38;2;0;170;0mE[0m Edit[6;34H[38;2;0;170;0mB[0m Blank Entry[14;1H

[23;26H[2K[38;2;0;170;0mBooting automatically in [38;2;85;255;85m5[38;2;0;170;0m...[0m[23;26H[2K[38;2;0;170;0mBooting automatically in [38;2;85;255;85m4[38;2;0;170;0m...[0m[23;26H[2K[38;2;0;170;0mBooting automatically in [38;2;85;255;85m3[38;2;0;170;0m...[0m[23;26H[2K[38;2;0;170;0mBooting automatically in [38;2;85;255;85m2[38;2;0;170;0m...[0m[23;26H[2K[38;2;0;170;0mBooting automatically in [38;2;85;255;85m1[38;2;0;170;0m...[0m[2J[Hlimine: Loading executable `boot():/boot/pax`...

PAX: a kernel written in wolf
wolf 0.2.24, target x86_64-unknown-none; every line below is printed by this kernel

[1/5] boot: what Limine handed over
boot: Limine 12.9.1, base revision 6
boot: firmware bios
mem: 20 map entries, 254 MiB usable
hhdm: 0xffff800000000000, all of physical memory at one offset
image: 0x000000000ff0c000 physical at 0xffffffff80000000, 96 KiB

[2/5] frames: physical memory, one bit per 4 KiB frame
frames: 65107 usable, 44 below 1 MiB, 5 allocator, 65058 free
alloc: frame 0x0000000000105000, free 65058 -> 65057
write: 0x50415820776f6c66 at 0xffff800000105000, read back 0x50415820776f6c66, same
free: frame 0x0000000000105000, free 65057 -> 65058

[3/5] paging: the kernel's own page tables, CR3 switched
paging: limine cr3 0x000000000ff7c000, pax cr3 0x0000000000105000, 8 table frames
paging: text   0xffffffff80000000 to 0xffffffff8000f000 r-x, 4 KiB pages, every page alike
paging: rodata 0xffffffff8000f000 to 0xffffffff80011000 r--, 4 KiB pages, every page alike
paging: data   0xffffffff80011000 to 0xffffffff80018000 rw-, 4 KiB pages, every page alike
paging: hhdm   0xffff800000105000 rw-, 4 KiB pages
paging: lower half 0 of 256 top-level entries present

[4/5] interrupts: the kernel's GDT, TSS and IDT; the timer on vector 32
gdt: 0xffffffff80013000, 7 descriptors, tss 0x28 at 0xffffffff80013040, ist1 0xffffffff800130e0 to 0xffffffff800170e0
idt: 0xffffffff80012000, 256 gates, 48 routed, #DF on ist1
apic: 0x00000000fee00000 at 0xffffb00000000000, id 0, svr 0x00000000000001ff, lint0 0x0000000000018700 -> 0x0000000000008700
timer: pit divisor 11932 (99.998 Hz), 8259 at 32 and 40, line 0 unmasked
tick: 50 ticks handled, 0.5 s
tick: 100 ticks handled, 1.0 s
tick: 150 ticks handled, 1.5 s
tick: 200 ticks handled, 2.0 s
tick: 250 ticks handled, 2.5 s
tick: 300 ticks handled, 3.0 s
tick: 0 spurious

[5/5] threads: four kernel threads, preempted by the timer, then joined
sched: main 0, idle 1, 16 slots, stacks 16 KiB above a 48 KiB guard from 0xffffd00000000000, quantum 2 ticks
spawn: wolf t2, lupin t3, lobo t4, pax t5; none yields, each writes every 5th run
wolf   t2 run 5 at tick 532
lupin  t3 run 5 at tick 534
lobo   t4 run 5 at tick 536
pax    t5 run 5 at tick 538
wolf   t2 run 10 at tick 572
lupin  t3 run 10 at tick 574
lobo   t4 run 10 at tick 576
pax    t5 run 10 at tick 578
wolf   t2 run 15 at tick 612
lupin  t3 run 15 at tick 614
lobo   t4 run 15 at tick 616
pax    t5 run 15 at tick 618
wolf   t2 run 20 at tick 652
lupin  t3 run 20 at tick 654
lobo   t4 run 20 at tick 656
pax    t5 run 20 at tick 658
wolf   t2 run 25 at tick 692
lupin  t3 run 25 at tick 694
lobo   t4 run 25 at tick 696
pax    t5 run 25 at tick 698
wolf   t2 run 30 at tick 732
lupin  t3 run 30 at tick 732
lobo   t4 run 30 at tick 732
pax    t5 run 30 at tick 732
join: 4 of 4 exited; frames free 65040 before, 65040 after: every stack given back

PAX today: Limine boot on BIOS and UEFI, frames, paging, interrupts,
a timer and preemptive threads, all in wolf. Next: user mode, then
Linux binaries, unmodified.

finale in 3... 2... 1...
finale: a thread recurses until it runs off its stack
overflow: t6 stack 0xffffd0000002c000 to 0xffffd00000030000, guard 0xffffd00000020000 to 0xffffd0000002c000
PANIC stack overflow thread 6 cr2 0xffffd0000002bfe8 guard 0xffffd00000020000 to 0xffffd0000002c000
