args: 4
name is census
mode is trace
lines: 50
11
LINE 9
LINE 8
LINE 7
/
glob a/1.txt
glob a/2.txt
tests ok
to fd 3
jobs done
nested 2
or-list
and-list
found ls
self alive
back
done
3 alpha gamma beta
regex beta
mapfile 3
procsub diff
00042
here
co:ping
read timed out
1 2 3 file.a file.b
random ok
trapped ERR
done
login
bash: cannot set terminal process group (1): Inappropriate ioctl for device
bash: no job control in this shell
[root@census shell]# echo interactive-ish; exit 0
interactive-ish
exit
