lobo: [warn] LOBO-L008|./conf/site.conf:6|"memory_budget" is lobo-native (WWS-L-native class): nginx -t rejects it — nginx's answer to memory pressure is the OOM killer, lobo's is a 503 with a name (docs/BUDGET.md). Delete the line to walk back to an nginx-carryable config; the fence directives (client_max_body_size, large_client_header_buffers) carry in both servers.
lobo: [warn] LOBO-L010|./conf/site.conf:5|"metrics" is lobo-native (WWS-L-native class): nginx -t rejects it — nginx's own metrics story is a third-party module or the commercial build, lobo's is in core with no recompile (docs/metrics.md). Delete the line to walk back to an nginx-carryable config; nothing else in the server depends on it.
lobo: the configuration file ./conf/nginx.conf syntax is ok
lobo: configuration file ./conf/nginx.conf test is successful
/ 200 702
/index.html 200 702
/files/big.bin 200 1310720
/metrics 200 6775
/nope 404 151
range 200 1310720
head 200
keepalive 200
keepalive 200
keepalive 200
pong
lobo status
current generation: 1
quitting: false
events: 2
live-region-bytes: 0
generation 1: current live=0 age-ms=42 id=5009adca03e1d3f7 mem-hw=65642 budget-503s=0 mem-rt-hw=65584
reload complete (generation 2)
<h1>v2: hello from wolf</h1>
lobo status
current generation: 2
quitting: false
events: 6
live-region-bytes: 0
generation 1: draining live=1 age-ms=1009 id=5009adca03e1d3f7 mem-hw=65642 budget-503s=0 mem-rt-hw=65584 shutdown-in-ms=23991
generation 2: current live=0 age-ms=1009 id=64cb9a76637bd272 mem-hw=784 budget-503s=0 mem-rt-hw=768
download intact across the reload
stop: shutting down (generation 2)
lobo: [notice] generation-draining gen=1 held=1 seq=4
lobo: [notice] generation-retired gen=1 drained=1 aborted=0 age-ms=7767 seq=8
