hasu Sat Oct 10 04:07:56 AM UTC 2026 kvm: crw-rw-rw- 1 root kvm 10, 232 Oct 10 00:05 /dev/kvm cpu: model name	: 12th Gen Intel(R) Core(TM) i7-12700KF
QEMU emulator version 11.1.0
Available audio drivers: none alsa dbus jack oss pa pipewire sdl spice wav mpx3-speaker round 1 rc=0 PASS=24 FAIL=0 SKIP=0 boots=5 accel=      5 accel=kvm 
mpx3-speaker: PASS K2 native bios speaker: Hz 261.54 293.98 329.52 349.21 392.00 439.89 493.12 523.41 (worst 0.154%); sounded 492 476 470 464 472 464 477 457 ms; kernel onsets every 51 50 50 50 50 50 50 ticks, span 351, held 49 48 48 48 48 48 48 48 ticks; counts 4561 4063 3620 3417 3044 2712 2416 2280
mpx3-speaker: PASS K6 native bios tunes: mambo 160 notes, onsets span 43710 ms against 43696, worst onset 19 ms off; entertainer 154 notes, onsets span 48570 ms against 48553, worst onset 19 ms off; the kernel held tones 71030 ms and the capture sounds 68291 ms (-2.8%) against the files' 70258 ms
mpx3-speaker: PASS K2 release bios speaker: Hz 261.54 293.74 329.54 349.21 391.99 439.88 493.98 523.41 (worst 0.034%); sounded 492 460 461 464 474 468 460 457 ms; kernel onsets every 51 50 50 50 50 50 50 ticks, span 351, held 49 48 48 48 48 48 48 48 ticks; counts 4561 4063 3620 3417 3044 2712 2416 2280
mpx3-speaker: PASS K2 native uefi speaker: Hz 261.54 293.74 329.74 349.91 391.91 439.88 493.33 523.40 (worst 0.195%); sounded 492 460 473 474 475 468 468 456 ms; kernel onsets every 51 50 50 50 50 50 50 ticks, span 351, held 49 48 48 48 48 48 48 48 ticks; counts 4561 4063 3620 3417 3044 2712 2416 2280
mpx3-speaker: PASS K2 release uefi speaker: Hz 261.54 293.80 329.52 349.21 392.07 439.88 493.93 524.34 (worst 0.208%); sounded 492 463 470 478 462 468 474 460 ms; kernel onsets every 51 50 50 50 50 50 50 ticks, span 351, held 49 48 48 48 48 48 48 48 ticks; counts 4561 4063 3620 3417 3044 2712 2416 2280
mpx3-speaker round 2 rc=0 PASS=24 FAIL=0 SKIP=0 boots=5 accel=      5 accel=kvm 
mpx3-speaker: PASS K2 native bios speaker: Hz 261.54 293.74 329.53 349.27 392.07 439.87 493.97 524.34 (worst 0.208%); sounded 492 460 473 467 462 471 472 460 ms; kernel onsets every 51 50 50 50 50 50 50 ticks, span 351, held 49 48 48 48 48 48 48 48 ticks; counts 4561 4063 3620 3417 3044 2712 2416 2280
mpx3-speaker: PASS K6 native bios tunes: mambo 160 notes, onsets span 43710 ms against 43696, worst onset 19 ms off; entertainer 154 notes, onsets span 48570 ms against 48553, worst onset 19 ms off; the kernel held tones 71030 ms and the capture sounds 68293 ms (-2.8%) against the files' 70258 ms
mpx3-speaker: PASS K2 release bios speaker: Hz 261.54 293.82 329.52 349.26 392.06 439.90 493.96 523.41 (worst 0.054%); sounded 492 463 470 464 464 471 466 457 ms; kernel onsets every 51 50 50 50 50 50 50 ticks, span 351, held 49 48 48 48 48 48 48 48 ticks; counts 4561 4063 3620 3417 3044 2712 2416 2280
mpx3-speaker: PASS K2 native uefi speaker: Hz 261.54 293.74 329.74 349.89 392.06 439.96 493.97 523.40 (worst 0.189%); sounded 492 460 473 474 464 470 472 453 ms; kernel onsets every 51 50 50 50 50 50 50 ticks, span 351, held 49 48 48 48 48 48 48 48 ticks; counts 4561 4063 3620 3417 3044 2712 2416 2280
mpx3-speaker: PASS K2 release uefi speaker: Hz 261.54 293.86 329.52 349.26 392.10 439.88 494.15 523.40 (worst 0.068%); sounded 492 463 470 464 474 468 468 457 ms; kernel onsets every 51 50 50 50 50 50 50 ticks, span 351, held 49 48 48 48 48 48 48 48 ticks; counts 4561 4063 3620 3417 3044 2712 2416 2280
mpx3-speaker round 3 rc=0 PASS=24 FAIL=0 SKIP=0 boots=5 accel=      5 accel=kvm 
mpx3-speaker: PASS K2 native bios speaker: Hz 261.54 293.74 329.54 349.20 392.07 439.88 494.00 524.09 (worst 0.161%); sounded 492 460 461 467 462 468 474 461 ms; kernel onsets every 51 50 50 50 50 50 50 ticks, span 351, held 49 48 48 48 48 48 48 48 ticks; counts 4561 4063 3620 3417 3044 2712 2416 2280
mpx3-speaker: PASS K6 native bios tunes: mambo 160 notes, onsets span 43710 ms against 43696, worst onset 19 ms off; entertainer 154 notes, onsets span 48570 ms against 48553, worst onset 19 ms off; the kernel held tones 71030 ms and the capture sounds 68334 ms (-2.7%) against the files' 70258 ms
mpx3-speaker: PASS K2 release bios speaker: Hz 261.53 293.74 329.52 350.02 392.06 439.94 493.99 523.41 (worst 0.226%); sounded 485 460 470 480 464 475 466 459 ms; kernel onsets every 51 50 50 50 50 50 50 ticks, span 351, held 49 48 48 48 48 48 48 48 ticks; counts 4561 4063 3620 3417 3044 2712 2416 2280
mpx3-speaker: PASS K2 native uefi speaker: Hz 261.34 293.74 329.54 349.31 392.11 439.85 493.99 523.41 (worst 0.111%); sounded 500 460 461 475 472 468 466 459 ms; kernel onsets every 51 50 50 50 50 50 50 ticks, span 351, held 49 48 48 48 48 48 48 48 ticks; counts 4561 4063 3620 3417 3044 2712 2416 2280
mpx3-speaker: PASS K2 release uefi speaker: Hz 261.62 293.50 329.54 349.21 392.18 439.86 494.01 523.40 (worst 0.054%); sounded 500 474 461 470 467 473 462 458 ms; kernel onsets every 51 50 50 50 50 50 50 ticks, span 351, held 49 48 48 48 48 48 48 48 ticks; counts 4561 4063 3620 3417 3044 2712 2416 2280
