mpx3-speaker: PASS K1 native bios speaker: the session is user/console/speaker.expect (21 lines, 53b679200474…)
mpx3-speaker: PASS K2 native bios speaker: Hz 261.53 293.71 329.52 349.22 392.02 439.87 493.03 523.41 (worst 0.172%); sounded 485 477 470 470 480 471 471 460 ms; kernel onsets every 51 50 50 50 50 50 50 ticks, span 351, held 49 48 48 48 48 48 48 48 ticks; counts 4561 4063 3620 3417 3044 2712 2416 2280
mpx3-speaker: PASS K3 native bios speaker: user: speaker off at the end of pid 7, port 0x61 0x30 (hold was pid 7); 880 Hz in the capture: none ms
mpx3-speaker: PASS K4 native bios speaker: speaker: 9 tones, 1 stopped at their process's end, sounding 0, port 0x61 0x00
mpx3-speaker: PASS K5 native bios speaker: -ENOSYS only for 273 334, nothing refused; init ended, status 0; qemu-halt: HALTED in pax_halt (RIP ffffffff800001a0, unchanged a second later; IF clear; serial still at 5902 bytes; accel tcg; quit -> 0)
mpx3-speaker: PASS K1 native bios tunes: the session is user/console/speaker-tunes.expect (5 lines, c907e5d16bea…)
mpx3-speaker: PASS K6 native bios tunes: mambo 160 notes, onsets span 43710 ms against 43696, worst onset 19 ms off; entertainer 154 notes, onsets span 48570 ms against 48553, worst onset 19 ms off; the kernel held tones 71030 ms and the capture sounds 68521 ms (-2.5%) against the files' 70258 ms
mpx3-speaker: PASS K4 native bios tunes: speaker: 314 tones, 0 stopped at their process's end, sounding 0, port 0x61 0x30
mpx3-speaker: PASS K5 native bios tunes: -ENOSYS only for 273 334, nothing refused; init ended, status 0; qemu-halt: HALTED in pax_halt (RIP ffffffff800001a0, unchanged a second later; IF clear; serial still at 3116 bytes; accel tcg; quit -> 0)
mpx3-speaker: PASS K1 release bios speaker: the session is user/console/speaker.expect (21 lines, 53b679200474…)
mpx3-speaker: PASS K2 release bios speaker: Hz 261.53 293.74 329.52 350.02 391.94 439.86 493.92 523.41 (worst 0.226%); sounded 496 463 464 466 475 473 478 458 ms; kernel onsets every 51 50 50 50 50 50 50 ticks, span 351, held 49 48 48 48 48 48 48 48 ticks; counts 4561 4063 3620 3417 3044 2712 2416 2280
mpx3-speaker: PASS K3 release bios speaker: user: speaker off at the end of pid 7, port 0x61 0x10 (hold was pid 7); 880 Hz in the capture: none ms
mpx3-speaker: PASS K4 release bios speaker: speaker: 9 tones, 1 stopped at their process's end, sounding 0, port 0x61 0x00
mpx3-speaker: PASS K5 release bios speaker: -ENOSYS only for 273 334, nothing refused; init ended, status 0; qemu-halt: HALTED in pax_halt (RIP ffffffff800001a0, unchanged a second later; IF clear; serial still at 5902 bytes; accel tcg; quit -> 0)
mpx3-speaker: PASS K1 native uefi speaker: the session is user/console/speaker.expect (21 lines, 53b679200474…)
mpx3-speaker: PASS K2 native uefi speaker: Hz 261.62 293.74 329.57 349.24 392.04 439.88 493.99 523.63 (worst 0.073%); sounded 492 460 470 475 474 468 468 463 ms; kernel onsets every 51 50 50 50 50 50 50 ticks, span 351, held 49 48 48 48 48 48 48 48 ticks; counts 4561 4063 3620 3417 3044 2712 2416 2280
mpx3-speaker: PASS K3 native uefi speaker: user: speaker off at the end of pid 7, port 0x61 0x10 (hold was pid 7); 880 Hz in the capture: none ms
mpx3-speaker: PASS K4 native uefi speaker: speaker: 9 tones, 1 stopped at their process's end, sounding 0, port 0x61 0x20
mpx3-speaker: PASS K5 native uefi speaker: -ENOSYS only for 273 334, nothing refused; init ended, status 0; qemu-halt: HALTED in pax_halt (RIP ffffffff800001a0, unchanged a second later; IF clear; serial still at 6172 bytes; accel tcg; quit -> 0)
mpx3-speaker: PASS K1 release uefi speaker: the session is user/console/speaker.expect (21 lines, 53b679200474…)
mpx3-speaker: PASS K2 release uefi speaker: Hz 261.53 293.74 329.53 349.18 392.19 439.88 494.05 524.13 (worst 0.168%); sounded 496 463 476 472 477 466 476 461 ms; kernel onsets every 51 50 50 50 50 50 50 ticks, span 351, held 49 48 48 48 48 48 48 48 ticks; counts 4561 4063 3620 3417 3044 2712 2416 2280
mpx3-speaker: PASS K3 release uefi speaker: user: speaker off at the end of pid 7, port 0x61 0x30 (hold was pid 7); 880 Hz in the capture: none ms
mpx3-speaker: PASS K4 release uefi speaker: speaker: 9 tones, 1 stopped at their process's end, sounding 0, port 0x61 0x20
mpx3-speaker: PASS K5 release uefi speaker: -ENOSYS only for 273 334, nothing refused; init ended, status 0; qemu-halt: HALTED in pax_halt (RIP ffffffff800001a0, unchanged a second later; IF clear; serial still at 6172 bytes; accel tcg; quit -> 0)
native kmain_console bios speaker halt-status=0 accel=tcg serial=276e091e3b996129bd4525977c63d95c2e5a3629481176015659c14f69093f41 wav=e2985581e25ab7d2343453657921017697c2f63ba5acaf2f9596750a1748cf4c iso=0ebc6d53880be22e19877dc94ae82911d9d7a0e05081cda3bce13c8072343b18
native kmain_console bios tunes halt-status=0 accel=tcg serial=1b8a6264050692dc45ea1f12e3fc7a30b047750e9c2bd3aef688566b45a07942 wav=d9e0c2c3443fb1dcba78b331810da7d5c17898598a93a2b2bf85e26a804a8db8 iso=0ebc6d53880be22e19877dc94ae82911d9d7a0e05081cda3bce13c8072343b18
release kmain_console bios speaker halt-status=0 accel=tcg serial=28e92cce34d25e188806a2ee6c31a051005baff93a30c661275327671d9fbadd wav=2e58030228e37e640e97359c9bda133debe2597463d1de9262969df84d3e7abc iso=75407d4ef25e678ccd4afb4e5a9b1f0b2f32705d96136aa1beec31266139daeb
native kmain_console uefi speaker halt-status=0 accel=tcg serial=6a3f42c2e1757ce3dd61399f546481cfda137d36c7545b5e340be1dc86719c7e wav=827a4446913e8d5968763dc0df051a9178f499eece4ff870ae3ecfeaae29cf99 iso=0ebc6d53880be22e19877dc94ae82911d9d7a0e05081cda3bce13c8072343b18
release kmain_console uefi speaker halt-status=0 accel=tcg serial=af1af27f057f6ebba2a5623f0e2cb18291607850a782e499cdbf4356e28cafe1 wav=0b29eae3f2d8e982fc2aaa5caa04e42b4499068748df45afcf4b51e7140b072e iso=75407d4ef25e678ccd4afb4e5a9b1f0b2f32705d96136aa1beec31266139daeb
mpx3-speaker: mpx3-speaker: PASS
