mpx3-speaker: PASS K1 native bios speaker: the session is user/console/speaker.expect (21 lines, 53b679200474…)
mpx3-speaker: PASS K2 native bios speaker: Hz 261.53 293.73 329.53 349.22 392.05 439.89 493.41 523.40 (worst 0.095%); sounded 470 466 473 467 467 473 476 456 ms; kernel onsets every 51 50 50 50 50 50 50 ticks, span 351, held 49 48 48 48 48 48 48 48 ticks; counts 4561 4063 3620 3417 3044 2712 2416 2280
mpx3-speaker: FAIL K3 native bios speaker: 0 'speaker off' lines, not 1; stopped at pid '', hold was '7'; port 0x61 '0x' has a gate bit set; hold's tone sounded on: 464.6 ms at 880.32 Hz;
mpx3-speaker: FAIL K4 native bios speaker: 'speaker: 9 tones, 0 stopped at their process's end, sounding 0, port 0x61 0x00': not '9 1 0' (tones, stopped at an end, sounding);
mpx3-speaker: PASS K5 native bios speaker: -ENOSYS only for 273 334, nothing refused; init ended, status 0; qemu-halt: HALTED in pax_halt (RIP ffffffff800001a0, unchanged a second later; IF clear; serial still at 5847 bytes; accel tcg; quit -> 0)
mpx3-speaker: PASS K1 native bios tunes: the session is user/console/speaker-tunes.expect (5 lines, c907e5d16bea…)
mpx3-speaker: FAIL K6 native bios tunes: the kernel held tones 71030 ms, the files sound 70258 ms | mambo 160 notes, onsets span 43710 ms against 43696, worst onset 19 ms off; entertainer 154 notes, onsets span 48570 ms against 48553, worst onset 19 ms off; the kernel held tones 71030 ms and the capture sounds 69507 ms (-1.1%) against the files' 70258 ms
mpx3-speaker: PASS K4 native bios tunes: speaker: 314 tones, 0 stopped at their process's end, sounding 0, port 0x61 0x10
mpx3-speaker: PASS K5 native bios tunes: -ENOSYS only for 273 334, nothing refused; init ended, status 0; qemu-halt: HALTED in pax_halt (RIP ffffffff800001a0, unchanged a second later; IF clear; serial still at 3116 bytes; accel tcg; quit -> 0)
mpx3-speaker: PASS K1 release bios speaker: the session is user/console/speaker.expect (21 lines, 53b679200474…)
mpx3-speaker: PASS K2 release bios speaker: Hz 261.51 293.74 328.88 349.22 392.11 439.87 494.14 523.55 (worst 0.228%); sounded 459 466 465 467 464 471 472 460 ms; kernel onsets every 51 50 50 50 50 50 50 ticks, span 351, held 49 48 48 48 48 48 48 48 ticks; counts 4561 4063 3620 3417 3044 2712 2416 2280
mpx3-speaker: FAIL K3 release bios speaker: 0 'speaker off' lines, not 1; stopped at pid '', hold was '7'; port 0x61 '0x' has a gate bit set; hold's tone sounded on: 456.9 ms at 879.93 Hz;
mpx3-speaker: FAIL K4 release bios speaker: 'speaker: 9 tones, 0 stopped at their process's end, sounding 0, port 0x61 0x00': not '9 1 0' (tones, stopped at an end, sounding);
mpx3-speaker: PASS K5 release bios speaker: -ENOSYS only for 273 334, nothing refused; init ended, status 0; qemu-halt: HALTED in pax_halt (RIP ffffffff800001a0, unchanged a second later; IF clear; serial still at 5847 bytes; accel tcg; quit -> 0)
mpx3-speaker: PASS K1 native uefi speaker: the session is user/console/speaker.expect (21 lines, 53b679200474…)
mpx3-speaker: PASS K2 native uefi speaker: Hz 261.33 293.74 329.53 349.21 392.06 439.88 493.98 524.23 (worst 0.187%); sounded 482 453 482 478 464 468 468 460 ms; kernel onsets every 51 50 50 50 50 50 50 ticks, span 351, held 49 48 48 48 48 48 48 48 ticks; counts 4561 4063 3620 3417 3044 2712 2416 2280
mpx3-speaker: FAIL K3 native uefi speaker: 0 'speaker off' lines, not 1; stopped at pid '', hold was '7'; port 0x61 '0x' has a gate bit set; hold's tone sounded on: 476.2 ms at 879.94 Hz;
mpx3-speaker: FAIL K4 native uefi speaker: 'speaker: 9 tones, 0 stopped at their process's end, sounding 0, port 0x61 0x20': not '9 1 0' (tones, stopped at an end, sounding);
mpx3-speaker: PASS K5 native uefi speaker: -ENOSYS only for 273 334, nothing refused; init ended, status 0; qemu-halt: HALTED in pax_halt (RIP ffffffff800001a0, unchanged a second later; IF clear; serial still at 6117 bytes; accel tcg; quit -> 0)
mpx3-speaker: PASS K1 release uefi speaker: the session is user/console/speaker.expect (21 lines, 53b679200474…)
mpx3-speaker: PASS K2 release uefi speaker: Hz 261.53 293.74 328.79 349.22 392.02 439.88 493.99 523.37 (worst 0.255%); sounded 470 466 465 467 467 468 466 458 ms; kernel onsets every 51 50 50 50 50 50 50 ticks, span 351, held 49 48 48 48 48 48 48 48 ticks; counts 4561 4063 3620 3417 3044 2712 2416 2280
mpx3-speaker: FAIL K3 release uefi speaker: 0 'speaker off' lines, not 1; stopped at pid '', hold was '7'; port 0x61 '0x' has a gate bit set; hold's tone sounded on: 466.8 ms at 880.48 Hz;
mpx3-speaker: FAIL K4 release uefi speaker: 'speaker: 9 tones, 0 stopped at their process's end, sounding 0, port 0x61 0x00': not '9 1 0' (tones, stopped at an end, sounding);
mpx3-speaker: PASS K5 release uefi speaker: -ENOSYS only for 273 334, nothing refused; init ended, status 0; qemu-halt: HALTED in pax_halt (RIP ffffffff800001a0, unchanged a second later; IF clear; serial still at 6117 bytes; accel tcg; quit -> 0)
native kmain_console bios speaker halt-status=0 accel=tcg serial=13e273dfb5223b7c718ec24a78f54c192f9b4c19a02ab2dc3d3e23a2dca6b852 wav=4e733e6122b7cc87fa2d737a5ee91c79867e41e7c604851e50b4d5e75829ef4f iso=2d420489fde84f2bd63443ae819a12aa3355d4465570019ff6e7004a46582ab0
native kmain_console bios tunes halt-status=0 accel=tcg serial=03a8da9082a9af3cc74cab60f5422225b46da8aca54d9f7692d2b499b5b1b585 wav=0e3f105066a6b167bbfacd660e98310f43041d3aa6fc8090c12bccda8b6a4607 iso=2d420489fde84f2bd63443ae819a12aa3355d4465570019ff6e7004a46582ab0
release kmain_console bios speaker halt-status=0 accel=tcg serial=cb49ebaee3d0f73a57252665508e9fa2dc7fcab40bde2bd7dff3271a021a477b wav=14be712228f436120bdf6f424afb929b9c52e31bb2ff80acdaf95e4fc8f91738 iso=a1547d4e7f508ea24e2ae87b64bf5fc5d7d63dabe4eed5131f14e58009d32a05
native kmain_console uefi speaker halt-status=0 accel=tcg serial=ba00db19c03a738bce19e9ce5da8795dd3da7e4f7730235dc31c00e7a9ee23e1 wav=e43ec722b550a3ec8b1d9f3f185e7d3e73659d5e9d8627883a65af566d13cb98 iso=2d420489fde84f2bd63443ae819a12aa3355d4465570019ff6e7004a46582ab0
release kmain_console uefi speaker halt-status=0 accel=tcg serial=91699faf610f268445d8f73fd5cfd5b8bad9c47b3c5af300fccb2beea1dd5004 wav=74431ec01856d8cbcb4bd3253275dcc3dd893bc6a7fa19c7a73f900229bf2853 iso=a1547d4e7f508ea24e2ae87b64bf5fc5d7d63dabe4eed5131f14e58009d32a05
mpx3-speaker: mpx3-speaker: FAIL
boot rc 1
