mpx3-speaker: PASS K1 native bios speaker: the session is user/console/speaker.expect (21 lines, 53b679200474…)
mpx3-speaker: PASS K2 native bios speaker: Hz 261.53 293.87 329.50 349.21 392.05 439.57 493.97 523.40 (worst 0.098%); sounded 485 466 473 464 472 476 464 455 ms; kernel onsets every 51 50 50 50 50 50 50 ticks, span 351, held 49 48 48 48 48 48 48 48 ticks; counts 4561 4063 3620 3417 3044 2712 2416 2280
mpx3-speaker: PASS K3 native bios speaker: user: speaker off at the end of pid 7, port 0x61 0x30 (hold was pid 7); 880 Hz in the capture: none ms
mpx3-speaker: PASS K4 native bios speaker: speaker: 9 tones, 1 stopped at their process's end, sounding 0, port 0x61 0x20
mpx3-speaker: PASS K5 native bios speaker: -ENOSYS only for 273 334, nothing refused; init ended, status 0; qemu-halt: HALTED in pax_halt (RIP ffffffff800001a0, unchanged a second later; IF clear; serial still at 5910 bytes; accel tcg; quit -> 0)
mpx3-speaker: PASS K1 native bios tunes: the session is user/console/speaker-tunes.expect (5 lines, c907e5d16bea…)
mpx3-speaker: PASS K6 native bios tunes: mambo 160 notes, onsets span 43710 ms against 43696, worst onset 19 ms off; entertainer 154 notes, onsets span 48570 ms against 48553, worst onset 19 ms off; the kernel held tones 71030 ms and the capture sounds 68290 ms (-2.8%) against the files' 70258 ms
mpx3-speaker: PASS K4 native bios tunes: speaker: 314 tones, 0 stopped at their process's end, sounding 0, port 0x61 0x10
mpx3-speaker: PASS K5 native bios tunes: -ENOSYS only for 273 334, nothing refused; init ended, status 0; qemu-halt: HALTED in pax_halt (RIP ffffffff800001a0, unchanged a second later; IF clear; serial still at 3124 bytes; accel tcg; quit -> 0)
mpx3-speaker: PASS K1 release bios speaker: the session is user/console/speaker.expect (21 lines, 53b679200474…)
mpx3-speaker: FAIL K2 release bios speaker: note 2 sounded 449.4 ms in the capture; note 7 sounded 524.3 ms in the capture | Hz 261.54 293.74 328.70 349.11 392.05 439.86 493.98 523.40 (worst 0.282%); sounded 500 449 475 481 472 491 524 483 ms; kernel onsets every 51 50 50 50 50 50 50 ticks, span 351, held 49 48 48 48 48 48 48 48 ticks; counts 4561 4063 3620 3417 3044 2712 2416 2280
mpx3-speaker: PASS K3 release bios speaker: user: speaker off at the end of pid 7, port 0x61 0x10 (hold was pid 7); 880 Hz in the capture: none ms
mpx3-speaker: PASS K4 release bios speaker: speaker: 9 tones, 1 stopped at their process's end, sounding 0, port 0x61 0x20
mpx3-speaker: PASS K5 release bios speaker: -ENOSYS only for 273 334, nothing refused; init ended, status 0; qemu-halt: HALTED in pax_halt (RIP ffffffff800001a0, unchanged a second later; IF clear; serial still at 5910 bytes; accel tcg; quit -> 0)
mpx3-speaker: PASS K1 native uefi speaker: the session is user/console/speaker.expect (21 lines, 53b679200474…)
mpx3-speaker: PASS K2 native uefi speaker: Hz 261.54 293.74 329.59 349.21 392.11 439.86 493.99 523.59 (worst 0.065%); sounded 481 466 464 472 469 464 476 460 ms; kernel onsets every 51 50 50 50 50 50 50 ticks, span 351, held 49 48 48 48 48 48 48 48 ticks; counts 4561 4063 3620 3417 3044 2712 2416 2280
mpx3-speaker: PASS K3 native uefi speaker: user: speaker off at the end of pid 7, port 0x61 0x30 (hold was pid 7); 880 Hz in the capture: none ms
mpx3-speaker: PASS K4 native uefi speaker: speaker: 9 tones, 1 stopped at their process's end, sounding 0, port 0x61 0x20
mpx3-speaker: PASS K5 native uefi speaker: -ENOSYS only for 273 334, nothing refused; init ended, status 0; qemu-halt: HALTED in pax_halt (RIP ffffffff800001a0, unchanged a second later; IF clear; serial still at 6172 bytes; accel tcg; quit -> 0)
mpx3-speaker: PASS K1 release uefi speaker: the session is user/console/speaker.expect (21 lines, 53b679200474…)
mpx3-speaker: PASS K2 release uefi speaker: Hz 261.54 293.74 329.54 349.23 392.05 439.71 493.99 523.40 (worst 0.066%); sounded 481 456 458 458 467 466 468 455 ms; kernel onsets every 51 50 50 50 50 50 50 ticks, span 351, held 49 48 48 48 48 48 48 48 ticks; counts 4561 4063 3620 3417 3044 2712 2416 2280
mpx3-speaker: PASS K3 release uefi speaker: user: speaker off at the end of pid 7, port 0x61 0x30 (hold was pid 7); 880 Hz in the capture: none ms
mpx3-speaker: PASS K4 release uefi speaker: speaker: 9 tones, 1 stopped at their process's end, sounding 0, port 0x61 0x00
mpx3-speaker: PASS K5 release uefi speaker: -ENOSYS only for 273 334, nothing refused; init ended, status 0; qemu-halt: HALTED in pax_halt (RIP ffffffff800001a0, unchanged a second later; IF clear; serial still at 6172 bytes; accel tcg; quit -> 0)
native kmain_console bios speaker halt-status=0 accel=tcg serial=5250034241867ec495d67e7d5753badce3114726345cd0f767057799621cd687 wav=70fc6cb84ff8178f680ef5f939b306a2a627d80fbcb76b6c42b4226477fa2f5c iso=db888ba2edba4ad3c616dd4a3e360f85e2e8789e44ff3bd7f2cfef53d81ca51d
native kmain_console bios tunes halt-status=0 accel=tcg serial=ed5a1b0ffa6a16e99b65b8cb14f21fb4119f5f64251154e3f05aab37bdd805ed wav=d3646fb3fc6463efbf435442bb0d1d1febb32f48b56f5cf4500736af0c6b4af8 iso=db888ba2edba4ad3c616dd4a3e360f85e2e8789e44ff3bd7f2cfef53d81ca51d
release kmain_console bios speaker halt-status=0 accel=tcg serial=69674c3aa8e6fbfe8a586c8c1ec907d42cd9f63b210f5f6565793aba5462e421 wav=3afcb2fca4464a17c7baf4b8e9e50f61f3e23519a63385a6397103c6f974f329 iso=329c26d9ec3a60e2c32e74352795bc0fbed68d09f422635e0a5ddf093fadcc09
native kmain_console uefi speaker halt-status=0 accel=tcg serial=34809b1618b4463621cf136e4b2e96a0ff54e77142efed930f39d5063f34d4d0 wav=b69b9878deac74889a0130100ff07b26f7d2282d2bf20d13bf64ea1144f6427e iso=db888ba2edba4ad3c616dd4a3e360f85e2e8789e44ff3bd7f2cfef53d81ca51d
release kmain_console uefi speaker halt-status=0 accel=tcg serial=3ecb3383fcbbd7615755538094f12ce0883d2257b75033aa9d5af9fb98a6e1cd wav=95875cbb5b852945b59b4f2149809d5c58f3d4684e652be71f6ab9b0eef9d5c7 iso=329c26d9ec3a60e2c32e74352795bc0fbed68d09f422635e0a5ddf093fadcc09
mpx3-speaker: mpx3-speaker: FAIL
