mpx3-speaker: PASS K1 native bios speaker: the session is user/console/speaker.expect (21 lines, 53b679200474…)
mpx3-speaker: PASS K2 native bios speaker: Hz 261.53 293.84 329.52 349.95 392.26 440.09 493.98 524.34 (worst 0.208%); sounded 485 463 470 472 472 466 470 461 ms; kernel onsets every 51 50 50 50 50 50 50 ticks, span 351, held 49 48 48 48 48 48 48 48 ticks; counts 4561 4063 3620 3417 3044 2712 2416 2280
mpx3-speaker: PASS K3 native bios speaker: user: speaker off at the end of pid 7, port 0x61 0x10 (hold was pid 7); 880 Hz in the capture: none ms
mpx3-speaker: PASS K4 native bios speaker: speaker: 9 tones, 1 stopped at their process's end, sounding 0, port 0x61 0x00
mpx3-speaker: PASS K5 native bios speaker: -ENOSYS only for 273 334, nothing refused; init ended, status 0; qemu-halt: HALTED in pax_halt (RIP ffffffff800001a0, unchanged a second later; IF clear; serial still at 5910 bytes; accel tcg; quit -> 0)
mpx3-speaker: PASS K1 native bios tunes: the session is user/console/speaker-tunes.expect (5 lines, c907e5d16bea…)
mpx3-speaker: PASS K6 native bios tunes: mambo 160 notes, onsets span 43710 ms against 43696, worst onset 19 ms off; entertainer 154 notes, onsets span 48570 ms against 48553, worst onset 19 ms off; the kernel held tones 71030 ms and the capture sounds 68600 ms (-2.4%) against the files' 70258 ms
mpx3-speaker: PASS K4 native bios tunes: speaker: 314 tones, 0 stopped at their process's end, sounding 0, port 0x61 0x30
mpx3-speaker: PASS K5 native bios tunes: -ENOSYS only for 273 334, nothing refused; init ended, status 0; qemu-halt: HALTED in pax_halt (RIP ffffffff800001a0, unchanged a second later; IF clear; serial still at 3124 bytes; accel tcg; quit -> 0)
mpx3-speaker: PASS K1 release bios speaker: the session is user/console/speaker.expect (21 lines, 53b679200474…)
mpx3-speaker: PASS K2 release bios speaker: Hz 261.54 293.87 328.81 349.22 392.04 439.83 493.98 523.39 (worst 0.249%); sounded 481 473 465 467 462 466 468 452 ms; kernel onsets every 50 50 50 50 50 50 50 ticks, span 350, held 48 48 48 48 48 48 48 48 ticks; counts 4561 4063 3620 3417 3044 2712 2416 2280
mpx3-speaker: PASS K3 release bios speaker: user: speaker off at the end of pid 7, port 0x61 0x10 (hold was pid 7); 880 Hz in the capture: none ms
mpx3-speaker: PASS K4 release bios speaker: speaker: 9 tones, 1 stopped at their process's end, sounding 0, port 0x61 0x20
mpx3-speaker: PASS K5 release bios speaker: -ENOSYS only for 273 334, nothing refused; init ended, status 0; qemu-halt: HALTED in pax_halt (RIP ffffffff800001a0, unchanged a second later; IF clear; serial still at 5902 bytes; accel tcg; quit -> 0)
mpx3-speaker: PASS K1 native uefi speaker: the session is user/console/speaker.expect (21 lines, 53b679200474…)
mpx3-speaker: PASS K2 native uefi speaker: Hz 261.54 293.74 329.53 349.22 392.04 439.89 493.99 523.62 (worst 0.071%); sounded 492 460 452 467 462 457 468 460 ms; kernel onsets every 51 50 50 50 50 50 50 ticks, span 351, held 49 48 48 48 48 48 48 48 ticks; counts 4561 4063 3620 3417 3044 2712 2416 2280
mpx3-speaker: PASS K3 native uefi speaker: user: speaker off at the end of pid 7, port 0x61 0x30 (hold was pid 7); 880 Hz in the capture: none ms
mpx3-speaker: PASS K4 native uefi speaker: speaker: 9 tones, 1 stopped at their process's end, sounding 0, port 0x61 0x00
mpx3-speaker: PASS K5 native uefi speaker: -ENOSYS only for 273 334, nothing refused; init ended, status 0; qemu-halt: HALTED in pax_halt (RIP ffffffff800001a0, unchanged a second later; IF clear; serial still at 6172 bytes; accel tcg; quit -> 0)
mpx3-speaker: PASS K1 release uefi speaker: the session is user/console/speaker.expect (21 lines, 53b679200474…)
mpx3-speaker: PASS K2 release uefi speaker: Hz 261.54 293.70 329.54 349.22 392.04 439.97 493.98 523.55 (worst 0.057%); sounded 492 463 458 467 462 466 468 460 ms; kernel onsets every 51 50 50 50 50 50 50 ticks, span 351, held 49 48 48 48 48 48 48 48 ticks; counts 4561 4063 3620 3417 3044 2712 2416 2280
mpx3-speaker: PASS K3 release uefi speaker: user: speaker off at the end of pid 7, port 0x61 0x10 (hold was pid 7); 880 Hz in the capture: none ms
mpx3-speaker: PASS K4 release uefi speaker: speaker: 9 tones, 1 stopped at their process's end, sounding 0, port 0x61 0x20
mpx3-speaker: PASS K5 release uefi speaker: -ENOSYS only for 273 334, nothing refused; init ended, status 0; qemu-halt: HALTED in pax_halt (RIP ffffffff800001a0, unchanged a second later; IF clear; serial still at 6172 bytes; accel tcg; quit -> 0)
native kmain_console bios speaker halt-status=0 accel=tcg serial=5680ed3b6c3c34b4821b9e214f784305e2d515321ca37591803936b1b6d18627 wav=8f5a51e093cdacff9f77f1f0ed83cda066919b1b12bca1bedaf00aabfdb376cf iso=d21c4a73e17d6e466845435c86e76e4e40d581016b20ec209e47ae983743cf2b
native kmain_console bios tunes halt-status=0 accel=tcg serial=e0135730782bdbcb45f6bc9a9f2523c5ad0ef1a9a3829f97f6ec25713d7d18a9 wav=f1855e9a396ea3b250d70aa89ba7a06e0c7b141101895e6932da132d4c01df1e iso=d21c4a73e17d6e466845435c86e76e4e40d581016b20ec209e47ae983743cf2b
release kmain_console bios speaker halt-status=0 accel=tcg serial=d546f6049dad3a41131823d833f859e8c76b24e12be1b93775098ab58d0d44ad wav=068c2d48da3a1cdb23e82db705a23b666aab8d30199d07d4f2c6c2e753cce1f5 iso=dba979b39253e5cb520884c4822c35946de3868525742a13ca88faf3589f6626
native kmain_console uefi speaker halt-status=0 accel=tcg serial=e8f6127842105cb1107ff85ca5777d20ed0e22753c5ebf4cf5caa1a108cd241d wav=6616d5fa2c0101040fd3dda70ef0e04237a0fe17ab52556bde395d7e66b3cba6 iso=d21c4a73e17d6e466845435c86e76e4e40d581016b20ec209e47ae983743cf2b
release kmain_console uefi speaker halt-status=0 accel=tcg serial=89ae00795218bf553c1091b47c7aaa93e2e625f568078810fb85196b1b9c0116 wav=a686c812e3fbf8b4b293f09882ddfe97b2affbb07ea65643fb8cd27e91c47832 iso=dba979b39253e5cb520884c4822c35946de3868525742a13ca88faf3589f6626
mpx3-speaker: mpx3-speaker: PASS
