mpx3-screen: PASS V1 native bios screen: screen: 1280x800 32 bpp pitch 5120 rgb 8:16 8:8 8:0 at 0xffff8000fd000000, wc (pat 0x0000010500070406), 1000 pages 3 tables; font spleen 8x16, 160x50 cells; 100 bytes replayed, 0 lost
mpx3-screen: PASS V2 native bios screen: the screendump equals the reference, 1024000 pixels (bcb32af238f1…)
mpx3-screen: PASS V3 native bios screen: scroll: 400 lines in 2 ticks without scrolling, 400 in 6 with 356 scrolls: 0.11 ms a scrolled line (kvm)
mpx3-screen: PASS V4 native bios screen-serial: no framebuffer; 413 serial lines byte-identical to the screen run's (e47bb0d7f44c…)
mpx3-screen: PASS V5 native bios pelt-ps2: pelt typed through PS/2; the screendump equals the reference, 1024000 pixels (af354557cf5a…)
mpx3-screen: PASS V6 native bios ask: 'ask: winsize 0 rows 50 cols 160' on the screen, 'ask: winsize 0 rows 0 cols 0' serial-only, the rest byte-identical (18 lines); the screendump equals the reference, 1024000 pixels
mpx3-screen: PASS V1 release bios screen: screen: 1280x800 32 bpp pitch 5120 rgb 8:16 8:8 8:0 at 0xffff8000fd000000, wc (pat 0x0000010500070406), 1000 pages 3 tables; font spleen 8x16, 160x50 cells; 100 bytes replayed, 0 lost
mpx3-screen: PASS V2 release bios screen: the screendump equals the reference, 1024000 pixels (bcb32af238f1…)
mpx3-screen: PASS V3 release bios screen: scroll: 400 lines in 2 ticks without scrolling, 400 in 6 with 356 scrolls: 0.11 ms a scrolled line (kvm)
mpx3-screen: PASS V4 release bios screen-serial: no framebuffer; 413 serial lines byte-identical to the screen run's (e47bb0d7f44c…)
mpx3-screen: PASS V5 release bios pelt-ps2: pelt typed through PS/2; the screendump equals the reference, 1024000 pixels (4d052d214d68…)
mpx3-screen: PASS V6 release bios ask: 'ask: winsize 0 rows 50 cols 160' on the screen, 'ask: winsize 0 rows 0 cols 0' serial-only, the rest byte-identical (18 lines); the screendump equals the reference, 1024000 pixels
mpx3-screen: PASS V1 native uefi screen: screen: 1280x800 32 bpp pitch 5120 rgb 8:16 8:8 8:0 at 0xffff800080000000, wc (pat 0x0000010500070406), 1000 pages 3 tables; font spleen 8x16, 160x50 cells; 101 bytes replayed, 0 lost
mpx3-screen: PASS V2 native uefi screen: the screendump equals the reference, 1024000 pixels (33a4026c536c…)
mpx3-screen: PASS V3 native uefi screen: scroll: 400 lines in 2 ticks without scrolling, 400 in 6 with 356 scrolls: 0.11 ms a scrolled line (kvm)
mpx3-screen: PASS V4 native uefi screen-serial: no framebuffer; 413 serial lines byte-identical to the screen run's (e47bb0d7f44c…)
mpx3-screen: PASS V5 native uefi pelt-ps2: pelt typed through PS/2; the screendump equals the reference, 1024000 pixels (e2b493da5e4c…)
mpx3-screen: PASS V6 native uefi ask: 'ask: winsize 0 rows 50 cols 160' on the screen, 'ask: winsize 0 rows 0 cols 0' serial-only, the rest byte-identical (18 lines); the screendump equals the reference, 1024000 pixels
mpx3-screen: PASS V1 release uefi screen: screen: 1280x800 32 bpp pitch 5120 rgb 8:16 8:8 8:0 at 0xffff800080000000, wc (pat 0x0000010500070406), 1000 pages 3 tables; font spleen 8x16, 160x50 cells; 101 bytes replayed, 0 lost
mpx3-screen: PASS V2 release uefi screen: the screendump equals the reference, 1024000 pixels (343b4bdfdd59…)
mpx3-screen: PASS V3 release uefi screen: scroll: 400 lines in 1 ticks without scrolling, 400 in 7 with 356 scrolls: 0.17 ms a scrolled line (kvm)
mpx3-screen: PASS V4 release uefi screen-serial: no framebuffer; 413 serial lines byte-identical to the screen run's (e47bb0d7f44c…)
mpx3-screen: PASS V5 release uefi pelt-ps2: pelt typed through PS/2; the screendump equals the reference, 1024000 pixels (70a69f692bfc…)
mpx3-screen: PASS V6 release uefi ask: 'ask: winsize 0 rows 50 cols 160' on the screen, 'ask: winsize 0 rows 0 cols 0' serial-only, the rest byte-identical (18 lines); the screendump equals the reference, 1024000 pixels
native bios screen halt-status=0 accel=kvm serial=e525583285826269c4475161e37f5cc56cd364838e760b50cd6b2e943c96e6e4 dump=bcb32af238f15f671ebe3f658412ed429d6bdbc135b84f788205a8fc754a6553 iso=ac4cf53408f1b878bd6c2a9da49f5d29cfb5ebc94be62a3f69f7febd0770ed7d
native bios screen-serial halt-status=0 accel=kvm serial=95418869dc8e7383e0e19191b407b324f81ee321b62d93efd7661ae69b4a107a dump=none iso=ac4cf53408f1b878bd6c2a9da49f5d29cfb5ebc94be62a3f69f7febd0770ed7d
native bios pelt-ps2 halt-status=0 accel=kvm serial=2fdc697a516ebcf71833f8d15630ee17b988c845052a7b7087ddcfb4a26825df dump=af354557cf5a5d323de7dc12708232456e039e357b463e5deacebd948d82500b iso=21b5949fb08c0295ebd336c859520b3e73dace090c1b427a0789813f511eedbd
native bios ask-ps2 halt-status=0 accel=kvm serial=3c8125e69ed4372ffb67cc290807195ba6e5143db1f3422fc850364a4256486f dump=184f65598ff1373accd2b19fdd26dcba7633d38c6774be9ba4b9450059b99c1e iso=4589f6ecdbd6aa72ae02e39e312983fff87c49637d70d3adebd8f64192d7161f
native bios ask-serial halt-status=0 accel=kvm serial=ce1e25f72006461e7fc7a5fdc1d9c41055a6b89509edaadf1eeb1879e4b3345d dump=none iso=4589f6ecdbd6aa72ae02e39e312983fff87c49637d70d3adebd8f64192d7161f
release bios screen halt-status=0 accel=kvm serial=ac55dc92e73b2ece807beeefd725d035c72f60f0af2fd4a99d990437285d1a03 dump=bcb32af238f15f671ebe3f658412ed429d6bdbc135b84f788205a8fc754a6553 iso=95fc65c786a30726132d8c566cd6023ea071f8be84d0eb4df8569d1d6c3a012c
release bios screen-serial halt-status=0 accel=kvm serial=10a90867b1e73ccf262e7c37f287270dbdeabc86b60eaae3fc0f0aa0466725cb dump=none iso=95fc65c786a30726132d8c566cd6023ea071f8be84d0eb4df8569d1d6c3a012c
release bios pelt-ps2 halt-status=0 accel=kvm serial=43642ef9183a6570d16cd4a8481d384bfc4c8ca35742c1f565a0da3f41b212e2 dump=4d052d214d68427d9737e116e3800761362aba9c5c340306bbb62ec8de27629f iso=b93c72b557013bf9624d126a7e15e572edebaeb2e3110378950a8a69b87bd592
release bios ask-ps2 halt-status=0 accel=kvm serial=c7eb3208817642732582ff70247a0b1b271fff686464214c676c5a1637e04411 dump=b2805999ec3565de6d4228d392f2d85e61b7c9e4a67c01da2aa4115aaf6b49d4 iso=fd8629151c873286b295d313f29981b45771706894906c4c60de2b8adf9013bc
release bios ask-serial halt-status=0 accel=kvm serial=ec00aaf456b7c078555d58176716e57fcbf4b504cf4eabc7dec74bf523d3eec1 dump=none iso=fd8629151c873286b295d313f29981b45771706894906c4c60de2b8adf9013bc
native uefi screen halt-status=0 accel=kvm serial=cdabd1616fbedff50165b7adbea2268305720e8f564ac3440376eac766d3356b dump=33a4026c536cae062db1ae520d4590bc02e3ada221b934c4fda047bd07672879 iso=ac4cf53408f1b878bd6c2a9da49f5d29cfb5ebc94be62a3f69f7febd0770ed7d
native uefi screen-serial halt-status=0 accel=kvm serial=e2302e8150971bf2b8a12d1c9f1b8b6e4d0771a5a78893f986fbbffb9fe8cd9d dump=none iso=ac4cf53408f1b878bd6c2a9da49f5d29cfb5ebc94be62a3f69f7febd0770ed7d
native uefi pelt-ps2 halt-status=0 accel=kvm serial=16502a1e46f85cb624381b62db24d5a65fd44865658b24acf66a641c1da6e651 dump=e2b493da5e4ca6acf67bb23eb0e9a965536843ee650587f9f8bbf1a099410ce0 iso=21b5949fb08c0295ebd336c859520b3e73dace090c1b427a0789813f511eedbd
native uefi ask-ps2 halt-status=0 accel=kvm serial=7280751bb565751214047f5578ac6d6a6f14f53090fb98a33ca9e14d80f6961e dump=9cc93cd4b7658472005a561080b1596eae7692647487ea15261a79758bcddf11 iso=4589f6ecdbd6aa72ae02e39e312983fff87c49637d70d3adebd8f64192d7161f
native uefi ask-serial halt-status=0 accel=kvm serial=c29f9446352271a9f7db6d1de517c2dea799454cc104a57e015861003cfc643d dump=none iso=4589f6ecdbd6aa72ae02e39e312983fff87c49637d70d3adebd8f64192d7161f
release uefi screen halt-status=0 accel=kvm serial=828d426e4e3b7af7d5a9503ec38e2befea19a57066cba66c02ab0fe4acb2a811 dump=343b4bdfdd596b49235f4bcf67f0e44f424feae5a8a6f8a44c168f763aa0c576 iso=95fc65c786a30726132d8c566cd6023ea071f8be84d0eb4df8569d1d6c3a012c
release uefi screen-serial halt-status=0 accel=kvm serial=2c2de83bdae7ddf171f7599d6df2c4aa9b01a85a9a78a6c894d4ba01ac4c0ea2 dump=none iso=95fc65c786a30726132d8c566cd6023ea071f8be84d0eb4df8569d1d6c3a012c
release uefi pelt-ps2 halt-status=0 accel=kvm serial=02dead63fc4c221672923c12805e26f634014f6c7b61371f96fb4364e9f4c8c9 dump=70a69f692bfcbddf4ffabd30b1aae3fff91e1355e77e118f2c4fbae801c4cfd4 iso=b93c72b557013bf9624d126a7e15e572edebaeb2e3110378950a8a69b87bd592
release uefi ask-ps2 halt-status=0 accel=kvm serial=b7b2b2c4c6caacdb9b03fa8268b9a46e9d295b28dde8d2151ea71cbc6ac7d026 dump=1f820a57f49f8a633f87034efb2cb07bf7ffe814df36fbe829dba85807fc8929 iso=fd8629151c873286b295d313f29981b45771706894906c4c60de2b8adf9013bc
release uefi ask-serial halt-status=0 accel=kvm serial=3d69c4abd8b2420807c68f4ca30cca61626d45fc2a836d182d7d50e7ded1116e dump=none iso=fd8629151c873286b295d313f29981b45771706894906c4c60de2b8adf9013bc
mpx3-screen: mpx3-screen: PASS
rc 0
