mpx3-screen: PASS V1 native bios screen: screen: 1280x800 32 bpp pitch 5120 rgb 8:16 8:8 8:0 at 0xffff8000fd000000, wc (pat 0x0000010500070406), 1000 pages 3 tables; font spleen 8x16, 160x50 cells; 100 bytes replayed, 0 lost
mpx3-screen: PASS V2 native bios screen: the screendump equals the reference, 1024000 pixels (396da0daf391…)
mpx3-screen: PASS V3 native bios screen: scroll: 400 lines in 2 ticks without scrolling, 400 in 46 with 356 scrolls: 1.24 ms a scrolled line (tcg)
mpx3-screen: FAIL V4 native bios screen-serial: the serial differs: 2c2|< paging: limine cr3 0x000000000fea0000, pax cr3 0x0000000000104000, 8 table frames|---|> paging: limine cr3 0x000000000fe95000, pax cr3 0x0000000000104000, 8 table frames|412,413c412,413|< [==============================================================================================================================================================]|;
mpx3-screen: PASS V5 native bios pelt-ps2: pelt typed through PS/2; the screendump equals the reference, 1024000 pixels (08b48dc55bab…)
mpx3-screen: FAIL V6 native bios ask: with the screen 'ask: winsize 0 rows 50 cols 160', not 'ask: winsize 50 rows 160 cols 0';
mpx3-screen: PASS V1 release bios screen: screen: 1280x800 32 bpp pitch 5120 rgb 8:16 8:8 8:0 at 0xffff8000fd000000, wc (pat 0x0000010500070406), 1000 pages 3 tables; font spleen 8x16, 160x50 cells; 100 bytes replayed, 0 lost
mpx3-screen: PASS V2 release bios screen: the screendump equals the reference, 1024000 pixels (9c60e437fc6d…)
mpx3-screen: PASS V3 release bios screen: scroll: 400 lines in 0 ticks without scrolling, 400 in 45 with 356 scrolls: 1.26 ms a scrolled line (tcg)
mpx3-screen: FAIL V4 release bios screen-serial: the serial differs: 2c2|< paging: limine cr3 0x000000000fec6000, pax cr3 0x0000000000104000, 8 table frames|---|> paging: limine cr3 0x000000000febb000, pax cr3 0x0000000000104000, 8 table frames|412,413c412,413|< [==============================================================================================================================================================]|;
mpx3-screen: PASS V5 release bios pelt-ps2: pelt typed through PS/2; the screendump equals the reference, 1024000 pixels (beae77fb18c9…)
mpx3-screen: FAIL V6 release bios ask: with the screen 'ask: winsize 0 rows 50 cols 160', not 'ask: winsize 50 rows 160 cols 0';
mpx3-screen: PASS V1 native uefi screen: screen: 1280x800 32 bpp pitch 5120 rgb 8:16 8:8 8:0 at 0xffff800080000000, wc (pat 0x0000010500070406), 1000 pages 3 tables; font spleen 8x16, 160x50 cells; 101 bytes replayed, 0 lost
mpx3-screen: PASS V2 native uefi screen: the screendump equals the reference, 1024000 pixels (18ae1c4e69ec…)
mpx3-screen: PASS V3 native uefi screen: scroll: 400 lines in 2 ticks without scrolling, 400 in 38 with 356 scrolls: 1.01 ms a scrolled line (tcg)
mpx3-screen: FAIL V4 native uefi screen-serial: the serial differs: 2c2|< paging: limine cr3 0x000000000bf8e000, pax cr3 0x0000000000104000, 11 table frames|---|> paging: limine cr3 0x000000000bfc4000, pax cr3 0x0000000000104000, 11 table frames|412,413c412,413|< [==============================================================================================================================================================]|;
mpx3-screen: PASS V5 native uefi pelt-ps2: pelt typed through PS/2; the screendump equals the reference, 1024000 pixels (2d7b7454f007…)
mpx3-screen: FAIL V6 native uefi ask: with the screen 'ask: winsize 0 rows 50 cols 160', not 'ask: winsize 50 rows 160 cols 0';
mpx3-screen: PASS V1 release uefi screen: screen: 1280x800 32 bpp pitch 5120 rgb 8:16 8:8 8:0 at 0xffff800080000000, wc (pat 0x0000010500070406), 1000 pages 3 tables; font spleen 8x16, 160x50 cells; 101 bytes replayed, 0 lost
mpx3-screen: PASS V2 release uefi screen: the screendump equals the reference, 1024000 pixels (f4845c69bbd9…)
mpx3-screen: PASS V3 release uefi screen: scroll: 400 lines in 0 ticks without scrolling, 400 in 36 with 356 scrolls: 1.01 ms a scrolled line (tcg)
mpx3-screen: FAIL V4 release uefi screen-serial: the serial differs: 2c2|< paging: limine cr3 0x000000000a161000, pax cr3 0x0000000000104000, 11 table frames|---|> paging: limine cr3 0x000000000bf8c000, pax cr3 0x0000000000104000, 11 table frames|412,413c412,413|< [==============================================================================================================================================================]|;
mpx3-screen: PASS V5 release uefi pelt-ps2: pelt typed through PS/2; the screendump equals the reference, 1024000 pixels (243d5f7bb207…)
mpx3-screen: FAIL V6 release uefi ask: with the screen 'ask: winsize 0 rows 50 cols 160', not 'ask: winsize 50 rows 160 cols 0';
native bios screen halt-status=0 accel=tcg serial=f82f1517897fafc706e72dc6ab3d6ea0f5a0a56d0b0831253d563e9435ddf643 dump=396da0daf3912c53389a33e79cd819326edbca41f484cbb782bbb8ed1f34c258 iso=2501d1271f5e48e736c52d78ae93256f1c79c1a1764b73f9b84ee4dfc3a5367d
native bios screen-serial halt-status=0 accel=tcg serial=64e75e0269c5f4eebc31de2744234ff964fe39545474923db95ba13dd902d324 dump=none iso=2501d1271f5e48e736c52d78ae93256f1c79c1a1764b73f9b84ee4dfc3a5367d
native bios pelt-ps2 halt-status=0 accel=tcg serial=285a9d6ce4a158d7e332a03d6fc638707a73b065021967bb615e8a1e8566c9a3 dump=08b48dc55bab166f4fa20dc7546d86a77dc703f68b13c494cf70454f957d0490 iso=c1aeae259136c71613e6dfa5f669d73895c397a095eb709d33d6c5deb9dd1839
native bios ask-ps2 halt-status=0 accel=tcg serial=71a7c143cf8ac51d1bf889684f719eaec65678f4071066a8f3db7caa52955945 dump=184f65598ff1373accd2b19fdd26dcba7633d38c6774be9ba4b9450059b99c1e iso=b531c5e624a319ef83d0688eefd2e6a6a3feea249770ef290b90c0d63acb0cae
native bios ask-serial halt-status=0 accel=tcg serial=c819b6c675a5aef78a51c6ee76e489abc3868f9cc2d874d6c2e2e696da2d11da dump=none iso=b531c5e624a319ef83d0688eefd2e6a6a3feea249770ef290b90c0d63acb0cae
release bios screen halt-status=0 accel=tcg serial=ece3a8e7c09a9251030426abf6f0aa177eb765c3d56e932560f78ccd0e42ebcd dump=9c60e437fc6d386d0b9f3f5a025eded20f12ed3282cfa5869ab0a9631074ba21 iso=7c8b3dcb2f62aba6ea5af1ef35c499b8750122aeb2f3b1790eb01c590bf067da
release bios screen-serial halt-status=0 accel=tcg serial=b69bfe0504d5a9dce2e8b5f33c5aebf267969f12a93ff05258bb51a8ab25abf4 dump=none iso=7c8b3dcb2f62aba6ea5af1ef35c499b8750122aeb2f3b1790eb01c590bf067da
release bios pelt-ps2 halt-status=0 accel=tcg serial=8f62349fbc0f3191c7d0ac471e91509025dd8f566b58a036ebc8874a216a47be dump=beae77fb18c937df481d6390d4526843c63e306f80abea502e254a657df80739 iso=f74c7575c23a163a1fe23376b9b6cca8db876564ff92778188105c48fd188a4a
release bios ask-ps2 halt-status=0 accel=tcg serial=97f6afd9ee81c6e1d9dcac89bca2d2fbae8e3f63d8f1fa71707869cd45f0483d dump=da4a9b1d114f6f81b25e4d6414656c05356e0e58d67bb9c7eb3818b0cf3526f0 iso=e69f9944b13cbaf0c5cab4e4fec919a6a4251f68131cbce7d6e28d23dc197fe4
release bios ask-serial halt-status=0 accel=tcg serial=bb0e191392b2536c7b43233aded0e05e27968d1a87845e934c477bfbc4ea65c6 dump=none iso=e69f9944b13cbaf0c5cab4e4fec919a6a4251f68131cbce7d6e28d23dc197fe4
native uefi screen halt-status=0 accel=tcg serial=8ee49868ed44b68372c0fcfd93dffcc0b59276d95aa8904b6013a1980e0e0484 dump=18ae1c4e69ec3f2e74a273512cbac53d77ae08639f7dce8898eab51aecc126c9 iso=2501d1271f5e48e736c52d78ae93256f1c79c1a1764b73f9b84ee4dfc3a5367d
native uefi screen-serial halt-status=0 accel=tcg serial=6e1cf17ec2cef39574a303b8205c2b6fa6dea9f5137337a10d50b4952e947d63 dump=none iso=2501d1271f5e48e736c52d78ae93256f1c79c1a1764b73f9b84ee4dfc3a5367d
native uefi pelt-ps2 halt-status=0 accel=tcg serial=e01391ae3f304fb9dd60be5d85942002c88fd100e0be54741a3789afe69257b9 dump=2d7b7454f007fdf1904c3f32c7b80363874caac69c17cc095d68bdf45c2d4898 iso=c1aeae259136c71613e6dfa5f669d73895c397a095eb709d33d6c5deb9dd1839
native uefi ask-ps2 halt-status=0 accel=tcg serial=4027ef30acf712bdfd9feb168f9db3012a92ec02c1a02344fda0474d6ad00640 dump=9ae36c4d90f39f7a7ad84c8b188b1aa0e82c9aae5b52fcc409a181e62c3d2f82 iso=b531c5e624a319ef83d0688eefd2e6a6a3feea249770ef290b90c0d63acb0cae
native uefi ask-serial halt-status=0 accel=tcg serial=1e63fc9b0f32a28cfebf59542ad8d622ca1e2d5a3326df279b54fb306cc348c6 dump=none iso=b531c5e624a319ef83d0688eefd2e6a6a3feea249770ef290b90c0d63acb0cae
release uefi screen halt-status=0 accel=tcg serial=2ed1a4b6e27726a86bc783b20418f87f5611d42f210ed7913baf184498e011de dump=f4845c69bbd959c69a2f82425469a6e67db98e5541264742c5d758ea850d5793 iso=7c8b3dcb2f62aba6ea5af1ef35c499b8750122aeb2f3b1790eb01c590bf067da
release uefi screen-serial halt-status=0 accel=tcg serial=e2fe77ad6def74593b9e22372847b78beed6828a0beeeee280d701ad37d6d95b dump=none iso=7c8b3dcb2f62aba6ea5af1ef35c499b8750122aeb2f3b1790eb01c590bf067da
release uefi pelt-ps2 halt-status=0 accel=tcg serial=45239d7bda0c9caf1248033000b8a04059dfe6c950c5eda3171b79163260b2d7 dump=243d5f7bb2079b532068aa659685651293bca3787ac90d1d061031abeb9b77fb iso=f74c7575c23a163a1fe23376b9b6cca8db876564ff92778188105c48fd188a4a
release uefi ask-ps2 halt-status=0 accel=tcg serial=d6ca1136a80babecc4f31ccc0bdc2816493922ac51cca0b2c8e1bafdfcef60f8 dump=c81013c2264dbb492681d5a2f2c113cc1e8c9cfdc41fc7d60a662967098ada52 iso=e69f9944b13cbaf0c5cab4e4fec919a6a4251f68131cbce7d6e28d23dc197fe4
release uefi ask-serial halt-status=0 accel=tcg serial=e84feeb4a2b1c6da87063db6d4299de21c764c242f8663efb720d7adb4847daf dump=none iso=e69f9944b13cbaf0c5cab4e4fec919a6a4251f68131cbce7d6e28d23dc197fe4
mpx3-screen: mpx3-screen: FAIL
