mpx3-screen: PASS V1 native bios screen: screen: 1280x800 32 bpp pitch 5120 rgb 8:16 8:8 8:0 at 0xffff8000fd000000, wc (pat 0x0000010500070406), 1000 pages 3 tables; font spleen 8x16, 160x50 cells; 100 bytes replayed, 0 lost
mpx3-screen: PASS V2 native bios screen: the screendump equals the reference, 1024000 pixels (876674272e3d…)
mpx3-screen: PASS V3 native bios screen: scroll: 400 lines in 2 ticks without scrolling, 400 in 41 with 356 scrolls: 1.10 ms a scrolled line (tcg)
mpx3-screen: PASS V4 native bios screen-serial: no framebuffer; 413 serial lines byte-identical to the screen run's (e47bb0d7f44c…)
mpx3-screen: PASS V5 native bios pelt-ps2: pelt typed through PS/2; the screendump equals the reference, 1024000 pixels (08b48dc55bab…)
mpx3-screen: PASS V6 native bios ask: 'ask: winsize 0 rows 50 cols 160' on the screen, 'ask: winsize 0 rows 0 cols 0' serial-only, the rest byte-identical (18 lines); the screendump equals the reference, 1024000 pixels
mpx3-screen: PASS V1 release bios screen: screen: 1280x800 32 bpp pitch 5120 rgb 8:16 8:8 8:0 at 0xffff8000fd000000, wc (pat 0x0000010500070406), 1000 pages 3 tables; font spleen 8x16, 160x50 cells; 100 bytes replayed, 0 lost
mpx3-screen: PASS V2 release bios screen: the screendump equals the reference, 1024000 pixels (31520d6278db…)
mpx3-screen: PASS V3 release bios screen: scroll: 400 lines in 0 ticks without scrolling, 400 in 40 with 356 scrolls: 1.12 ms a scrolled line (tcg)
mpx3-screen: PASS V4 release bios screen-serial: no framebuffer; 413 serial lines byte-identical to the screen run's (e47bb0d7f44c…)
mpx3-screen: PASS V5 release bios pelt-ps2: pelt typed through PS/2; the screendump equals the reference, 1024000 pixels (4d052d214d68…)
mpx3-screen: PASS V6 release bios ask: 'ask: winsize 0 rows 50 cols 160' on the screen, 'ask: winsize 0 rows 0 cols 0' serial-only, the rest byte-identical (18 lines); the screendump equals the reference, 1024000 pixels
mpx3-screen: PASS V1 native uefi screen: screen: 1280x800 32 bpp pitch 5120 rgb 8:16 8:8 8:0 at 0xffff800080000000, wc (pat 0x0000010500070406), 1000 pages 3 tables; font spleen 8x16, 160x50 cells; 101 bytes replayed, 0 lost
mpx3-screen: PASS V2 native uefi screen: the screendump equals the reference, 1024000 pixels (656722ab7532…)
mpx3-screen: PASS V3 native uefi screen: scroll: 400 lines in 2 ticks without scrolling, 400 in 34 with 356 scrolls: 0.90 ms a scrolled line (tcg)
mpx3-screen: PASS V4 native uefi screen-serial: no framebuffer; 413 serial lines byte-identical to the screen run's (e47bb0d7f44c…)
mpx3-screen: PASS V5 native uefi pelt-ps2: pelt typed through PS/2; the screendump equals the reference, 1024000 pixels (2d7b7454f007…)
mpx3-screen: PASS V6 native uefi ask: 'ask: winsize 0 rows 50 cols 160' on the screen, 'ask: winsize 0 rows 0 cols 0' serial-only, the rest byte-identical (18 lines); the screendump equals the reference, 1024000 pixels
mpx3-screen: PASS V1 release uefi screen: screen: 1280x800 32 bpp pitch 5120 rgb 8:16 8:8 8:0 at 0xffff800080000000, wc (pat 0x0000010500070406), 1000 pages 3 tables; font spleen 8x16, 160x50 cells; 101 bytes replayed, 0 lost
mpx3-screen: PASS V2 release uefi screen: the screendump equals the reference, 1024000 pixels (d8cdb0b94a59…)
mpx3-screen: PASS V3 release uefi screen: scroll: 400 lines in 0 ticks without scrolling, 400 in 32 with 356 scrolls: 0.90 ms a scrolled line (tcg)
mpx3-screen: PASS V4 release uefi screen-serial: no framebuffer; 413 serial lines byte-identical to the screen run's (e47bb0d7f44c…)
mpx3-screen: PASS V5 release uefi pelt-ps2: pelt typed through PS/2; the screendump equals the reference, 1024000 pixels (5f3dc6fad30d…)
mpx3-screen: PASS V6 release uefi ask: 'ask: winsize 0 rows 50 cols 160' on the screen, 'ask: winsize 0 rows 0 cols 0' serial-only, the rest byte-identical (18 lines); the screendump equals the reference, 1024000 pixels
native bios screen halt-status=0 accel=tcg serial=959328f7b67046c11f56ee6a6d991a3b0131c43adf20f6e1f6def39a6110db7d dump=876674272e3ded5dc938148264e08aa507c961d06ffaf905f612b46ae38252b0 iso=ac4cf53408f1b878bd6c2a9da49f5d29cfb5ebc94be62a3f69f7febd0770ed7d
native bios screen-serial halt-status=0 accel=tcg serial=d112ece9f59adf74328b1f0fe8dcdc341571eaa2d17373b7500b4679ffdefcec dump=none iso=ac4cf53408f1b878bd6c2a9da49f5d29cfb5ebc94be62a3f69f7febd0770ed7d
native bios pelt-ps2 halt-status=0 accel=tcg serial=285a9d6ce4a158d7e332a03d6fc638707a73b065021967bb615e8a1e8566c9a3 dump=08b48dc55bab166f4fa20dc7546d86a77dc703f68b13c494cf70454f957d0490 iso=21b5949fb08c0295ebd336c859520b3e73dace090c1b427a0789813f511eedbd
native bios ask-ps2 halt-status=0 accel=tcg serial=71a7c143cf8ac51d1bf889684f719eaec65678f4071066a8f3db7caa52955945 dump=184f65598ff1373accd2b19fdd26dcba7633d38c6774be9ba4b9450059b99c1e iso=4589f6ecdbd6aa72ae02e39e312983fff87c49637d70d3adebd8f64192d7161f
native bios ask-serial halt-status=0 accel=tcg serial=c819b6c675a5aef78a51c6ee76e489abc3868f9cc2d874d6c2e2e696da2d11da dump=none iso=4589f6ecdbd6aa72ae02e39e312983fff87c49637d70d3adebd8f64192d7161f
release bios screen halt-status=0 accel=tcg serial=7e73801a06b020fee6aea925e45593421ac8d3392437e356f7c4a971de415a1c dump=31520d6278db39699726e73c1ad50aee5bf061fac7360bcd5e85f32b7c90b79f iso=95fc65c786a30726132d8c566cd6023ea071f8be84d0eb4df8569d1d6c3a012c
release bios screen-serial halt-status=0 accel=tcg serial=b19dde9b297833d946bab365463f05288af37a8d18c09af8d33eb04bfa4b77ef dump=none iso=95fc65c786a30726132d8c566cd6023ea071f8be84d0eb4df8569d1d6c3a012c
release bios pelt-ps2 halt-status=0 accel=tcg serial=e19c5fb6c3ebbeb58f87c328cec9531f8f28725c8a3f0056c622626325072c07 dump=4d052d214d68427d9737e116e3800761362aba9c5c340306bbb62ec8de27629f iso=b93c72b557013bf9624d126a7e15e572edebaeb2e3110378950a8a69b87bd592
release bios ask-ps2 halt-status=0 accel=tcg serial=0684aa2835f9a93ba6c040117d13c3158174d5f4c8b31fe96aca16a19521e205 dump=b2805999ec3565de6d4228d392f2d85e61b7c9e4a67c01da2aa4115aaf6b49d4 iso=fd8629151c873286b295d313f29981b45771706894906c4c60de2b8adf9013bc
release bios ask-serial halt-status=0 accel=tcg serial=f63edf9192d2d9e89ec3657e0c4bb7f0263f4f0c2dbf1d27fa2b98821eed9e03 dump=none iso=fd8629151c873286b295d313f29981b45771706894906c4c60de2b8adf9013bc
native uefi screen halt-status=0 accel=tcg serial=eb793ea6b50e280212fce7ca3ace8a3d635418dc4314eac0f731bc369b460bbc dump=656722ab7532ef70100bcd33b4f9d73264fddc50b4d24bac67a2713047b9d725 iso=ac4cf53408f1b878bd6c2a9da49f5d29cfb5ebc94be62a3f69f7febd0770ed7d
native uefi screen-serial halt-status=0 accel=tcg serial=6e1cf17ec2cef39574a303b8205c2b6fa6dea9f5137337a10d50b4952e947d63 dump=none iso=ac4cf53408f1b878bd6c2a9da49f5d29cfb5ebc94be62a3f69f7febd0770ed7d
native uefi pelt-ps2 halt-status=0 accel=tcg serial=e01391ae3f304fb9dd60be5d85942002c88fd100e0be54741a3789afe69257b9 dump=2d7b7454f007fdf1904c3f32c7b80363874caac69c17cc095d68bdf45c2d4898 iso=21b5949fb08c0295ebd336c859520b3e73dace090c1b427a0789813f511eedbd
native uefi ask-ps2 halt-status=0 accel=tcg serial=4027ef30acf712bdfd9feb168f9db3012a92ec02c1a02344fda0474d6ad00640 dump=9ae36c4d90f39f7a7ad84c8b188b1aa0e82c9aae5b52fcc409a181e62c3d2f82 iso=4589f6ecdbd6aa72ae02e39e312983fff87c49637d70d3adebd8f64192d7161f
native uefi ask-serial halt-status=0 accel=tcg serial=1e63fc9b0f32a28cfebf59542ad8d622ca1e2d5a3326df279b54fb306cc348c6 dump=none iso=4589f6ecdbd6aa72ae02e39e312983fff87c49637d70d3adebd8f64192d7161f
release uefi screen halt-status=0 accel=tcg serial=2143c5d0dae6828c40a3f02b124a6e8ba0ca449ef9b227719f0b5d768d3321dc dump=d8cdb0b94a59bc0328a5d1b988f700ed4dade9e444eb23c52d74054698558e75 iso=95fc65c786a30726132d8c566cd6023ea071f8be84d0eb4df8569d1d6c3a012c
release uefi screen-serial halt-status=0 accel=tcg serial=2e80bce89207e338949ea415674187da404a0f4a073baf6275878f69d65013b9 dump=none iso=95fc65c786a30726132d8c566cd6023ea071f8be84d0eb4df8569d1d6c3a012c
release uefi pelt-ps2 halt-status=0 accel=tcg serial=7c89a1b91b790d6fd350186dbf246139b2d6b21a5356f59cdad89c87670e0771 dump=5f3dc6fad30da4710922ddbf3baa0dc09da160c86273c51d4adf64e0b11e42df iso=b93c72b557013bf9624d126a7e15e572edebaeb2e3110378950a8a69b87bd592
release uefi ask-ps2 halt-status=0 accel=tcg serial=2fe7e5ac3bfb2eb2147692ea2c8e54429f8548236ec2dcbb0d05b91a1c07ed54 dump=2bd2b8d2e3240ee32262ecfc08430bc71f77a61cfd2757a954fe54b4ee16e866 iso=fd8629151c873286b295d313f29981b45771706894906c4c60de2b8adf9013bc
release uefi ask-serial halt-status=0 accel=tcg serial=8927a008b4a192cd8c5d3a82899da2ff7cd398bf1ea0b6d4b10f8fca88273b08 dump=none iso=fd8629151c873286b295d313f29981b45771706894906c4c60de2b8adf9013bc
mpx3-screen: mpx3-screen: PASS
