mpx3-shell: PASS S1 native bios shell-serial: 5 programs, pids 1 2 3 4 5, each ended; user: frames free 35575 before, 35133 with 1 processes, 35575 after
mpx3-shell: PASS S2 native bios shell-serial: the session byte-identical to Linux's (25 lines, a55adc5f451a…), exit 0
mpx3-shell: PASS S3 native bios shell-serial: 86 typed through serial, all counted there (console: 86 bytes from com1, 0 keys (0 scancodes) from the keyboard, 86 reads, 9 waited, 0 dropped)
mpx3-shell: PASS S4 native bios shell-serial: -ENOSYS only for '273 334'; refused: nothing
mpx3-shell: PASS S5 native bios shell-serial: init ended, status 0; qemu-halt: HALTED in pax_halt (RIP ffffffff8000019a, unchanged a second later; IF clear; serial still at 4004 bytes; accel tcg; quit -> 0)
mpx3-shell: PASS S1 native bios shell-ps2: 3 programs, pids 1 2 3, each ended; user: frames free 35575 before, 35133 with 1 processes, 35575 after
mpx3-shell: PASS S2 native bios shell-ps2: the session byte-identical to Linux's (14 lines, 2ce23dbb9fc7…), exit 0
mpx3-shell: PASS S3 native bios shell-ps2: 27 typed through ps2, all counted there (console: 0 bytes from com1, 27 keys (53 scancodes) from the keyboard, 27 reads, 3 waited, 0 dropped)
mpx3-shell: PASS S4 native bios shell-ps2: -ENOSYS only for '273 334'; refused: nothing
mpx3-shell: PASS S5 native bios shell-ps2: init ended, status 0; qemu-halt: HALTED in pax_halt (RIP ffffffff8000019a, unchanged a second later; IF clear; serial still at 2973 bytes; accel tcg; quit -> 0)
mpx3-shell: PASS S1 native bios shell-howl: 4 programs, pids 1 2 3 4, each ended; user: frames free 35575 before, 35133 with 1 processes, 35575 after
mpx3-shell: PASS S2 native bios shell-howl: the session byte-identical to Linux's (25 lines, 90c3e266fe9b…), exit 0
mpx3-shell: PASS S3 native bios shell-howl: 109 typed through serial, all counted there (console: 109 bytes from com1, 0 keys (0 scancodes) from the keyboard, 109 reads, 9 waited, 0 dropped)
mpx3-shell: PASS S4 native bios shell-howl: -ENOSYS only for '273 334'; refused: nothing
mpx3-shell: PASS S5 native bios shell-howl: init ended, status 0; qemu-halt: HALTED in pax_halt (RIP ffffffff8000019a, unchanged a second later; IF clear; serial still at 3599 bytes; accel tcg; quit -> 0)
mpx3-shell: PASS S6 native bios shell-howl: Linux's transcript is user/console/shell-howl.expect (90c3e266fe9b…)
mpx3-shell: PASS S1 native bios shell-howl-quiet: quiet: user: quiet (the kernel command line): no exec, exit, -ENOSYS or frames line for a program; no exec, exit, -ENOSYS or frames line
mpx3-shell: PASS S2 native bios shell-howl-quiet: the session byte-identical to Linux's (25 lines, 90c3e266fe9b…), exit 0
mpx3-shell: PASS S3 native bios shell-howl-quiet: 109 typed through serial, all counted there (console: 109 bytes from com1, 0 keys (0 scancodes) from the keyboard, 109 reads, 9 waited, 0 dropped)
mpx3-shell: PASS S4 native bios shell-howl-quiet: -ENOSYS only for 'nothing'; refused: nothing
mpx3-shell: PASS S5 native bios shell-howl-quiet: init ended, status 0; qemu-halt: HALTED in pax_halt (RIP ffffffff8000019a, unchanged a second later; IF clear; serial still at 1844 bytes; accel tcg; quit -> 0)
mpx3-shell: PASS S6 native bios shell-howl-quiet: Linux's transcript is user/console/shell-howl.expect (90c3e266fe9b…)
mpx3-shell: PASS S1 native bios shell-plumb: 12 programs, pids 1 2 3 4 5 6 7 8 9 10 11 12, each ended; user: frames free 35575 before, 35133 with 1 processes, 35575 after
mpx3-shell: PASS S2 native bios shell-plumb: the session byte-identical to Linux's (30 lines, 7dd311906df4…), exit 0
mpx3-shell: PASS S3 native bios shell-plumb: 176 typed through serial, all counted there (console: 176 bytes from com1, 0 keys (0 scancodes) from the keyboard, 176 reads, 13 waited, 0 dropped)
mpx3-shell: PASS S4 native bios shell-plumb: -ENOSYS only for '273 334'; refused: nothing
mpx3-shell: PASS S5 native bios shell-plumb: init ended, status 0; qemu-halt: HALTED in pax_halt (RIP ffffffff8000019a, unchanged a second later; IF clear; serial still at 7302 bytes; accel tcg; quit -> 0)
mpx3-shell: PASS S6 native bios shell-plumb: Linux's transcript is user/console/shell-plumb.expect (7dd311906df4…)
mpx3-shell: PASS S1 native bios procs: 14 programs, pids 1 2 3 4 5 6 7 8 9 11 12 13 14 15, each ended; user: frames free 64881 before, 64828 with 1 processes, 64881 after
mpx3-shell: PASS S2 native bios procs: the session byte-identical to Linux's (45 lines, 37483968bc54…), exit 0
mpx3-shell: PASS S3 native bios procs: 0 typed through serial, all counted there (console: 0 bytes from com1, 0 keys (0 scancodes) from the keyboard, 0 reads, 0 waited, 0 dropped)
mpx3-shell: PASS S4 native bios procs: -ENOSYS only for 'nothing'; refused: user: exec /etc/script: refused: not an ELF file|syscall 59: refused: not a static x86-64 ELF executable PAX runs, -8|syscall 62: refused: signals are not delivered yet, -38
mpx3-shell: PASS S5 native bios procs: init ended, status 0; qemu-halt: HALTED in pax_halt (RIP ffffffff8000019a, unchanged a second later; IF clear; serial still at 8537 bytes; accel tcg; quit -> 0)
mpx3-shell: PASS S1 native bios procs-quiet: quiet: user: quiet (the kernel command line): no exec, exit, -ENOSYS or frames line for a program; no exec, exit, -ENOSYS or frames line; 2 killed: line(s)
mpx3-shell: PASS S2 native bios procs-quiet: the session byte-identical to Linux's (45 lines, 37483968bc54…), exit 0
mpx3-shell: PASS S3 native bios procs-quiet: 0 typed through serial, all counted there (console: 0 bytes from com1, 0 keys (0 scancodes) from the keyboard, 0 reads, 0 waited, 0 dropped)
mpx3-shell: PASS S4 native bios procs-quiet: -ENOSYS only for 'nothing'; refused: user: exec /etc/script: refused: not an ELF file|syscall 59: refused: not a static x86-64 ELF executable PAX runs, -8|syscall 62: refused: signals are not delivered yet, -38
mpx3-shell: PASS S5 native bios procs-quiet: init ended, status 0; qemu-halt: HALTED in pax_halt (RIP ffffffff8000019a, unchanged a second later; IF clear; serial still at 3428 bytes; accel tcg; quit -> 0)
mpx3-shell: PASS S1 release bios shell-serial: 5 programs, pids 1 2 3 4 5, each ended; user: frames free 35605 before, 35163 with 1 processes, 35605 after
mpx3-shell: PASS S2 release bios shell-serial: the session byte-identical to Linux's (25 lines, a55adc5f451a…), exit 0
mpx3-shell: PASS S3 release bios shell-serial: 86 typed through serial, all counted there (console: 86 bytes from com1, 0 keys (0 scancodes) from the keyboard, 86 reads, 9 waited, 0 dropped)
mpx3-shell: PASS S4 release bios shell-serial: -ENOSYS only for '273 334'; refused: nothing
mpx3-shell: PASS S5 release bios shell-serial: init ended, status 0; qemu-halt: HALTED in pax_halt (RIP ffffffff8000019a, unchanged a second later; IF clear; serial still at 4004 bytes; accel tcg; quit -> 0)
mpx3-shell: PASS S1 release bios shell-ps2: 3 programs, pids 1 2 3, each ended; user: frames free 35605 before, 35163 with 1 processes, 35605 after
mpx3-shell: PASS S2 release bios shell-ps2: the session byte-identical to Linux's (14 lines, 2ce23dbb9fc7…), exit 0
mpx3-shell: PASS S3 release bios shell-ps2: 27 typed through ps2, all counted there (console: 0 bytes from com1, 27 keys (53 scancodes) from the keyboard, 27 reads, 3 waited, 0 dropped)
mpx3-shell: PASS S4 release bios shell-ps2: -ENOSYS only for '273 334'; refused: nothing
mpx3-shell: PASS S5 release bios shell-ps2: init ended, status 0; qemu-halt: HALTED in pax_halt (RIP ffffffff8000019a, unchanged a second later; IF clear; serial still at 2973 bytes; accel tcg; quit -> 0)
mpx3-shell: PASS S1 release bios shell-howl: 4 programs, pids 1 2 3 4, each ended; user: frames free 35605 before, 35163 with 1 processes, 35605 after
mpx3-shell: PASS S2 release bios shell-howl: the session byte-identical to Linux's (25 lines, 90c3e266fe9b…), exit 0
mpx3-shell: PASS S3 release bios shell-howl: 109 typed through serial, all counted there (console: 109 bytes from com1, 0 keys (0 scancodes) from the keyboard, 109 reads, 9 waited, 0 dropped)
mpx3-shell: PASS S4 release bios shell-howl: -ENOSYS only for '273 334'; refused: nothing
mpx3-shell: PASS S5 release bios shell-howl: init ended, status 0; qemu-halt: HALTED in pax_halt (RIP ffffffff8000019a, unchanged a second later; IF clear; serial still at 3591 bytes; accel tcg; quit -> 0)
mpx3-shell: PASS S6 release bios shell-howl: Linux's transcript is user/console/shell-howl.expect (90c3e266fe9b…)
mpx3-shell: PASS S1 release bios shell-howl-quiet: quiet: user: quiet (the kernel command line): no exec, exit, -ENOSYS or frames line for a program; no exec, exit, -ENOSYS or frames line
mpx3-shell: PASS S2 release bios shell-howl-quiet: the session byte-identical to Linux's (25 lines, 90c3e266fe9b…), exit 0
mpx3-shell: PASS S3 release bios shell-howl-quiet: 109 typed through serial, all counted there (console: 109 bytes from com1, 0 keys (0 scancodes) from the keyboard, 109 reads, 9 waited, 0 dropped)
mpx3-shell: PASS S4 release bios shell-howl-quiet: -ENOSYS only for 'nothing'; refused: nothing
mpx3-shell: PASS S5 release bios shell-howl-quiet: init ended, status 0; qemu-halt: HALTED in pax_halt (RIP ffffffff8000019a, unchanged a second later; IF clear; serial still at 1844 bytes; accel tcg; quit -> 0)
mpx3-shell: PASS S6 release bios shell-howl-quiet: Linux's transcript is user/console/shell-howl.expect (90c3e266fe9b…)
mpx3-shell: PASS S1 release bios shell-plumb: 12 programs, pids 1 2 3 4 5 6 7 8 9 10 11 12, each ended; user: frames free 35605 before, 35163 with 1 processes, 35605 after
mpx3-shell: PASS S2 release bios shell-plumb: the session byte-identical to Linux's (30 lines, 7dd311906df4…), exit 0
mpx3-shell: PASS S3 release bios shell-plumb: 176 typed through serial, all counted there (console: 176 bytes from com1, 0 keys (0 scancodes) from the keyboard, 176 reads, 13 waited, 0 dropped)
mpx3-shell: PASS S4 release bios shell-plumb: -ENOSYS only for '273 334'; refused: nothing
mpx3-shell: PASS S5 release bios shell-plumb: init ended, status 0; qemu-halt: HALTED in pax_halt (RIP ffffffff8000019a, unchanged a second later; IF clear; serial still at 7302 bytes; accel tcg; quit -> 0)
mpx3-shell: PASS S6 release bios shell-plumb: Linux's transcript is user/console/shell-plumb.expect (7dd311906df4…)
mpx3-shell: PASS S1 release bios procs: 14 programs, pids 1 2 3 4 5 6 7 8 9 11 12 13 14 15, each ended; user: frames free 64911 before, 64858 with 1 processes, 64911 after
mpx3-shell: PASS S2 release bios procs: the session byte-identical to Linux's (45 lines, 37483968bc54…), exit 0
mpx3-shell: PASS S3 release bios procs: 0 typed through serial, all counted there (console: 0 bytes from com1, 0 keys (0 scancodes) from the keyboard, 0 reads, 0 waited, 0 dropped)
mpx3-shell: PASS S4 release bios procs: -ENOSYS only for 'nothing'; refused: user: exec /etc/script: refused: not an ELF file|syscall 59: refused: not a static x86-64 ELF executable PAX runs, -8|syscall 62: refused: signals are not delivered yet, -38
mpx3-shell: PASS S5 release bios procs: init ended, status 0; qemu-halt: HALTED in pax_halt (RIP ffffffff8000019a, unchanged a second later; IF clear; serial still at 8537 bytes; accel tcg; quit -> 0)
mpx3-shell: PASS S1 release bios procs-quiet: quiet: user: quiet (the kernel command line): no exec, exit, -ENOSYS or frames line for a program; no exec, exit, -ENOSYS or frames line; 2 killed: line(s)
mpx3-shell: PASS S2 release bios procs-quiet: the session byte-identical to Linux's (45 lines, 37483968bc54…), exit 0
mpx3-shell: PASS S3 release bios procs-quiet: 0 typed through serial, all counted there (console: 0 bytes from com1, 0 keys (0 scancodes) from the keyboard, 0 reads, 0 waited, 0 dropped)
mpx3-shell: PASS S4 release bios procs-quiet: -ENOSYS only for 'nothing'; refused: user: exec /etc/script: refused: not an ELF file|syscall 59: refused: not a static x86-64 ELF executable PAX runs, -8|syscall 62: refused: signals are not delivered yet, -38
mpx3-shell: PASS S5 release bios procs-quiet: init ended, status 0; qemu-halt: HALTED in pax_halt (RIP ffffffff8000019a, unchanged a second later; IF clear; serial still at 3428 bytes; accel tcg; quit -> 0)
mpx3-shell: PASS S1 native uefi shell-serial: 5 programs, pids 1 2 3 4 5, each ended; user: frames free 24093 before, 23651 with 1 processes, 24093 after
mpx3-shell: PASS S2 native uefi shell-serial: the session byte-identical to Linux's (25 lines, a55adc5f451a…), exit 0
mpx3-shell: PASS S3 native uefi shell-serial: 86 typed through serial, all counted there (console: 86 bytes from com1, 0 keys (0 scancodes) from the keyboard, 86 reads, 9 waited, 0 dropped)
mpx3-shell: PASS S4 native uefi shell-serial: -ENOSYS only for '273 334'; refused: nothing
mpx3-shell: PASS S5 native uefi shell-serial: init ended, status 0; qemu-halt: HALTED in pax_halt (RIP ffffffff8000019a, unchanged a second later; IF clear; serial still at 4274 bytes; accel tcg; quit -> 0)
mpx3-shell: PASS S1 native uefi shell-ps2: 3 programs, pids 1 2 3, each ended; user: frames free 24093 before, 23651 with 1 processes, 24093 after
mpx3-shell: PASS S2 native uefi shell-ps2: the session byte-identical to Linux's (14 lines, 2ce23dbb9fc7…), exit 0
mpx3-shell: PASS S3 native uefi shell-ps2: 27 typed through ps2, all counted there (console: 0 bytes from com1, 27 keys (53 scancodes) from the keyboard, 27 reads, 3 waited, 0 dropped)
mpx3-shell: PASS S4 native uefi shell-ps2: -ENOSYS only for '273 334'; refused: nothing
mpx3-shell: PASS S5 native uefi shell-ps2: init ended, status 0; qemu-halt: HALTED in pax_halt (RIP ffffffff8000019a, unchanged a second later; IF clear; serial still at 3243 bytes; accel tcg; quit -> 0)
mpx3-shell: PASS S1 native uefi shell-howl: 4 programs, pids 1 2 3 4, each ended; user: frames free 24093 before, 23651 with 1 processes, 24093 after
mpx3-shell: PASS S2 native uefi shell-howl: the session byte-identical to Linux's (25 lines, 90c3e266fe9b…), exit 0
mpx3-shell: PASS S3 native uefi shell-howl: 109 typed through serial, all counted there (console: 109 bytes from com1, 0 keys (0 scancodes) from the keyboard, 109 reads, 9 waited, 0 dropped)
mpx3-shell: PASS S4 native uefi shell-howl: -ENOSYS only for '273 334'; refused: nothing
mpx3-shell: PASS S5 native uefi shell-howl: init ended, status 0; qemu-halt: HALTED in pax_halt (RIP ffffffff8000019a, unchanged a second later; IF clear; serial still at 3861 bytes; accel tcg; quit -> 0)
mpx3-shell: PASS S6 native uefi shell-howl: Linux's transcript is user/console/shell-howl.expect (90c3e266fe9b…)
mpx3-shell: PASS S1 native uefi shell-howl-quiet: quiet: user: quiet (the kernel command line): no exec, exit, -ENOSYS or frames line for a program; no exec, exit, -ENOSYS or frames line
mpx3-shell: PASS S2 native uefi shell-howl-quiet: the session byte-identical to Linux's (25 lines, 90c3e266fe9b…), exit 0
mpx3-shell: PASS S3 native uefi shell-howl-quiet: 109 typed through serial, all counted there (console: 109 bytes from com1, 0 keys (0 scancodes) from the keyboard, 109 reads, 9 waited, 0 dropped)
mpx3-shell: PASS S4 native uefi shell-howl-quiet: -ENOSYS only for 'nothing'; refused: nothing
mpx3-shell: PASS S5 native uefi shell-howl-quiet: init ended, status 0; qemu-halt: HALTED in pax_halt (RIP ffffffff8000019a, unchanged a second later; IF clear; serial still at 2114 bytes; accel tcg; quit -> 0)
mpx3-shell: PASS S6 native uefi shell-howl-quiet: Linux's transcript is user/console/shell-howl.expect (90c3e266fe9b…)
mpx3-shell: PASS S1 native uefi shell-plumb: 12 programs, pids 1 2 3 4 5 6 7 8 9 10 11 12, each ended; user: frames free 24093 before, 23651 with 1 processes, 24093 after
mpx3-shell: PASS S2 native uefi shell-plumb: the session byte-identical to Linux's (30 lines, 7dd311906df4…), exit 0
mpx3-shell: PASS S3 native uefi shell-plumb: 176 typed through serial, all counted there (console: 176 bytes from com1, 0 keys (0 scancodes) from the keyboard, 176 reads, 13 waited, 0 dropped)
mpx3-shell: PASS S4 native uefi shell-plumb: -ENOSYS only for '273 334'; refused: nothing
mpx3-shell: PASS S5 native uefi shell-plumb: init ended, status 0; qemu-halt: HALTED in pax_halt (RIP ffffffff8000019a, unchanged a second later; IF clear; serial still at 7572 bytes; accel tcg; quit -> 0)
mpx3-shell: PASS S6 native uefi shell-plumb: Linux's transcript is user/console/shell-plumb.expect (7dd311906df4…)
mpx3-shell: PASS S1 native uefi procs: 14 programs, pids 1 2 3 4 5 6 7 8 9 11 12 13 14 15, each ended; user: frames free 53399 before, 53346 with 1 processes, 53399 after
mpx3-shell: PASS S2 native uefi procs: the session byte-identical to Linux's (45 lines, 37483968bc54…), exit 0
mpx3-shell: PASS S3 native uefi procs: 0 typed through serial, all counted there (console: 0 bytes from com1, 0 keys (0 scancodes) from the keyboard, 0 reads, 0 waited, 0 dropped)
mpx3-shell: PASS S4 native uefi procs: -ENOSYS only for 'nothing'; refused: user: exec /etc/script: refused: not an ELF file|syscall 59: refused: not a static x86-64 ELF executable PAX runs, -8|syscall 62: refused: signals are not delivered yet, -38
mpx3-shell: PASS S5 native uefi procs: init ended, status 0; qemu-halt: HALTED in pax_halt (RIP ffffffff8000019a, unchanged a second later; IF clear; serial still at 8808 bytes; accel tcg; quit -> 0)
mpx3-shell: PASS S1 native uefi procs-quiet: quiet: user: quiet (the kernel command line): no exec, exit, -ENOSYS or frames line for a program; no exec, exit, -ENOSYS or frames line; 2 killed: line(s)
mpx3-shell: PASS S2 native uefi procs-quiet: the session byte-identical to Linux's (45 lines, 37483968bc54…), exit 0
mpx3-shell: PASS S3 native uefi procs-quiet: 0 typed through serial, all counted there (console: 0 bytes from com1, 0 keys (0 scancodes) from the keyboard, 0 reads, 0 waited, 0 dropped)
mpx3-shell: PASS S4 native uefi procs-quiet: -ENOSYS only for 'nothing'; refused: user: exec /etc/script: refused: not an ELF file|syscall 59: refused: not a static x86-64 ELF executable PAX runs, -8|syscall 62: refused: signals are not delivered yet, -38
mpx3-shell: PASS S5 native uefi procs-quiet: init ended, status 0; qemu-halt: HALTED in pax_halt (RIP ffffffff8000019a, unchanged a second later; IF clear; serial still at 3699 bytes; accel tcg; quit -> 0)
mpx3-shell: PASS S1 release uefi shell-serial: 5 programs, pids 1 2 3 4 5, each ended; user: frames free 24123 before, 23681 with 1 processes, 24123 after
mpx3-shell: PASS S2 release uefi shell-serial: the session byte-identical to Linux's (25 lines, a55adc5f451a…), exit 0
mpx3-shell: PASS S3 release uefi shell-serial: 86 typed through serial, all counted there (console: 86 bytes from com1, 0 keys (0 scancodes) from the keyboard, 86 reads, 9 waited, 0 dropped)
mpx3-shell: PASS S4 release uefi shell-serial: -ENOSYS only for '273 334'; refused: nothing
mpx3-shell: PASS S5 release uefi shell-serial: init ended, status 0; qemu-halt: HALTED in pax_halt (RIP ffffffff8000019a, unchanged a second later; IF clear; serial still at 4274 bytes; accel tcg; quit -> 0)
mpx3-shell: PASS S1 release uefi shell-ps2: 3 programs, pids 1 2 3, each ended; user: frames free 24123 before, 23681 with 1 processes, 24123 after
mpx3-shell: PASS S2 release uefi shell-ps2: the session byte-identical to Linux's (14 lines, 2ce23dbb9fc7…), exit 0
mpx3-shell: PASS S3 release uefi shell-ps2: 27 typed through ps2, all counted there (console: 0 bytes from com1, 27 keys (53 scancodes) from the keyboard, 27 reads, 3 waited, 0 dropped)
mpx3-shell: PASS S4 release uefi shell-ps2: -ENOSYS only for '273 334'; refused: nothing
mpx3-shell: PASS S5 release uefi shell-ps2: init ended, status 0; qemu-halt: HALTED in pax_halt (RIP ffffffff8000019a, unchanged a second later; IF clear; serial still at 3243 bytes; accel tcg; quit -> 0)
mpx3-shell: PASS S1 release uefi shell-howl: 4 programs, pids 1 2 3 4, each ended; user: frames free 24123 before, 23681 with 1 processes, 24123 after
mpx3-shell: PASS S2 release uefi shell-howl: the session byte-identical to Linux's (25 lines, 90c3e266fe9b…), exit 0
mpx3-shell: PASS S3 release uefi shell-howl: 109 typed through serial, all counted there (console: 109 bytes from com1, 0 keys (0 scancodes) from the keyboard, 109 reads, 9 waited, 0 dropped)
mpx3-shell: PASS S4 release uefi shell-howl: -ENOSYS only for '273 334'; refused: nothing
mpx3-shell: PASS S5 release uefi shell-howl: init ended, status 0; qemu-halt: HALTED in pax_halt (RIP ffffffff8000019a, unchanged a second later; IF clear; serial still at 3861 bytes; accel tcg; quit -> 0)
mpx3-shell: PASS S6 release uefi shell-howl: Linux's transcript is user/console/shell-howl.expect (90c3e266fe9b…)
mpx3-shell: PASS S1 release uefi shell-howl-quiet: quiet: user: quiet (the kernel command line): no exec, exit, -ENOSYS or frames line for a program; no exec, exit, -ENOSYS or frames line
mpx3-shell: PASS S2 release uefi shell-howl-quiet: the session byte-identical to Linux's (25 lines, 90c3e266fe9b…), exit 0
mpx3-shell: PASS S3 release uefi shell-howl-quiet: 109 typed through serial, all counted there (console: 109 bytes from com1, 0 keys (0 scancodes) from the keyboard, 109 reads, 9 waited, 0 dropped)
mpx3-shell: PASS S4 release uefi shell-howl-quiet: -ENOSYS only for 'nothing'; refused: nothing
mpx3-shell: PASS S5 release uefi shell-howl-quiet: init ended, status 0; qemu-halt: HALTED in pax_halt (RIP ffffffff8000019a, unchanged a second later; IF clear; serial still at 2114 bytes; accel tcg; quit -> 0)
mpx3-shell: PASS S6 release uefi shell-howl-quiet: Linux's transcript is user/console/shell-howl.expect (90c3e266fe9b…)
mpx3-shell: PASS S1 release uefi shell-plumb: 12 programs, pids 1 2 3 4 5 6 7 8 9 10 11 12, each ended; user: frames free 24123 before, 23681 with 1 processes, 24123 after
mpx3-shell: PASS S2 release uefi shell-plumb: the session byte-identical to Linux's (30 lines, 7dd311906df4…), exit 0
mpx3-shell: PASS S3 release uefi shell-plumb: 176 typed through serial, all counted there (console: 176 bytes from com1, 0 keys (0 scancodes) from the keyboard, 176 reads, 13 waited, 0 dropped)
mpx3-shell: PASS S4 release uefi shell-plumb: -ENOSYS only for '273 334'; refused: nothing
mpx3-shell: PASS S5 release uefi shell-plumb: init ended, status 0; qemu-halt: HALTED in pax_halt (RIP ffffffff8000019a, unchanged a second later; IF clear; serial still at 7572 bytes; accel tcg; quit -> 0)
mpx3-shell: PASS S6 release uefi shell-plumb: Linux's transcript is user/console/shell-plumb.expect (7dd311906df4…)
mpx3-shell: PASS S1 release uefi procs: 14 programs, pids 1 2 3 4 5 6 7 8 9 11 12 13 14 15, each ended; user: frames free 53429 before, 53376 with 1 processes, 53429 after
mpx3-shell: PASS S2 release uefi procs: the session byte-identical to Linux's (45 lines, 37483968bc54…), exit 0
mpx3-shell: PASS S3 release uefi procs: 0 typed through serial, all counted there (console: 0 bytes from com1, 0 keys (0 scancodes) from the keyboard, 0 reads, 0 waited, 0 dropped)
mpx3-shell: PASS S4 release uefi procs: -ENOSYS only for 'nothing'; refused: user: exec /etc/script: refused: not an ELF file|syscall 59: refused: not a static x86-64 ELF executable PAX runs, -8|syscall 62: refused: signals are not delivered yet, -38
mpx3-shell: PASS S5 release uefi procs: init ended, status 0; qemu-halt: HALTED in pax_halt (RIP ffffffff8000019a, unchanged a second later; IF clear; serial still at 8808 bytes; accel tcg; quit -> 0)
mpx3-shell: PASS S1 release uefi procs-quiet: quiet: user: quiet (the kernel command line): no exec, exit, -ENOSYS or frames line for a program; no exec, exit, -ENOSYS or frames line; 2 killed: line(s)
mpx3-shell: PASS S2 release uefi procs-quiet: the session byte-identical to Linux's (45 lines, 37483968bc54…), exit 0
mpx3-shell: PASS S3 release uefi procs-quiet: 0 typed through serial, all counted there (console: 0 bytes from com1, 0 keys (0 scancodes) from the keyboard, 0 reads, 0 waited, 0 dropped)
mpx3-shell: PASS S4 release uefi procs-quiet: -ENOSYS only for 'nothing'; refused: user: exec /etc/script: refused: not an ELF file|syscall 59: refused: not a static x86-64 ELF executable PAX runs, -8|syscall 62: refused: signals are not delivered yet, -38
mpx3-shell: PASS S5 release uefi procs-quiet: init ended, status 0; qemu-halt: HALTED in pax_halt (RIP ffffffff8000019a, unchanged a second later; IF clear; serial still at 3699 bytes; accel tcg; quit -> 0)
native kmain_console bios shell-serial halt-status=0 accel=tcg serial=05e78af50b735d3d836e24daf7528b75aad4ba7f51107cc9099a75779bd91347 iso=54e4c70190441f8e98866970530ada8f853c13b8e45eb996fe71b3fd6b693847
native kmain_console bios shell-ps2 halt-status=0 accel=tcg serial=f7e3d17604deea7ebd06bbd915d4c6633e9cd5a809e1b2e6842354ccc38a287e iso=54e4c70190441f8e98866970530ada8f853c13b8e45eb996fe71b3fd6b693847
native kmain_console bios shell-howl halt-status=0 accel=tcg serial=ec14b13db8e4faccd4c299a108b28834e7b4647d83dfc94c50a7e0a4290e3a4c iso=54e4c70190441f8e98866970530ada8f853c13b8e45eb996fe71b3fd6b693847
native kmain_console bios shell-howl-quiet halt-status=0 accel=tcg serial=b1324a2ca235671d99b154913cb2399204ad99797c616a5002a145ee64863659 iso=1dfceb3a5759a7d0a32edf51e73f3caa12d9b1c70a12bb3fa3e09d2bb331f1d0
native kmain_console bios shell-plumb halt-status=0 accel=tcg serial=428319b8153a70ae47aa3d6f03429843e261604eb9e1f83b0fcd0e3ef775dc7f iso=54e4c70190441f8e98866970530ada8f853c13b8e45eb996fe71b3fd6b693847
native kmain_console bios procs halt-status=0 accel=tcg serial=231e3e43b5dcb106008292082e464bfbc60ee1cbab80863f6a9fd7a1e847551b iso=cbf48a29e8fc83a15773265f7f835102694b18e31b8cece929328efef783c9db
native kmain_console bios procs-quiet halt-status=0 accel=tcg serial=1484c0bc6c144d05ae9d260e1f1781c024c2c009751cc257059212e41007c732 iso=a3d2189aa71ce138733e9dd1d179bbeb57d96559830a45d656e243ed0be74147
release kmain_console bios shell-serial halt-status=0 accel=tcg serial=37e3accccdbfc3a231f394ea280638aaaf769475a2b3cf80574cdf59cf2e8109 iso=f6027632a2012fd3b967eb10be382287b9a626610b3a43f10ffe7b6a5dfc90a9
release kmain_console bios shell-ps2 halt-status=0 accel=tcg serial=4140b3d08eab63bc53ccf9d9b7a6bd2a113f333c81cf9ccde01510baf23d9951 iso=f6027632a2012fd3b967eb10be382287b9a626610b3a43f10ffe7b6a5dfc90a9
release kmain_console bios shell-howl halt-status=0 accel=tcg serial=091d2f2eeb95035f47f55c81c31cd04caecda7ca66b664a324d4b055c0063e68 iso=f6027632a2012fd3b967eb10be382287b9a626610b3a43f10ffe7b6a5dfc90a9
release kmain_console bios shell-howl-quiet halt-status=0 accel=tcg serial=2ad18523b92f9ac6605d226b4c014f8ceb8bbc969df357379dabec650aeeaa52 iso=096266cf1b275db8ab6d641a48bd2d926da8a46e51be61a58b0b218f3f1a07ab
release kmain_console bios shell-plumb halt-status=0 accel=tcg serial=d1456a2e14edf240c03d31de57655cd300c31f99225965ffa4f3fd3532cf9c4d iso=f6027632a2012fd3b967eb10be382287b9a626610b3a43f10ffe7b6a5dfc90a9
release kmain_console bios procs halt-status=0 accel=tcg serial=8932b4570092600b640da33a4ac98c98a64fa4601eaa330e305bd1e0a3342e6a iso=6c9164d19372030c4aea4b8f64a7d3c2d2caa7f36bd3105a70d6fd70aee0d40c
release kmain_console bios procs-quiet halt-status=0 accel=tcg serial=86187718cc4c06b8298ff17e62c9892f849a02004982b014dcfc29bc71759934 iso=ce5fdca172c8ffc2d10cffb76bb4ae699fed053cc596253cef952b19977cfe5c
native kmain_console uefi shell-serial halt-status=0 accel=tcg serial=0d3f89d056dbeb933f1d929bfebd1e608d45590d8a55cbee658293f576ba062b iso=54e4c70190441f8e98866970530ada8f853c13b8e45eb996fe71b3fd6b693847
native kmain_console uefi shell-ps2 halt-status=0 accel=tcg serial=f77d4ba00b76862a4b890ad36f15001ddb68839ed2bf3127533ac2b1576e13b7 iso=54e4c70190441f8e98866970530ada8f853c13b8e45eb996fe71b3fd6b693847
native kmain_console uefi shell-howl halt-status=0 accel=tcg serial=0fc802ab09f6d52530bca1a8be915cddffdfcba6533423e518945483045d6dde iso=54e4c70190441f8e98866970530ada8f853c13b8e45eb996fe71b3fd6b693847
native kmain_console uefi shell-howl-quiet halt-status=0 accel=tcg serial=3ddbbe9d83eac2387f8d65e56b3e613e384daace57cd6f34e8c174fbb0f456b0 iso=1dfceb3a5759a7d0a32edf51e73f3caa12d9b1c70a12bb3fa3e09d2bb331f1d0
native kmain_console uefi shell-plumb halt-status=0 accel=tcg serial=4c0d85546a40d3af26d9d56b028b2b71e01d3bfea3b0c406ff9e236b0019614c iso=54e4c70190441f8e98866970530ada8f853c13b8e45eb996fe71b3fd6b693847
native kmain_console uefi procs halt-status=0 accel=tcg serial=a50046ae6031e8c47fd80f7c479a58b4bd67082e0462d0df06facf8b0bf9dad4 iso=cbf48a29e8fc83a15773265f7f835102694b18e31b8cece929328efef783c9db
native kmain_console uefi procs-quiet halt-status=0 accel=tcg serial=69d6d867aafbf7f4fffa3171eb38f82a5b9b1af2b964654d7f30bc1df0d8a43a iso=a3d2189aa71ce138733e9dd1d179bbeb57d96559830a45d656e243ed0be74147
release kmain_console uefi shell-serial halt-status=0 accel=tcg serial=cff9964b59d030686954b60f90bfa27d76556db5961b03d7813dfb2d6b8595cb iso=f6027632a2012fd3b967eb10be382287b9a626610b3a43f10ffe7b6a5dfc90a9
release kmain_console uefi shell-ps2 halt-status=0 accel=tcg serial=735871ed082bbd0fc8f416159dc5151d142465c10e93076e7c863ba5bb815254 iso=f6027632a2012fd3b967eb10be382287b9a626610b3a43f10ffe7b6a5dfc90a9
release kmain_console uefi shell-howl halt-status=0 accel=tcg serial=b51e32c3fda14c69263dab4ddf7e5f7086eba8fd081456229814d50b48c9c08d iso=f6027632a2012fd3b967eb10be382287b9a626610b3a43f10ffe7b6a5dfc90a9
release kmain_console uefi shell-howl-quiet halt-status=0 accel=tcg serial=d89639937a62f2b70ebc1d5e3c430b260d5419727c428edd249f542f18fd04f6 iso=096266cf1b275db8ab6d641a48bd2d926da8a46e51be61a58b0b218f3f1a07ab
release kmain_console uefi shell-plumb halt-status=0 accel=tcg serial=88f1b461020add1726dfe338a757bbeb27a70674b32f03aa952c98780fe547d4 iso=f6027632a2012fd3b967eb10be382287b9a626610b3a43f10ffe7b6a5dfc90a9
release kmain_console uefi procs halt-status=0 accel=tcg serial=54c3802f21d2726275cefc96ddf890f11ce1472a913ac3ce4a974f43448de350 iso=6c9164d19372030c4aea4b8f64a7d3c2d2caa7f36bd3105a70d6fd70aee0d40c
release kmain_console uefi procs-quiet halt-status=0 accel=tcg serial=69d6d867aafbf7f4fffa3171eb38f82a5b9b1af2b964654d7f30bc1df0d8a43a iso=ce5fdca172c8ffc2d10cffb76bb4ae699fed053cc596253cef952b19977cfe5c
mpx3-shell: mpx3-shell: PASS
