tour: wolf: wolf 0.2.26 (wolfgang, pin 89dc139)
fetch-limine: limine 12.9.1 already staged (/home/mfwolffe/lanes/px17/cache/limine-12.9.1)
build-kernel: ok: step 2 (kmain_tour, native): 25 wolf object(s), imports {limine_base_revision,limine_bootloader_info_request,limine_executable_address_request,limine_executable_cmdline_request,limine_firmware_type_request,limine_hhdm_request,limine_memmap_request,limine_module_request,pax_apic_base,pax_argbuf,pax_con_ring,pax_con_state,pax_cpuid,pax_cpuid7_ebx,pax_cpuid_nx,pax_cr0,pax_cr2,pax_cr3,pax_cr4,__pax_data_start,pax_efer,pax_enter_user,pax_execbuf,pax_fpu_restore,pax_fpu_save,pax_fpu_state,pax_gdt,pax_gdtr,pax_halt,pax_idle,pax_idt,pax_idtr,__pax_image_end,__pax_image_start,pax_inb,pax_invlpg,pax_irq_restore,pax_irq_save,pax_isr_table,pax_ist1_stack,pax_ist1_top,pax_kbuf,pax_lidt,pax_load_gdt,pax_log_quiet,pax_ltr,pax_ofiles,pax_outb,pax_pause,pax_peek_user,pax_pipes,pax_procs,pax_rdmsr,pax_rdrand,pax_rdtsc,__pax_rodata_end,__pax_rodata_start,pax_rsp,pax_sched_locks,pax_sched_state,pax_set_cr0,pax_set_cr3,pax_set_cr4,pax_set_efer,pax_switch,pax_syscall_entry,pax_syscall_state,__pax_text_end,__pax_text_start,pax_thread_entry,pax_threads,pax_tick_count,pax_tss,pax_uprogs,pax_wait,pax_wrmsr,pax_xgetbv0,pax_xsetbv0}, wolf_trap defined in wolf, kmain T, no main, no xmm/ymm, nothing below %rsp
build-kernel: ok: step 2 (kmain_tour_text, native): 24 wolf object(s), imports {limine_base_revision,limine_bootloader_info_request,limine_executable_address_request,limine_executable_cmdline_request,limine_firmware_type_request,limine_hhdm_request,limine_memmap_request,limine_module_request,pax_apic_base,pax_argbuf,pax_con_ring,pax_con_state,pax_cpuid,pax_cpuid7_ebx,pax_cpuid_nx,pax_cr0,pax_cr2,pax_cr3,pax_cr4,__pax_data_start,pax_efer,pax_enter_user,pax_execbuf,pax_fpu_restore,pax_fpu_save,pax_fpu_state,pax_gdt,pax_gdtr,pax_halt,pax_idle,pax_idt,pax_idtr,__pax_image_end,__pax_image_start,pax_inb,pax_invlpg,pax_irq_restore,pax_irq_save,pax_isr_table,pax_ist1_stack,pax_ist1_top,pax_kbuf,pax_lidt,pax_load_gdt,pax_log_quiet,pax_ltr,pax_ofiles,pax_outb,pax_pause,pax_peek_user,pax_pipes,pax_procs,pax_rdmsr,pax_rdrand,pax_rdtsc,__pax_rodata_end,__pax_rodata_start,pax_rsp,pax_sched_locks,pax_sched_state,pax_set_cr0,pax_set_cr3,pax_set_cr4,pax_set_efer,pax_switch,pax_syscall_entry,pax_syscall_state,__pax_text_end,__pax_text_start,pax_thread_entry,pax_threads,pax_tick_count,pax_tss,pax_uprogs,pax_wait,pax_wrmsr,pax_xgetbv0,pax_xsetbv0}, wolf_trap defined in wolf, kmain T, no main, no xmm/ymm, nothing below %rsp
tour: built native with wolf 0.2.26 (wolfgang, pin 89dc139)
de3517398280d5b230b6959409f67275be3246e0ebfcf3c3f2f7cc97edcd912b  pax-tour.iso
aeb8cde515933fd00c3888acbbd0b4d0c75ea65a65cb061581857a13355e1fe1  pax-tour-b.iso
tour: PASS R0 native: both kernels pass build-kernel's assertions; de3517398280d5b230b6959409f67275be3246e0ebfcf3c3f2f7cc97edcd912b  pax-tour.iso aeb8cde515933fd00c3888acbbd0b4d0c75ea65a65cb061581857a13355e1fe1  pax-tour-b.iso
fetch-limine: limine 12.9.1 already staged (/home/mfwolffe/lanes/px17/cache/limine-12.9.1)
build-kernel: ok: step 2 (kmain_tour, release): 8 wolf object(s), imports {limine_base_revision,limine_bootloader_info_request,limine_executable_address_request,limine_firmware_type_request,limine_hhdm_request,limine_memmap_request,limine_module_request,pax_apic_base,pax_argbuf,pax_con_ring,pax_con_state,pax_cpuid,pax_cpuid_nx,pax_cr0,pax_cr2,pax_cr3,pax_cr4,__pax_data_start,pax_efer,pax_enter_user,pax_fpu_restore,pax_fpu_save,pax_fpu_state,pax_gdt,pax_gdtr,pax_halt,pax_idle,pax_idt,pax_idtr,__pax_image_end,__pax_image_start,pax_inb,pax_invlpg,pax_irq_restore,pax_irq_save,pax_isr_table,pax_ist1_stack,pax_ist1_top,pax_kbuf,pax_lidt,pax_load_gdt,pax_log_quiet,pax_ltr,pax_ofiles,pax_outb,pax_pause,pax_peek_user,pax_pipes,pax_procs,pax_rdrand,pax_rdtsc,__pax_rodata_end,__pax_rodata_start,pax_rsp,pax_sched_locks,pax_sched_state,pax_set_cr3,pax_set_efer,pax_switch,pax_syscall_state,__pax_text_end,__pax_text_start,pax_thread_entry,pax_threads,pax_tick_count,pax_tss,pax_wait,pax_wrmsr}, wolf_trap defined in wolf, kmain T, no main, no xmm/ymm, nothing below %rsp, IR noredzone + no-SSE
build-kernel: ok: step 2 (kmain_tour_text, release): 8 wolf object(s), imports {limine_base_revision,limine_bootloader_info_request,limine_executable_address_request,limine_firmware_type_request,limine_hhdm_request,limine_memmap_request,limine_module_request,pax_apic_base,pax_argbuf,pax_con_ring,pax_con_state,pax_cpuid,pax_cpuid_nx,pax_cr0,pax_cr2,pax_cr3,pax_cr4,__pax_data_start,pax_efer,pax_enter_user,pax_fpu_restore,pax_fpu_save,pax_fpu_state,pax_gdt,pax_gdtr,pax_halt,pax_idle,pax_idt,pax_idtr,__pax_image_end,__pax_image_start,pax_inb,pax_invlpg,pax_irq_restore,pax_irq_save,pax_isr_table,pax_ist1_stack,pax_ist1_top,pax_kbuf,pax_lidt,pax_load_gdt,pax_log_quiet,pax_ltr,pax_ofiles,pax_outb,pax_pause,pax_peek_user,pax_pipes,pax_procs,pax_rdrand,pax_rdtsc,__pax_rodata_end,__pax_rodata_start,pax_rsp,pax_sched_locks,pax_sched_state,pax_set_cr3,pax_set_efer,pax_switch,pax_syscall_state,__pax_text_end,__pax_text_start,pax_thread_entry,pax_threads,pax_tick_count,pax_tss,pax_wait,pax_wrmsr}, wolf_trap defined in wolf, kmain T, no main, no xmm/ymm, nothing below %rsp, IR noredzone + no-SSE
tour: built release with wolf 0.2.26 (wolfgang, pin 89dc139)
c1672ae538fada62b3d05db1312f26ca4be7614c60fd27b115fe027491e9e753  pax-tour.iso
0c04ac15ec25ce6957be6d5069338cada7dd8b7fb38426d026e1112bcf7bd3c8  pax-tour-b.iso
tour: PASS R0 release: both kernels pass build-kernel's assertions; c1672ae538fada62b3d05db1312f26ca4be7614c60fd27b115fe027491e9e753  pax-tour.iso 0c04ac15ec25ce6957be6d5069338cada7dd8b7fb38426d026e1112bcf7bd3c8  pax-tour-b.iso
tour: FAIL R1 native pax-tour bios: expect-serial: FAIL: line 39 not found after log line 81: All in wolf. Linux programs run on it unmodified: a shell, its pipes, its tools.
tour: PASS R2 native pax-tour bios: frame 0x0000000000105000: free 64911 -> 64910 -> 64911
tour: PASS R3 native pax-tour bios: text r-x, rodata r--, data rw- (every page alike), hhdm rw-, lower half empty
tour: PASS R4 native pax-tour bios: 24 lines, 6 per worker at runs 5..30, all four under way by line 4, the first finished at line 21; joined, frames free 64893 = 64893
tour: PASS R5 native pax-tour bios: thread 6 overran its stack, cr2 0xffffd0000002bfe8 in its guard [0xffffd00000020000, 0xffffd0000002c000), PANIC stack overflow by name; qemu-halt: HALTED in pax_halt (RIP ffffffff8000019a, unchanged a second later; IF clear; serial still at 4418 bytes; accel tcg; quit -> 0)
tour: FAIL R1 native pax-tour-b bios: expect-serial: FAIL: line 39 not found after log line 81: All in wolf. Linux programs run on it unmodified: a shell, its pipes, its tools.
tour: PASS R2 native pax-tour-b bios: frame 0x0000000000105000: free 64914 -> 64913 -> 64914
tour: PASS R3 native pax-tour-b bios: text r-x, rodata r--, data rw- (every page alike), hhdm rw-, lower half empty
tour: PASS R4 native pax-tour-b bios: 24 lines, 6 per worker at runs 5..30, all four under way by line 4, the first finished at line 21; joined, frames free 64896 = 64896
tour: PASS R6 native pax-tour-b bios: the write to text at 0xffffffff80000040 (in [0xffffffff80000000, 0xffffffff80036000), r-x) panicked page fault vector 14, cr2 0xffffffff80000040; qemu-halt: HALTED in pax_halt (RIP ffffffff8000019a, unchanged a second later; IF clear; serial still at 4408 bytes; accel tcg; quit -> 0)
tour: FAIL R1 release pax-tour bios: expect-serial: FAIL: line 39 not found after log line 81: All in wolf. Linux programs run on it unmodified: a shell, its pipes, its tools.
tour: PASS R2 release pax-tour bios: frame 0x0000000000105000: free 64943 -> 64942 -> 64943
tour: PASS R3 release pax-tour bios: text r-x, rodata r--, data rw- (every page alike), hhdm rw-, lower half empty
tour: PASS R4 release pax-tour bios: 24 lines, 6 per worker at runs 5..30, all four under way by line 4, the first finished at line 21; joined, frames free 64925 = 64925
tour: PASS R5 release pax-tour bios: thread 6 overran its stack, cr2 0xffffd0000002bff8 in its guard [0xffffd00000020000, 0xffffd0000002c000), PANIC stack overflow by name; qemu-halt: HALTED in pax_halt (RIP ffffffff8000019a, unchanged a second later; IF clear; serial still at 4418 bytes; accel tcg; quit -> 0)
tour: FAIL R1 release pax-tour-b bios: expect-serial: FAIL: line 39 not found after log line 81: All in wolf. Linux programs run on it unmodified: a shell, its pipes, its tools.
tour: PASS R2 release pax-tour-b bios: frame 0x0000000000105000: free 64954 -> 64953 -> 64954
tour: PASS R3 release pax-tour-b bios: text r-x, rodata r--, data rw- (every page alike), hhdm rw-, lower half empty
tour: PASS R4 release pax-tour-b bios: 24 lines, 6 per worker at runs 5..30, all four under way by line 4, the first finished at line 21; joined, frames free 64936 = 64936
tour: PASS R6 release pax-tour-b bios: the write to text at 0xffffffff80000040 (in [0xffffffff80000000, 0xffffffff80030000), r-x) panicked page fault vector 14, cr2 0xffffffff80000040; qemu-halt: HALTED in pax_halt (RIP ffffffff8000019a, unchanged a second later; IF clear; serial still at 4408 bytes; accel tcg; quit -> 0)
tour: PASS R7 native pax-tour bios: headings at 5.13 8.13 11.14 14.13 19.14 s, PANIC at 28.46 s (QEMU start = 0)
tour: FAIL R1 native pax-tour uefi: expect-serial: FAIL: line 39 not found after log line 71: All in wolf. Linux programs run on it unmodified: a shell, its pipes, its tools.
tour: PASS R2 native pax-tour uefi: frame 0x0000000000104000: free 53434 -> 53433 -> 53434
tour: PASS R3 native pax-tour uefi: text r-x, rodata r--, data rw- (every page alike), hhdm rw-, lower half empty
tour: PASS R4 native pax-tour uefi: 24 lines, 6 per worker at runs 5..30, all four under way by line 4, the first finished at line 21; joined, frames free 53413 = 53413
tour: PASS R5 native pax-tour uefi: thread 6 overran its stack, cr2 0xffffd0000002bfe8 in its guard [0xffffd00000020000, 0xffffd0000002c000), PANIC stack overflow by name; qemu-halt: HALTED in pax_halt (RIP ffffffff8000019a, unchanged a second later; IF clear; serial still at 13251 bytes; accel tcg; quit -> 0)
tour: FAIL R1 native pax-tour-b uefi: expect-serial: FAIL: line 39 not found after log line 71: All in wolf. Linux programs run on it unmodified: a shell, its pipes, its tools.
tour: PASS R2 native pax-tour-b uefi: frame 0x0000000000104000: free 53437 -> 53436 -> 53437
tour: PASS R3 native pax-tour-b uefi: text r-x, rodata r--, data rw- (every page alike), hhdm rw-, lower half empty
tour: PASS R4 native pax-tour-b uefi: 24 lines, 6 per worker at runs 5..30, all four under way by line 4, the first finished at line 21; joined, frames free 53416 = 53416
tour: PASS R6 native pax-tour-b uefi: the write to text at 0xffffffff80000040 (in [0xffffffff80000000, 0xffffffff80036000), r-x) panicked page fault vector 14, cr2 0xffffffff80000040; qemu-halt: HALTED in pax_halt (RIP ffffffff8000019a, unchanged a second later; IF clear; serial still at 13291 bytes; accel tcg; quit -> 0)
tour: FAIL R1 release pax-tour uefi: expect-serial: FAIL: line 39 not found after log line 71: All in wolf. Linux programs run on it unmodified: a shell, its pipes, its tools.
tour: PASS R2 release pax-tour uefi: frame 0x0000000000104000: free 53466 -> 53465 -> 53466
tour: PASS R3 release pax-tour uefi: text r-x, rodata r--, data rw- (every page alike), hhdm rw-, lower half empty
tour: PASS R4 release pax-tour uefi: 24 lines, 6 per worker at runs 5..30, all four under way by line 4, the first finished at line 21; joined, frames free 53445 = 53445
tour: PASS R5 release pax-tour uefi: thread 6 overran its stack, cr2 0xffffd0000002bff8 in its guard [0xffffd00000020000, 0xffffd0000002c000), PANIC stack overflow by name; qemu-halt: HALTED in pax_halt (RIP ffffffff8000019a, unchanged a second later; IF clear; serial still at 13251 bytes; accel tcg; quit -> 0)
tour: FAIL R1 release pax-tour-b uefi: expect-serial: FAIL: line 39 not found after log line 71: All in wolf. Linux programs run on it unmodified: a shell, its pipes, its tools.
tour: PASS R2 release pax-tour-b uefi: frame 0x0000000000104000: free 53477 -> 53476 -> 53477
tour: PASS R3 release pax-tour-b uefi: text r-x, rodata r--, data rw- (every page alike), hhdm rw-, lower half empty
tour: PASS R4 release pax-tour-b uefi: 24 lines, 6 per worker at runs 5..30, all four under way by line 4, the first finished at line 21; joined, frames free 53456 = 53456
tour: PASS R6 release pax-tour-b uefi: the write to text at 0xffffffff80000040 (in [0xffffffff80000000, 0xffffffff80030000), r-x) panicked page fault vector 14, cr2 0xffffffff80000040; qemu-halt: HALTED in pax_halt (RIP ffffffff8000019a, unchanged a second later; IF clear; serial still at 13291 bytes; accel tcg; quit -> 0)
tour: PASS R7 native pax-tour uefi: headings at 6.23 9.24 12.24 15.24 20.24 s, PANIC at 29.56 s (QEMU start = 0)
native pax-tour bios halt-status=0 accel=tcg serial=57ac5c4d6ddbfa66676e372df333f176c532ffc08e346b0589b16b324d556ee9 iso=de3517398280d5b230b6959409f67275be3246e0ebfcf3c3f2f7cc97edcd912b
native pax-tour-b bios halt-status=0 accel=tcg serial=b23e83b490b4f54f41f06a8819ff1a3453ce54bec5b864e7dddc7ed7f70d12be iso=aeb8cde515933fd00c3888acbbd0b4d0c75ea65a65cb061581857a13355e1fe1
release pax-tour bios halt-status=0 accel=tcg serial=34e24acc7d072603395b39768ec305198be90284dfe00489d6898a59d611ca72 iso=c1672ae538fada62b3d05db1312f26ca4be7614c60fd27b115fe027491e9e753
release pax-tour-b bios halt-status=0 accel=tcg serial=3eed1216cc87393fafb6b761e57d5e7ab92de36ade69beee9cb495f484d246ed iso=0c04ac15ec25ce6957be6d5069338cada7dd8b7fb38426d026e1112bcf7bd3c8
native pax-tour uefi halt-status=0 accel=tcg serial=a215065535dd81ab0216ffedd72f0d916214fd6a5354dd94c3b27d47187dff7b iso=de3517398280d5b230b6959409f67275be3246e0ebfcf3c3f2f7cc97edcd912b
native pax-tour-b uefi halt-status=0 accel=tcg serial=03916062517b1b6f20090022d8bcb585fae45fb1ab60eac867c8926ab93d7ac2 iso=aeb8cde515933fd00c3888acbbd0b4d0c75ea65a65cb061581857a13355e1fe1
release pax-tour uefi halt-status=0 accel=tcg serial=bb0ff773a4f75d06d51998148eb7b1096d467c025919cb8ffe1cfa4640757323 iso=c1672ae538fada62b3d05db1312f26ca4be7614c60fd27b115fe027491e9e753
release pax-tour-b uefi halt-status=0 accel=tcg serial=f2dabafb94d7bcc30252b8d3013173802e7927e44f72f85f58564103f3accc86 iso=0c04ac15ec25ce6957be6d5069338cada7dd8b7fb38426d026e1112bcf7bd3c8
tour: tour: FAIL
rc 1
