mpx3-shell: FAIL S1 native bios shell-serial: fewer than two programs ran ('1');
mpx3-shell: FAIL S2 native bios shell-serial: the session differs from Linux's: 2,11c2|< cat|< echo|< false|< head|< ls|< pelt|< sleep|< tail|< true|< wc|---|;
mpx3-shell: PASS S3 native bios shell-serial: 86 typed through serial, all counted there (console: 86 bytes from com1, 0 keys (0 scancodes) from the keyboard, 86 reads, 9 waited, 0 dropped)
mpx3-shell: FAIL S4 native bios shell-serial: -ENOSYS for '72 273 334', not '273 334';
mpx3-shell: PASS S5 native bios shell-serial: init ended, status 0; qemu-halt: HALTED in pax_halt (RIP ffffffff8000019a, unchanged a second later; IF clear; serial still at 2291 bytes; accel tcg; quit -> 0)
mpx3-shell: FAIL S1 native bios shell-ps2: fewer than two programs ran ('1');
mpx3-shell: FAIL S2 native bios shell-ps2: the session differs from Linux's: 2,11c2|< cat|< echo|< false|< head|< ls|< pelt|< sleep|< tail|< true|< wc|---|; exit '126' on PAX, '0' on Linux;
mpx3-shell: PASS S3 native bios shell-ps2: 27 typed through ps2, all counted there (console: 0 bytes from com1, 27 keys (53 scancodes) from the keyboard, 27 reads, 3 waited, 0 dropped)
mpx3-shell: FAIL S4 native bios shell-ps2: -ENOSYS for '72 273 334', not '273 334';
mpx3-shell: FAIL S5 native bios shell-ps2: no 'PAX: init /bin/pelt ended with status 0' (PAX: init /bin/pelt ended with status 126; nothing left to run);
mpx3-shell: FAIL S1 native bios shell-howl: fewer than two programs ran ('1');
mpx3-shell: FAIL S2 native bios shell-howl: the session differs from Linux's: 2c2|< PAX. Kernel: wolf. Shell: wolf. Tools: wolf. Nothing here existed last year.|---|> pelt: line 1: cat: cannot run: cannot open|4,13c4|< cat|< echo|< false|< head|< ls|< pelt|< sleep|;
mpx3-shell: PASS S3 native bios shell-howl: 109 typed through serial, all counted there (console: 109 bytes from com1, 0 keys (0 scancodes) from the keyboard, 109 reads, 9 waited, 0 dropped)
mpx3-shell: FAIL S4 native bios shell-howl: -ENOSYS for '72 273 334', not '273 334';
mpx3-shell: PASS S5 native bios shell-howl: init ended, status 0; qemu-halt: HALTED in pax_halt (RIP ffffffff8000019a, unchanged a second later; IF clear; serial still at 2281 bytes; accel tcg; quit -> 0)
mpx3-shell: PASS S6 native bios shell-howl: Linux's transcript is user/console/shell-howl.expect (90c3e266fe9b…)
mpx3-shell: PASS S1 native bios shell-howl-quiet: quiet: user: quiet (the kernel command line): no exec, exit, -ENOSYS or frames line for a program; no exec, exit, -ENOSYS or frames line
mpx3-shell: FAIL S2 native bios shell-howl-quiet: the session differs from Linux's: 2c2|< PAX. Kernel: wolf. Shell: wolf. Tools: wolf. Nothing here existed last year.|---|> pelt: line 1: cat: cannot run: cannot open|4,13c4|< cat|< echo|< false|< head|< ls|< pelt|< sleep|;
mpx3-shell: PASS S3 native bios shell-howl-quiet: 109 typed through serial, all counted there (console: 109 bytes from com1, 0 keys (0 scancodes) from the keyboard, 109 reads, 9 waited, 0 dropped)
mpx3-shell: PASS S4 native bios shell-howl-quiet: -ENOSYS only for 'nothing'; refused: nothing
mpx3-shell: PASS S5 native bios shell-howl-quiet: init ended, status 0; qemu-halt: HALTED in pax_halt (RIP ffffffff8000019a, unchanged a second later; IF clear; serial still at 1819 bytes; accel tcg; quit -> 0)
mpx3-shell: PASS S6 native bios shell-howl-quiet: Linux's transcript is user/console/shell-howl.expect (90c3e266fe9b…)
mpx3-shell: FAIL S1 native bios shell-plumb: fewer than two programs ran ('1');
mpx3-shell: FAIL S2 native bios shell-plumb: the session differs from Linux's: 2c2|< 10|---|> pelt: line 1: cannot make a pipe|3a4|> pelt: line 2: cat: cannot run: cannot open|5c6,7|< PAX. Kernel: wolf. Shell: wolf. Tools: wolf. Nothing here existed last year.|---|> pelt: line 3: cd: /etc: cannot change directory: cannot open|> pelt: line 3: cat: cannot run: cannot open|7c9|;
mpx3-shell: PASS S3 native bios shell-plumb: 176 typed through serial, all counted there (console: 176 bytes from com1, 0 keys (0 scancodes) from the keyboard, 176 reads, 13 waited, 0 dropped)
mpx3-shell: FAIL S4 native bios shell-plumb: -ENOSYS for '72 80 273 293 334', not '273 334';
mpx3-shell: PASS S5 native bios shell-plumb: init ended, status 0; qemu-halt: HALTED in pax_halt (RIP ffffffff8000019a, unchanged a second later; IF clear; serial still at 2821 bytes; accel tcg; quit -> 0)
mpx3-shell: PASS S6 native bios shell-plumb: Linux's transcript is user/console/shell-plumb.expect (7dd311906df4…)
mpx3-shell: PASS S1 native bios procs: 14 programs, pids 1 2 3 4 5 6 7 8 9 10 11 12 13 14, each ended; user: frames free 64895 before, 64842 with 1 processes, 64895 after
mpx3-shell: FAIL S2 native bios procs: the session differs from Linux's: 23,24c23|< fork child: pid 10 ppid 1 tid 10 saw 1, g 2|< wait4 fork: 10 status 0x400|---|> wait4 fork: -10|26c25,26|< pipe: 0 fds 5 6, write 3, read 3 abc, fstat 0 modes 0x1180 0x1180, lseek -29|---|> pipe: -38 fds -1 -1, write -9, read -9 , fstat -9 modes 0x0 0x0, lseek -9|> pipe: waited read -9 , then -9|28,34c28,34|< pipe: waited read 4 late, then 0|;
mpx3-shell: PASS S3 native bios procs: 0 typed through serial, all counted there (console: 0 bytes from com1, 0 keys (0 scancodes) from the keyboard, 0 reads, 0 waited, 0 dropped)
mpx3-shell: FAIL S4 native bios procs: -ENOSYS for '44 45 53 72 80 81 293', not ''; refusals 'user: exec /etc/script: refused: not an ELF file|syscall 59: refused: not a static x86-64 ELF executable PAX runs, -8|syscall 56: refused: a fork without CLONE_VM (PAX copies no address space yet), -38|syscall 62: refused: signals are not delivered yet, -38', not 'user: exec /etc/script: refused: not an ELF file|syscall 59: refused: not a static x86-64 ELF executable PAX runs, -8|syscall 62: refused: signals are not delivered yet, -38';
mpx3-shell: PASS S5 native bios procs: init ended, status 0; qemu-halt: HALTED in pax_halt (RIP ffffffff8000019a, unchanged a second later; IF clear; serial still at 9155 bytes; accel tcg; quit -> 0)
mpx3-shell: PASS S1 native bios procs-quiet: quiet: user: quiet (the kernel command line): no exec, exit, -ENOSYS or frames line for a program; no exec, exit, -ENOSYS or frames line; 1 killed: line(s)
mpx3-shell: FAIL S2 native bios procs-quiet: the session differs from Linux's: 23,24c23|< fork child: pid 10 ppid 1 tid 10 saw 1, g 2|< wait4 fork: 10 status 0x400|---|> wait4 fork: -10|26c25,27|< pipe: 0 fds 5 6, write 3, read 3 abc, fstat 0 modes 0x1180 0x1180, lseek -29|---|> user: procs pid 1 write fd 0x00000000ffffffff: -EBADF|> pipe: -38 fds -1 -1, write -9, read -9 , fstat -9 modes 0x0 0x0, lseek -9|> pipe: waited read -9 , then -9|28,34c29,39|;
mpx3-shell: PASS S3 native bios procs-quiet: 0 typed through serial, all counted there (console: 0 bytes from com1, 0 keys (0 scancodes) from the keyboard, 0 reads, 0 waited, 0 dropped)
mpx3-shell: FAIL S4 native bios procs-quiet: refusals 'user: exec /etc/script: refused: not an ELF file|syscall 59: refused: not a static x86-64 ELF executable PAX runs, -8|syscall 56: refused: a fork without CLONE_VM (PAX copies no address space yet), -38|syscall 62: refused: signals are not delivered yet, -38', not 'user: exec /etc/script: refused: not an ELF file|syscall 59: refused: not a static x86-64 ELF executable PAX runs, -8|syscall 62: refused: signals are not delivered yet, -38';
mpx3-shell: PASS S5 native bios procs-quiet: init ended, status 0; qemu-halt: HALTED in pax_halt (RIP ffffffff8000019a, unchanged a second later; IF clear; serial still at 3764 bytes; accel tcg; quit -> 0)
native kmain_console bios shell-serial halt-status=0 accel=tcg serial=a4cb5697a72b0373814589c507c6045c7264522d6320d13ab976f20f0a95e239 iso=272c6813df05ceef5b0103ff57f26d99132ca6c2c44f27adc363ba41e8d74a13
native kmain_console bios shell-ps2 halt-status=0 accel=tcg serial=016a6d4150e61724ba3bfa087f63f08176e58e74b890baaec44f0dbbdc9df7cb iso=272c6813df05ceef5b0103ff57f26d99132ca6c2c44f27adc363ba41e8d74a13
native kmain_console bios shell-howl halt-status=0 accel=tcg serial=8e7139b4b40fb6f388ddbc44d7548138fe7c127f34c9b9e2840da4d7068344fc iso=272c6813df05ceef5b0103ff57f26d99132ca6c2c44f27adc363ba41e8d74a13
native kmain_console bios shell-howl-quiet halt-status=0 accel=tcg serial=0ac794c174881a20c76a1600a93e52c910a58a95ccb159a0e4083acec9d403fa iso=32ee9e2b732ea0283fbc1bb0db13cbaecbc6234c97b4046dc7ad029d18d7def2
native kmain_console bios shell-plumb halt-status=0 accel=tcg serial=27cb88b2006c3f100f00aa3080b73056be1c2450a30bcca57b4ef6ea2db3a001 iso=272c6813df05ceef5b0103ff57f26d99132ca6c2c44f27adc363ba41e8d74a13
native kmain_console bios procs halt-status=0 accel=tcg serial=831b36849b35dbc47e60da794bdd3dfef47c73b7be29beafde01c9df4d216a09 iso=f406b499493b78270e47238bd3c5dfd34967305a094095c9845713dba61e7ba5
native kmain_console bios procs-quiet halt-status=0 accel=tcg serial=2f3eb8eee0845f2f6c0fffa99bb0e76208fc916b6e283e1dd37db489825ec194 iso=dcb9ddff96b64b93acc11ffff40c10cec2a61d5f9c79dbca749e786ff75fe296
mpx3-shell: mpx3-shell: FAIL
boot rc 1
