mpx3-shell: PASS S1 native bios shell-serial: 5 programs, pids 1 2 3 4 5, each ended; user: frames free 35575 before, 35133 with 1 processes, 35575 after
mpx3-shell: PASS S2 native bios shell-serial: the session byte-identical to Linux's (25 lines, a55adc5f451a…), exit 0
mpx3-shell: PASS S3 native bios shell-serial: 86 typed through serial, all counted there (console: 86 bytes from com1, 0 keys (0 scancodes) from the keyboard, 86 reads, 9 waited, 0 dropped)
mpx3-shell: PASS S4 native bios shell-serial: -ENOSYS only for '273 334'; refused: nothing
mpx3-shell: PASS S5 native bios shell-serial: init ended, status 0; qemu-halt: HALTED in pax_halt (RIP ffffffff8000019a, unchanged a second later; IF clear; serial still at 4012 bytes; accel tcg; quit -> 0)
mpx3-shell: PASS S1 native bios shell-ps2: 3 programs, pids 1 2 3, each ended; user: frames free 35575 before, 35133 with 1 processes, 35575 after
mpx3-shell: PASS S2 native bios shell-ps2: the session byte-identical to Linux's (14 lines, 2ce23dbb9fc7…), exit 0
mpx3-shell: PASS S3 native bios shell-ps2: 27 typed through ps2, all counted there (console: 0 bytes from com1, 27 keys (53 scancodes) from the keyboard, 27 reads, 3 waited, 0 dropped)
mpx3-shell: PASS S4 native bios shell-ps2: -ENOSYS only for '273 334'; refused: nothing
mpx3-shell: PASS S5 native bios shell-ps2: init ended, status 0; qemu-halt: HALTED in pax_halt (RIP ffffffff8000019a, unchanged a second later; IF clear; serial still at 2973 bytes; accel tcg; quit -> 0)
mpx3-shell: PASS S1 native bios shell-howl: 4 programs, pids 1 2 3 4, each ended; user: frames free 35575 before, 35133 with 1 processes, 35575 after
mpx3-shell: PASS S2 native bios shell-howl: the session byte-identical to Linux's (25 lines, 90c3e266fe9b…), exit 0
mpx3-shell: PASS S3 native bios shell-howl: 109 typed through serial, all counted there (console: 109 bytes from com1, 0 keys (0 scancodes) from the keyboard, 109 reads, 9 waited, 0 dropped)
mpx3-shell: PASS S4 native bios shell-howl: -ENOSYS only for '273 334'; refused: nothing
mpx3-shell: PASS S5 native bios shell-howl: init ended, status 0; qemu-halt: HALTED in pax_halt (RIP ffffffff8000019a, unchanged a second later; IF clear; serial still at 3591 bytes; accel tcg; quit -> 0)
mpx3-shell: PASS S6 native bios shell-howl: Linux's transcript is user/console/shell-howl.expect (90c3e266fe9b…)
mpx3-shell: PASS S1 native bios shell-howl-quiet: quiet: user: quiet (the kernel command line): no exec, exit, -ENOSYS or frames line for a program; no exec, exit, -ENOSYS or frames line
mpx3-shell: PASS S2 native bios shell-howl-quiet: the session byte-identical to Linux's (25 lines, 90c3e266fe9b…), exit 0
mpx3-shell: PASS S3 native bios shell-howl-quiet: 109 typed through serial, all counted there (console: 109 bytes from com1, 0 keys (0 scancodes) from the keyboard, 109 reads, 9 waited, 0 dropped)
mpx3-shell: PASS S4 native bios shell-howl-quiet: -ENOSYS only for 'nothing'; refused: nothing
mpx3-shell: PASS S5 native bios shell-howl-quiet: init ended, status 0; qemu-halt: HALTED in pax_halt (RIP ffffffff8000019a, unchanged a second later; IF clear; serial still at 1844 bytes; accel tcg; quit -> 0)
mpx3-shell: PASS S6 native bios shell-howl-quiet: Linux's transcript is user/console/shell-howl.expect (90c3e266fe9b…)
mpx3-shell: PASS S1 native bios shell-plumb: 12 programs, pids 1 2 3 4 5 6 7 8 9 10 11 12, each ended; user: frames free 35575 before, 35133 with 1 processes, 35575 after
mpx3-shell: PASS S2 native bios shell-plumb: the session byte-identical to Linux's (30 lines, 7dd311906df4…), exit 0
mpx3-shell: PASS S3 native bios shell-plumb: 176 typed through serial, all counted there (console: 176 bytes from com1, 0 keys (0 scancodes) from the keyboard, 176 reads, 13 waited, 0 dropped)
mpx3-shell: PASS S4 native bios shell-plumb: -ENOSYS only for '273 334'; refused: nothing
mpx3-shell: PASS S5 native bios shell-plumb: init ended, status 0; qemu-halt: HALTED in pax_halt (RIP ffffffff8000019a, unchanged a second later; IF clear; serial still at 7310 bytes; accel tcg; quit -> 0)
mpx3-shell: PASS S6 native bios shell-plumb: Linux's transcript is user/console/shell-plumb.expect (7dd311906df4…)
mpx3-shell: PASS S1 native bios procs: 14 programs, pids 1 2 3 4 5 6 7 8 9 11 12 13 14 15, each ended; user: frames free 64881 before, 64828 with 1 processes, 64881 after
mpx3-shell: PASS S2 native bios procs: the session byte-identical to Linux's (45 lines, 37483968bc54…), exit 0
mpx3-shell: PASS S3 native bios procs: 0 typed through serial, all counted there (console: 0 bytes from com1, 0 keys (0 scancodes) from the keyboard, 0 reads, 0 waited, 0 dropped)
mpx3-shell: PASS S4 native bios procs: -ENOSYS only for 'nothing'; refused: user: exec /etc/script: refused: not an ELF file|syscall 59: refused: not a static x86-64 ELF executable PAX runs, -8|syscall 62: refused: signals are not delivered yet, -38
mpx3-shell: PASS S5 native bios procs: init ended, status 0; qemu-halt: HALTED in pax_halt (RIP ffffffff8000019a, unchanged a second later; IF clear; serial still at 8545 bytes; accel tcg; quit -> 0)
mpx3-shell: PASS S1 native bios procs-quiet: quiet: user: quiet (the kernel command line): no exec, exit, -ENOSYS or frames line for a program; no exec, exit, -ENOSYS or frames line; 2 killed: line(s)
mpx3-shell: PASS S2 native bios procs-quiet: the session byte-identical to Linux's (45 lines, 37483968bc54…), exit 0
mpx3-shell: PASS S3 native bios procs-quiet: 0 typed through serial, all counted there (console: 0 bytes from com1, 0 keys (0 scancodes) from the keyboard, 0 reads, 0 waited, 0 dropped)
mpx3-shell: PASS S4 native bios procs-quiet: -ENOSYS only for 'nothing'; refused: user: exec /etc/script: refused: not an ELF file|syscall 59: refused: not a static x86-64 ELF executable PAX runs, -8|syscall 62: refused: signals are not delivered yet, -38
mpx3-shell: PASS S5 native bios procs-quiet: init ended, status 0; qemu-halt: HALTED in pax_halt (RIP ffffffff8000019a, unchanged a second later; IF clear; serial still at 3428 bytes; accel tcg; quit -> 0)
mpx3-shell: PASS S1 release bios shell-serial: 5 programs, pids 1 2 3 4 5, each ended; user: frames free 35625 before, 35183 with 1 processes, 35625 after
mpx3-shell: PASS S2 release bios shell-serial: the session byte-identical to Linux's (25 lines, a55adc5f451a…), exit 0
mpx3-shell: PASS S3 release bios shell-serial: 86 typed through serial, all counted there (console: 86 bytes from com1, 0 keys (0 scancodes) from the keyboard, 86 reads, 9 waited, 0 dropped)
mpx3-shell: PASS S4 release bios shell-serial: -ENOSYS only for '273 334'; refused: nothing
mpx3-shell: PASS S5 release bios shell-serial: init ended, status 0; qemu-halt: HALTED in pax_halt (RIP ffffffff8000019a, unchanged a second later; IF clear; serial still at 4004 bytes; accel tcg; quit -> 0)
mpx3-shell: PASS S1 release bios shell-ps2: 3 programs, pids 1 2 3, each ended; user: frames free 35605 before, 35163 with 1 processes, 35605 after
mpx3-shell: PASS S2 release bios shell-ps2: the session byte-identical to Linux's (14 lines, 2ce23dbb9fc7…), exit 0
mpx3-shell: PASS S3 release bios shell-ps2: 27 typed through ps2, all counted there (console: 0 bytes from com1, 27 keys (54 scancodes) from the keyboard, 27 reads, 3 waited, 0 dropped)
mpx3-shell: PASS S4 release bios shell-ps2: -ENOSYS only for '273 334'; refused: nothing
mpx3-shell: PASS S5 release bios shell-ps2: init ended, status 0; qemu-halt: HALTED in pax_halt (RIP ffffffff8000019a, unchanged a second later; IF clear; serial still at 2981 bytes; accel tcg; quit -> 0)
mpx3-shell: PASS S1 release bios shell-howl: 4 programs, pids 1 2 3 4, each ended; user: frames free 35605 before, 35163 with 1 processes, 35605 after
mpx3-shell: PASS S2 release bios shell-howl: the session byte-identical to Linux's (25 lines, 90c3e266fe9b…), exit 0
mpx3-shell: PASS S3 release bios shell-howl: 109 typed through serial, all counted there (console: 109 bytes from com1, 0 keys (0 scancodes) from the keyboard, 109 reads, 9 waited, 0 dropped)
mpx3-shell: PASS S4 release bios shell-howl: -ENOSYS only for '273 334'; refused: nothing
mpx3-shell: PASS S5 release bios shell-howl: init ended, status 0; qemu-halt: HALTED in pax_halt (RIP ffffffff8000019a, unchanged a second later; IF clear; serial still at 3591 bytes; accel tcg; quit -> 0)
mpx3-shell: PASS S6 release bios shell-howl: Linux's transcript is user/console/shell-howl.expect (90c3e266fe9b…)
mpx3-shell: PASS S1 release bios shell-howl-quiet: quiet: user: quiet (the kernel command line): no exec, exit, -ENOSYS or frames line for a program; no exec, exit, -ENOSYS or frames line
mpx3-shell: PASS S2 release bios shell-howl-quiet: the session byte-identical to Linux's (25 lines, 90c3e266fe9b…), exit 0
mpx3-shell: PASS S3 release bios shell-howl-quiet: 109 typed through serial, all counted there (console: 109 bytes from com1, 0 keys (0 scancodes) from the keyboard, 109 reads, 9 waited, 0 dropped)
mpx3-shell: PASS S4 release bios shell-howl-quiet: -ENOSYS only for 'nothing'; refused: nothing
mpx3-shell: PASS S5 release bios shell-howl-quiet: init ended, status 0; qemu-halt: HALTED in pax_halt (RIP ffffffff8000019a, unchanged a second later; IF clear; serial still at 1852 bytes; accel tcg; quit -> 0)
mpx3-shell: PASS S6 release bios shell-howl-quiet: Linux's transcript is user/console/shell-howl.expect (90c3e266fe9b…)
mpx3-shell: PASS S1 release bios shell-plumb: 12 programs, pids 1 2 3 4 5 6 7 8 9 10 11 12, each ended; user: frames free 35605 before, 35163 with 1 processes, 35605 after
mpx3-shell: PASS S2 release bios shell-plumb: the session byte-identical to Linux's (30 lines, 7dd311906df4…), exit 0
mpx3-shell: PASS S3 release bios shell-plumb: 176 typed through serial, all counted there (console: 176 bytes from com1, 0 keys (0 scancodes) from the keyboard, 176 reads, 13 waited, 0 dropped)
mpx3-shell: PASS S4 release bios shell-plumb: -ENOSYS only for '273 334'; refused: nothing
mpx3-shell: PASS S5 release bios shell-plumb: init ended, status 0; qemu-halt: HALTED in pax_halt (RIP ffffffff8000019a, unchanged a second later; IF clear; serial still at 7302 bytes; accel tcg; quit -> 0)
mpx3-shell: PASS S6 release bios shell-plumb: Linux's transcript is user/console/shell-plumb.expect (7dd311906df4…)
mpx3-shell: PASS S1 release bios procs: 14 programs, pids 1 2 3 4 5 6 7 8 9 11 12 13 14 15, each ended; user: frames free 64911 before, 64858 with 1 processes, 64911 after
mpx3-shell: PASS S2 release bios procs: the session byte-identical to Linux's (45 lines, 37483968bc54…), exit 0
mpx3-shell: PASS S3 release bios procs: 0 typed through serial, all counted there (console: 0 bytes from com1, 0 keys (0 scancodes) from the keyboard, 0 reads, 0 waited, 0 dropped)
mpx3-shell: PASS S4 release bios procs: -ENOSYS only for 'nothing'; refused: user: exec /etc/script: refused: not an ELF file|syscall 59: refused: not a static x86-64 ELF executable PAX runs, -8|syscall 62: refused: signals are not delivered yet, -38
mpx3-shell: PASS S5 release bios procs: init ended, status 0; qemu-halt: HALTED in pax_halt (RIP ffffffff8000019a, unchanged a second later; IF clear; serial still at 8537 bytes; accel tcg; quit -> 0)
mpx3-shell: PASS S1 release bios procs-quiet: quiet: user: quiet (the kernel command line): no exec, exit, -ENOSYS or frames line for a program; no exec, exit, -ENOSYS or frames line; 2 killed: line(s)
mpx3-shell: PASS S2 release bios procs-quiet: the session byte-identical to Linux's (45 lines, 37483968bc54…), exit 0
mpx3-shell: PASS S3 release bios procs-quiet: 0 typed through serial, all counted there (console: 0 bytes from com1, 0 keys (0 scancodes) from the keyboard, 0 reads, 0 waited, 0 dropped)
mpx3-shell: PASS S4 release bios procs-quiet: -ENOSYS only for 'nothing'; refused: user: exec /etc/script: refused: not an ELF file|syscall 59: refused: not a static x86-64 ELF executable PAX runs, -8|syscall 62: refused: signals are not delivered yet, -38
mpx3-shell: PASS S5 release bios procs-quiet: init ended, status 0; qemu-halt: HALTED in pax_halt (RIP ffffffff8000019a, unchanged a second later; IF clear; serial still at 3428 bytes; accel tcg; quit -> 0)
mpx3-shell: PASS S1 native uefi shell-serial: 5 programs, pids 1 2 3 4 5, each ended; user: frames free 24093 before, 23651 with 1 processes, 24093 after
mpx3-shell: PASS S2 native uefi shell-serial: the session byte-identical to Linux's (25 lines, a55adc5f451a…), exit 0
mpx3-shell: PASS S3 native uefi shell-serial: 86 typed through serial, all counted there (console: 86 bytes from com1, 0 keys (0 scancodes) from the keyboard, 86 reads, 9 waited, 0 dropped)
mpx3-shell: PASS S4 native uefi shell-serial: -ENOSYS only for '273 334'; refused: nothing
mpx3-shell: PASS S5 native uefi shell-serial: init ended, status 0; qemu-halt: HALTED in pax_halt (RIP ffffffff8000019a, unchanged a second later; IF clear; serial still at 4274 bytes; accel tcg; quit -> 0)
mpx3-shell: PASS S1 native uefi shell-ps2: 3 programs, pids 1 2 3, each ended; user: frames free 24093 before, 23651 with 1 processes, 24093 after
mpx3-shell: PASS S2 native uefi shell-ps2: the session byte-identical to Linux's (14 lines, 2ce23dbb9fc7…), exit 0
mpx3-shell: PASS S3 native uefi shell-ps2: 27 typed through ps2, all counted there (console: 0 bytes from com1, 27 keys (53 scancodes) from the keyboard, 27 reads, 3 waited, 0 dropped)
mpx3-shell: PASS S4 native uefi shell-ps2: -ENOSYS only for '273 334'; refused: nothing
mpx3-shell: PASS S5 native uefi shell-ps2: init ended, status 0; qemu-halt: HALTED in pax_halt (RIP ffffffff8000019a, unchanged a second later; IF clear; serial still at 3243 bytes; accel tcg; quit -> 0)
mpx3-shell: PASS S1 native uefi shell-howl: 4 programs, pids 1 2 3 4, each ended; user: frames free 24093 before, 23651 with 1 processes, 24093 after
mpx3-shell: PASS S2 native uefi shell-howl: the session byte-identical to Linux's (25 lines, 90c3e266fe9b…), exit 0
mpx3-shell: PASS S3 native uefi shell-howl: 109 typed through serial, all counted there (console: 109 bytes from com1, 0 keys (0 scancodes) from the keyboard, 109 reads, 9 waited, 0 dropped)
mpx3-shell: PASS S4 native uefi shell-howl: -ENOSYS only for '273 334'; refused: nothing
mpx3-shell: PASS S5 native uefi shell-howl: init ended, status 0; qemu-halt: HALTED in pax_halt (RIP ffffffff8000019a, unchanged a second later; IF clear; serial still at 3861 bytes; accel tcg; quit -> 0)
mpx3-shell: PASS S6 native uefi shell-howl: Linux's transcript is user/console/shell-howl.expect (90c3e266fe9b…)
mpx3-shell: PASS S1 native uefi shell-howl-quiet: quiet: user: quiet (the kernel command line): no exec, exit, -ENOSYS or frames line for a program; no exec, exit, -ENOSYS or frames line
mpx3-shell: PASS S2 native uefi shell-howl-quiet: the session byte-identical to Linux's (25 lines, 90c3e266fe9b…), exit 0
mpx3-shell: PASS S3 native uefi shell-howl-quiet: 109 typed through serial, all counted there (console: 109 bytes from com1, 0 keys (0 scancodes) from the keyboard, 109 reads, 9 waited, 0 dropped)
mpx3-shell: PASS S4 native uefi shell-howl-quiet: -ENOSYS only for 'nothing'; refused: nothing
mpx3-shell: PASS S5 native uefi shell-howl-quiet: init ended, status 0; qemu-halt: HALTED in pax_halt (RIP ffffffff8000019a, unchanged a second later; IF clear; serial still at 2114 bytes; accel tcg; quit -> 0)
mpx3-shell: PASS S6 native uefi shell-howl-quiet: Linux's transcript is user/console/shell-howl.expect (90c3e266fe9b…)
mpx3-shell: PASS S1 native uefi shell-plumb: 12 programs, pids 1 2 3 4 5 6 7 8 9 10 11 12, each ended; user: frames free 24093 before, 23651 with 1 processes, 24093 after
mpx3-shell: PASS S2 native uefi shell-plumb: the session byte-identical to Linux's (30 lines, 7dd311906df4…), exit 0
mpx3-shell: PASS S3 native uefi shell-plumb: 176 typed through serial, all counted there (console: 176 bytes from com1, 0 keys (0 scancodes) from the keyboard, 176 reads, 13 waited, 0 dropped)
mpx3-shell: PASS S4 native uefi shell-plumb: -ENOSYS only for '273 334'; refused: nothing
mpx3-shell: PASS S5 native uefi shell-plumb: init ended, status 0; qemu-halt: HALTED in pax_halt (RIP ffffffff8000019a, unchanged a second later; IF clear; serial still at 7572 bytes; accel tcg; quit -> 0)
mpx3-shell: PASS S6 native uefi shell-plumb: Linux's transcript is user/console/shell-plumb.expect (7dd311906df4…)
mpx3-shell: PASS S1 native uefi procs: 14 programs, pids 1 2 3 4 5 6 7 8 9 11 12 13 14 15, each ended; user: frames free 53399 before, 53346 with 1 processes, 53399 after
mpx3-shell: PASS S2 native uefi procs: the session byte-identical to Linux's (45 lines, 37483968bc54…), exit 0
mpx3-shell: PASS S3 native uefi procs: 0 typed through serial, all counted there (console: 0 bytes from com1, 0 keys (0 scancodes) from the keyboard, 0 reads, 0 waited, 0 dropped)
mpx3-shell: PASS S4 native uefi procs: -ENOSYS only for 'nothing'; refused: user: exec /etc/script: refused: not an ELF file|syscall 59: refused: not a static x86-64 ELF executable PAX runs, -8|syscall 62: refused: signals are not delivered yet, -38
mpx3-shell: PASS S5 native uefi procs: init ended, status 0; qemu-halt: HALTED in pax_halt (RIP ffffffff8000019a, unchanged a second later; IF clear; serial still at 8808 bytes; accel tcg; quit -> 0)
mpx3-shell: PASS S1 native uefi procs-quiet: quiet: user: quiet (the kernel command line): no exec, exit, -ENOSYS or frames line for a program; no exec, exit, -ENOSYS or frames line; 2 killed: line(s)
mpx3-shell: PASS S2 native uefi procs-quiet: the session byte-identical to Linux's (45 lines, 37483968bc54…), exit 0
mpx3-shell: PASS S3 native uefi procs-quiet: 0 typed through serial, all counted there (console: 0 bytes from com1, 0 keys (0 scancodes) from the keyboard, 0 reads, 0 waited, 0 dropped)
mpx3-shell: PASS S4 native uefi procs-quiet: -ENOSYS only for 'nothing'; refused: user: exec /etc/script: refused: not an ELF file|syscall 59: refused: not a static x86-64 ELF executable PAX runs, -8|syscall 62: refused: signals are not delivered yet, -38
mpx3-shell: PASS S5 native uefi procs-quiet: init ended, status 0; qemu-halt: HALTED in pax_halt (RIP ffffffff8000019a, unchanged a second later; IF clear; serial still at 3699 bytes; accel tcg; quit -> 0)
mpx3-shell: PASS S1 release uefi shell-serial: 5 programs, pids 1 2 3 4 5, each ended; user: frames free 24123 before, 23681 with 1 processes, 24123 after
mpx3-shell: PASS S2 release uefi shell-serial: the session byte-identical to Linux's (25 lines, a55adc5f451a…), exit 0
mpx3-shell: PASS S3 release uefi shell-serial: 86 typed through serial, all counted there (console: 86 bytes from com1, 0 keys (0 scancodes) from the keyboard, 86 reads, 9 waited, 0 dropped)
mpx3-shell: PASS S4 release uefi shell-serial: -ENOSYS only for '273 334'; refused: nothing
mpx3-shell: PASS S5 release uefi shell-serial: init ended, status 0; qemu-halt: HALTED in pax_halt (RIP ffffffff8000019a, unchanged a second later; IF clear; serial still at 4274 bytes; accel tcg; quit -> 0)
mpx3-shell: PASS S1 release uefi shell-ps2: 3 programs, pids 1 2 3, each ended; user: frames free 24123 before, 23681 with 1 processes, 24123 after
mpx3-shell: PASS S2 release uefi shell-ps2: the session byte-identical to Linux's (14 lines, 2ce23dbb9fc7…), exit 0
mpx3-shell: PASS S3 release uefi shell-ps2: 27 typed through ps2, all counted there (console: 0 bytes from com1, 27 keys (53 scancodes) from the keyboard, 27 reads, 3 waited, 0 dropped)
mpx3-shell: PASS S4 release uefi shell-ps2: -ENOSYS only for '273 334'; refused: nothing
mpx3-shell: PASS S5 release uefi shell-ps2: init ended, status 0; qemu-halt: HALTED in pax_halt (RIP ffffffff8000019a, unchanged a second later; IF clear; serial still at 3243 bytes; accel tcg; quit -> 0)
mpx3-shell: PASS S1 release uefi shell-howl: 4 programs, pids 1 2 3 4, each ended; user: frames free 24123 before, 23681 with 1 processes, 24123 after
mpx3-shell: PASS S2 release uefi shell-howl: the session byte-identical to Linux's (25 lines, 90c3e266fe9b…), exit 0
mpx3-shell: PASS S3 release uefi shell-howl: 109 typed through serial, all counted there (console: 109 bytes from com1, 0 keys (0 scancodes) from the keyboard, 109 reads, 9 waited, 0 dropped)
mpx3-shell: PASS S4 release uefi shell-howl: -ENOSYS only for '273 334'; refused: nothing
mpx3-shell: PASS S5 release uefi shell-howl: init ended, status 0; qemu-halt: HALTED in pax_halt (RIP ffffffff8000019a, unchanged a second later; IF clear; serial still at 3861 bytes; accel tcg; quit -> 0)
mpx3-shell: PASS S6 release uefi shell-howl: Linux's transcript is user/console/shell-howl.expect (90c3e266fe9b…)
mpx3-shell: PASS S1 release uefi shell-howl-quiet: quiet: user: quiet (the kernel command line): no exec, exit, -ENOSYS or frames line for a program; no exec, exit, -ENOSYS or frames line
mpx3-shell: PASS S2 release uefi shell-howl-quiet: the session byte-identical to Linux's (25 lines, 90c3e266fe9b…), exit 0
mpx3-shell: PASS S3 release uefi shell-howl-quiet: 109 typed through serial, all counted there (console: 109 bytes from com1, 0 keys (0 scancodes) from the keyboard, 109 reads, 9 waited, 0 dropped)
mpx3-shell: PASS S4 release uefi shell-howl-quiet: -ENOSYS only for 'nothing'; refused: nothing
mpx3-shell: PASS S5 release uefi shell-howl-quiet: init ended, status 0; qemu-halt: HALTED in pax_halt (RIP ffffffff8000019a, unchanged a second later; IF clear; serial still at 2114 bytes; accel tcg; quit -> 0)
mpx3-shell: PASS S6 release uefi shell-howl-quiet: Linux's transcript is user/console/shell-howl.expect (90c3e266fe9b…)
mpx3-shell: PASS S1 release uefi shell-plumb: 12 programs, pids 1 2 3 4 5 6 7 8 9 10 11 12, each ended; user: frames free 24123 before, 23681 with 1 processes, 24123 after
mpx3-shell: PASS S2 release uefi shell-plumb: the session byte-identical to Linux's (30 lines, 7dd311906df4…), exit 0
mpx3-shell: PASS S3 release uefi shell-plumb: 176 typed through serial, all counted there (console: 176 bytes from com1, 0 keys (0 scancodes) from the keyboard, 176 reads, 13 waited, 0 dropped)
mpx3-shell: PASS S4 release uefi shell-plumb: -ENOSYS only for '273 334'; refused: nothing
mpx3-shell: PASS S5 release uefi shell-plumb: init ended, status 0; qemu-halt: HALTED in pax_halt (RIP ffffffff8000019a, unchanged a second later; IF clear; serial still at 7572 bytes; accel tcg; quit -> 0)
mpx3-shell: PASS S6 release uefi shell-plumb: Linux's transcript is user/console/shell-plumb.expect (7dd311906df4…)
mpx3-shell: PASS S1 release uefi procs: 14 programs, pids 1 2 3 4 5 6 7 8 9 11 12 13 14 15, each ended; user: frames free 53429 before, 53376 with 1 processes, 53429 after
mpx3-shell: PASS S2 release uefi procs: the session byte-identical to Linux's (45 lines, 37483968bc54…), exit 0
mpx3-shell: PASS S3 release uefi procs: 0 typed through serial, all counted there (console: 0 bytes from com1, 0 keys (0 scancodes) from the keyboard, 0 reads, 0 waited, 0 dropped)
mpx3-shell: PASS S4 release uefi procs: -ENOSYS only for 'nothing'; refused: user: exec /etc/script: refused: not an ELF file|syscall 59: refused: not a static x86-64 ELF executable PAX runs, -8|syscall 62: refused: signals are not delivered yet, -38
mpx3-shell: PASS S5 release uefi procs: init ended, status 0; qemu-halt: HALTED in pax_halt (RIP ffffffff8000019a, unchanged a second later; IF clear; serial still at 8808 bytes; accel tcg; quit -> 0)
mpx3-shell: PASS S1 release uefi procs-quiet: quiet: user: quiet (the kernel command line): no exec, exit, -ENOSYS or frames line for a program; no exec, exit, -ENOSYS or frames line; 2 killed: line(s)
mpx3-shell: PASS S2 release uefi procs-quiet: the session byte-identical to Linux's (45 lines, 37483968bc54…), exit 0
mpx3-shell: PASS S3 release uefi procs-quiet: 0 typed through serial, all counted there (console: 0 bytes from com1, 0 keys (0 scancodes) from the keyboard, 0 reads, 0 waited, 0 dropped)
mpx3-shell: PASS S4 release uefi procs-quiet: -ENOSYS only for 'nothing'; refused: user: exec /etc/script: refused: not an ELF file|syscall 59: refused: not a static x86-64 ELF executable PAX runs, -8|syscall 62: refused: signals are not delivered yet, -38
mpx3-shell: PASS S5 release uefi procs-quiet: init ended, status 0; qemu-halt: HALTED in pax_halt (RIP ffffffff8000019a, unchanged a second later; IF clear; serial still at 3699 bytes; accel tcg; quit -> 0)
native kmain_console bios shell-serial halt-status=0 accel=tcg serial=d03c151bd728d8bbe592f7a129015769bda7d105dd82cbd2aa3192f9deebc38b iso=54e4c70190441f8e98866970530ada8f853c13b8e45eb996fe71b3fd6b693847
native kmain_console bios shell-ps2 halt-status=0 accel=tcg serial=f7e3d17604deea7ebd06bbd915d4c6633e9cd5a809e1b2e6842354ccc38a287e iso=54e4c70190441f8e98866970530ada8f853c13b8e45eb996fe71b3fd6b693847
native kmain_console bios shell-howl halt-status=0 accel=tcg serial=73c276beb4fd8a608f5af168b5dbe5509938b64f14f3f0ad0a90f2cefb5e8992 iso=54e4c70190441f8e98866970530ada8f853c13b8e45eb996fe71b3fd6b693847
native kmain_console bios shell-howl-quiet halt-status=0 accel=tcg serial=5318014ec2caf543973f400b6e4eb5618c7a694186af8c809116af99fdd08edf iso=1dfceb3a5759a7d0a32edf51e73f3caa12d9b1c70a12bb3fa3e09d2bb331f1d0
native kmain_console bios shell-plumb halt-status=0 accel=tcg serial=8807ffe362fc1faaf0c13b3ffde3a1ced0ed8782bb24861037c04f5563929dff iso=54e4c70190441f8e98866970530ada8f853c13b8e45eb996fe71b3fd6b693847
native kmain_console bios procs halt-status=0 accel=tcg serial=b01f143ac31a6de133deb088e922835b2d7f1551c5e69b4a477e9e8384c1dc7f iso=cbf48a29e8fc83a15773265f7f835102694b18e31b8cece929328efef783c9db
native kmain_console bios procs-quiet halt-status=0 accel=tcg serial=1484c0bc6c144d05ae9d260e1f1781c024c2c009751cc257059212e41007c732 iso=a3d2189aa71ce138733e9dd1d179bbeb57d96559830a45d656e243ed0be74147
release kmain_console bios shell-serial halt-status=0 accel=tcg serial=26a50270cb41616d278a5e632b2d12a824d14ca744e1a6098aca0676f27ad90f iso=f6027632a2012fd3b967eb10be382287b9a626610b3a43f10ffe7b6a5dfc90a9
release kmain_console bios shell-ps2 halt-status=0 accel=tcg serial=f623db8923f26d1e8a2255dd191a61d6fba62b01c027a710d35a1260b8cd5d25 iso=f6027632a2012fd3b967eb10be382287b9a626610b3a43f10ffe7b6a5dfc90a9
release kmain_console bios shell-howl halt-status=0 accel=tcg serial=6b1dcd6c19556b7411929333b75adcaf11fcca695258b1e3e9ab956dce251c63 iso=f6027632a2012fd3b967eb10be382287b9a626610b3a43f10ffe7b6a5dfc90a9
release kmain_console bios shell-howl-quiet halt-status=0 accel=tcg serial=fb4f489b9ed2fd9fba06532d9695dafd94189081eef6052d2838e144c136e807 iso=096266cf1b275db8ab6d641a48bd2d926da8a46e51be61a58b0b218f3f1a07ab
release kmain_console bios shell-plumb halt-status=0 accel=tcg serial=75cf639198223616fa0a79e6ada361936790c53375756c2c45bd5722e9d17a49 iso=f6027632a2012fd3b967eb10be382287b9a626610b3a43f10ffe7b6a5dfc90a9
release kmain_console bios procs halt-status=0 accel=tcg serial=8932b4570092600b640da33a4ac98c98a64fa4601eaa330e305bd1e0a3342e6a iso=6c9164d19372030c4aea4b8f64a7d3c2d2caa7f36bd3105a70d6fd70aee0d40c
release kmain_console bios procs-quiet halt-status=0 accel=tcg serial=86187718cc4c06b8298ff17e62c9892f849a02004982b014dcfc29bc71759934 iso=ce5fdca172c8ffc2d10cffb76bb4ae699fed053cc596253cef952b19977cfe5c
native kmain_console uefi shell-serial halt-status=0 accel=tcg serial=0d3f89d056dbeb933f1d929bfebd1e608d45590d8a55cbee658293f576ba062b iso=54e4c70190441f8e98866970530ada8f853c13b8e45eb996fe71b3fd6b693847
native kmain_console uefi shell-ps2 halt-status=0 accel=tcg serial=1332a327cd13083bc16d3edcc8bc09b7886ed8b5ba8e6aab3f7e447414320dab iso=54e4c70190441f8e98866970530ada8f853c13b8e45eb996fe71b3fd6b693847
native kmain_console uefi shell-howl halt-status=0 accel=tcg serial=14c4668a7c0421be7234f64b12da88b345c181147eea529e7f20e3f78e77ba05 iso=54e4c70190441f8e98866970530ada8f853c13b8e45eb996fe71b3fd6b693847
native kmain_console uefi shell-howl-quiet halt-status=0 accel=tcg serial=3ddbbe9d83eac2387f8d65e56b3e613e384daace57cd6f34e8c174fbb0f456b0 iso=1dfceb3a5759a7d0a32edf51e73f3caa12d9b1c70a12bb3fa3e09d2bb331f1d0
native kmain_console uefi shell-plumb halt-status=0 accel=tcg serial=8bf6d08db0c7db1483ca30b20546ec1425bea17e6fb5ea2bf130715ec772913e iso=54e4c70190441f8e98866970530ada8f853c13b8e45eb996fe71b3fd6b693847
native kmain_console uefi procs halt-status=0 accel=tcg serial=a50046ae6031e8c47fd80f7c479a58b4bd67082e0462d0df06facf8b0bf9dad4 iso=cbf48a29e8fc83a15773265f7f835102694b18e31b8cece929328efef783c9db
native kmain_console uefi procs-quiet halt-status=0 accel=tcg serial=69d6d867aafbf7f4fffa3171eb38f82a5b9b1af2b964654d7f30bc1df0d8a43a iso=a3d2189aa71ce138733e9dd1d179bbeb57d96559830a45d656e243ed0be74147
release kmain_console uefi shell-serial halt-status=0 accel=tcg serial=512a22e99fc8255f665aaf8be9fcb18ef41e623ba36b9639620dac0e20c03ea8 iso=f6027632a2012fd3b967eb10be382287b9a626610b3a43f10ffe7b6a5dfc90a9
release kmain_console uefi shell-ps2 halt-status=0 accel=tcg serial=ce555a711ac9a2d817eb9da5fdfb1f7a49636ebf1aba4d3529e1e88a37624bc6 iso=f6027632a2012fd3b967eb10be382287b9a626610b3a43f10ffe7b6a5dfc90a9
release kmain_console uefi shell-howl halt-status=0 accel=tcg serial=f6e94464443814194d22ad37f57417496718ca404b0a83c930f9d6a6c591445f iso=f6027632a2012fd3b967eb10be382287b9a626610b3a43f10ffe7b6a5dfc90a9
release kmain_console uefi shell-howl-quiet halt-status=0 accel=tcg serial=d89639937a62f2b70ebc1d5e3c430b260d5419727c428edd249f542f18fd04f6 iso=096266cf1b275db8ab6d641a48bd2d926da8a46e51be61a58b0b218f3f1a07ab
release kmain_console uefi shell-plumb halt-status=0 accel=tcg serial=9ee5c1cd3c8263d517ed0c1f33f202973f34dbfa24f3b6c9d6fcec8f1537e187 iso=f6027632a2012fd3b967eb10be382287b9a626610b3a43f10ffe7b6a5dfc90a9
release kmain_console uefi procs halt-status=0 accel=tcg serial=54c3802f21d2726275cefc96ddf890f11ce1472a913ac3ce4a974f43448de350 iso=6c9164d19372030c4aea4b8f64a7d3c2d2caa7f36bd3105a70d6fd70aee0d40c
release kmain_console uefi procs-quiet halt-status=0 accel=tcg serial=69d6d867aafbf7f4fffa3171eb38f82a5b9b1af2b964654d7f30bc1df0d8a43a iso=ce5fdca172c8ffc2d10cffb76bb4ae699fed053cc596253cef952b19977cfe5c
mpx3-shell: mpx3-shell: PASS
rc 0
